[0.284s][info][gc] Using G1
[0.285s][info][gc,init] Version: 17.0.14+1-b1367.22 (release)
[0.285s][info][gc,init] CPUs: 16 total, 16 available
[0.285s][info][gc,init] Memory: 128G
[0.285s][info][gc,init] Large Page Support: Disabled
[0.285s][info][gc,init] NUMA Support: Disabled
[0.285s][info][gc,init] Compressed Oops: Enabled (Non-zero disjoint base)
[0.285s][info][gc,init] Heap Region Size: 16M
[0.285s][info][gc,init] Heap Min Capacity: 16M
[0.285s][info][gc,init] Heap Initial Capacity: 2G
[0.285s][info][gc,init] Heap Max Capacity: 30688M
[0.285s][info][gc,init] Pre-touch: Disabled
[0.285s][info][gc,init] Parallel Workers: 13
[0.285s][info][gc,init] Concurrent Workers: 3
[0.285s][info][gc,init] Concurrent Refinement Workers: 13
[0.285s][info][gc,init] Periodic GC: Disabled
[0.287s][info][gc,metaspace] CDS archive(s) mapped at: [0x000000f800000000-0x000000f800c24000-0x000000f800c24000), size 12730368, SharedBaseAddress: 0x000000f800000000, ArchiveRelocationMode: 1.
[0.287s][info][gc,metaspace] Compressed class space mapped at: 0x000000f801000000-0x000000f841000000, reserved size: 1073741824
[0.287s][info][gc,metaspace] Narrow klass base: 0x000000f800000000, Narrow klass shift: 0, Narrow klass range: 0x100000000
[0.755s][info][gc,start    ] GC(0) Pause Young (Concurrent Start) (Metadata GC Threshold)
[0.756s][info][gc,task     ] GC(0) Using 13 workers of 13 for evacuation
[0.757s][info][gc,phases   ] GC(0)   Pre Evacuate Collection Set: 0.1ms
[0.757s][info][gc,phases   ] GC(0)   Merge Heap Roots: 0.1ms
[0.757s][info][gc,phases   ] GC(0)   Evacuate Collection Set: 1.2ms
[0.757s][info][gc,phases   ] GC(0)   Post Evacuate Collection Set: 0.2ms
[0.757s][info][gc,phases   ] GC(0)   Other: 0.4ms
[0.757s][info][gc,heap     ] GC(0) Eden regions: 6->0(5)
[0.757s][info][gc,heap     ] GC(0) Survivor regions: 0->1(1)
[0.757s][info][gc,heap     ] GC(0) Old regions: 0->0
[0.757s][info][gc,heap     ] GC(0) Archive regions: 2->2
[0.757s][info][gc,heap     ] GC(0) Humongous regions: 0->0
[0.757s][info][gc,metaspace] GC(0) Metaspace: 21298K(21504K)->21298K(21504K) NonClass: 18355K(18432K)->18355K(18432K) Class: 2943K(3072K)->2943K(3072K)
[0.757s][info][gc          ] GC(0) Pause Young (Concurrent Start) (Metadata GC Threshold) 105M->26M(2080M) 2.095ms
[0.757s][info][gc,cpu      ] GC(0) User=0.02s Sys=0.01s Real=0.00s
[0.757s][info][gc          ] GC(1) Concurrent Mark Cycle
[0.758s][info][gc,marking  ] GC(1) Concurrent Clear Claimed Marks
[0.758s][info][gc,marking  ] GC(1) Concurrent Clear Claimed Marks 0.009ms
[0.758s][info][gc,marking  ] GC(1) Concurrent Scan Root Regions
[0.759s][info][gc,marking  ] GC(1) Concurrent Scan Root Regions 1.708ms
[0.759s][info][gc,marking  ] GC(1) Concurrent Mark
[0.759s][info][gc,marking  ] GC(1) Concurrent Mark From Roots
[0.759s][info][gc,task     ] GC(1) Using 3 workers of 3 for marking
[0.760s][info][gc,marking  ] GC(1) Concurrent Mark From Roots 0.939ms
[0.760s][info][gc,marking  ] GC(1) Concurrent Preclean
[0.760s][info][gc,marking  ] GC(1) Concurrent Preclean 0.020ms
[0.760s][info][gc,start    ] GC(1) Pause Remark
[0.761s][info][gc          ] GC(1) Pause Remark 27M->27M(224M) 0.692ms
[0.761s][info][gc,cpu      ] GC(1) User=0.01s Sys=0.00s Real=0.00s
[0.761s][info][gc,marking  ] GC(1) Concurrent Mark 1.771ms
[0.761s][info][gc,marking  ] GC(1) Concurrent Rebuild Remembered Sets
[0.761s][info][gc,marking  ] GC(1) Concurrent Rebuild Remembered Sets 0.004ms
[0.761s][info][gc,start    ] GC(1) Pause Cleanup
[0.761s][info][gc          ] GC(1) Pause Cleanup 27M->27M(224M) 0.007ms
[0.761s][info][gc,cpu      ] GC(1) User=0.00s Sys=0.00s Real=0.00s
[0.761s][info][gc,marking  ] GC(1) Concurrent Cleanup for Next Mark
[0.761s][info][gc,marking  ] GC(1) Concurrent Cleanup for Next Mark 0.211ms
[0.761s][info][gc          ] GC(1) Concurrent Mark Cycle 3.816ms
[1.203s][info][gc,start    ] GC(2) Pause Young (Normal) (G1 Evacuation Pause)
[1.203s][info][gc,task     ] GC(2) Using 9 workers of 13 for evacuation
[1.208s][info][gc,phases   ] GC(2)   Pre Evacuate Collection Set: 0.1ms
[1.208s][info][gc,phases   ] GC(2)   Merge Heap Roots: 0.0ms
[1.208s][info][gc,phases   ] GC(2)   Evacuate Collection Set: 4.1ms
[1.208s][info][gc,phases   ] GC(2)   Post Evacuate Collection Set: 0.3ms
[1.208s][info][gc,phases   ] GC(2)   Other: 0.1ms
[1.208s][info][gc,heap     ] GC(2) Eden regions: 5->0(4)
[1.208s][info][gc,heap     ] GC(2) Survivor regions: 1->1(1)
[1.208s][info][gc,heap     ] GC(2) Old regions: 0->1
[1.208s][info][gc,heap     ] GC(2) Archive regions: 2->2
[1.208s][info][gc,heap     ] GC(2) Humongous regions: 0->0
[1.208s][info][gc,metaspace] GC(2) Metaspace: 31797K(32064K)->31797K(32064K) NonClass: 27711K(27840K)->27711K(27840K) Class: 4085K(4224K)->4085K(4224K)
[1.208s][info][gc          ] GC(2) Pause Young (Normal) (G1 Evacuation Pause) 106M->38M(224M) 4.707ms
[1.208s][info][gc,cpu      ] GC(2) User=0.05s Sys=0.01s Real=0.00s
[1.371s][info][gc,start    ] GC(3) Pause Young (Normal) (G1 Evacuation Pause)
[1.371s][info][gc,task     ] GC(3) Using 7 workers of 13 for evacuation
[1.374s][info][gc,phases   ] GC(3)   Pre Evacuate Collection Set: 0.0ms
[1.374s][info][gc,phases   ] GC(3)   Merge Heap Roots: 0.0ms
[1.374s][info][gc,phases   ] GC(3)   Evacuate Collection Set: 2.8ms
[1.374s][info][gc,phases   ] GC(3)   Post Evacuate Collection Set: 0.2ms
[1.374s][info][gc,phases   ] GC(3)   Other: 0.1ms
[1.374s][info][gc,heap     ] GC(3) Eden regions: 4->0(4)
[1.374s][info][gc,heap     ] GC(3) Survivor regions: 1->1(1)
[1.374s][info][gc,heap     ] GC(3) Old regions: 1->2
[1.374s][info][gc,heap     ] GC(3) Archive regions: 2->2
[1.374s][info][gc,heap     ] GC(3) Humongous regions: 0->0
[1.374s][info][gc,metaspace] GC(3) Metaspace: 32207K(32512K)->32207K(32512K) NonClass: 28102K(28288K)->28102K(28288K) Class: 4105K(4224K)->4105K(4224K)
[1.374s][info][gc          ] GC(3) Pause Young (Normal) (G1 Evacuation Pause) 102M->43M(224M) 3.236ms
[1.374s][info][gc,cpu      ] GC(3) User=0.04s Sys=0.00s Real=0.01s
[1.534s][info][gc,start    ] GC(4) Pause Young (Normal) (G1 Evacuation Pause)
[1.534s][info][gc,task     ] GC(4) Using 6 workers of 13 for evacuation
[1.535s][info][gc,phases   ] GC(4)   Pre Evacuate Collection Set: 0.0ms
[1.535s][info][gc,phases   ] GC(4)   Merge Heap Roots: 0.0ms
[1.535s][info][gc,phases   ] GC(4)   Evacuate Collection Set: 1.3ms
[1.535s][info][gc,phases   ] GC(4)   Post Evacuate Collection Set: 0.1ms
[1.535s][info][gc,phases   ] GC(4)   Other: 0.1ms
[1.535s][info][gc,heap     ] GC(4) Eden regions: 4->0(5)
[1.535s][info][gc,heap     ] GC(4) Survivor regions: 1->1(1)
[1.535s][info][gc,heap     ] GC(4) Old regions: 2->2
[1.535s][info][gc,heap     ] GC(4) Archive regions: 2->2
[1.535s][info][gc,heap     ] GC(4) Humongous regions: 0->0
[1.535s][info][gc,metaspace] GC(4) Metaspace: 32338K(32704K)->32338K(32704K) NonClass: 28225K(28416K)->28225K(28416K) Class: 4112K(4288K)->4112K(4288K)
[1.535s][info][gc          ] GC(4) Pause Young (Normal) (G1 Evacuation Pause) 107M->46M(224M) 1.636ms
[1.535s][info][gc,cpu      ] GC(4) User=0.01s Sys=0.00s Real=0.00s
[1.709s][info][gc,start    ] GC(5) Pause Young (Normal) (G1 Evacuation Pause)
[1.709s][info][gc,task     ] GC(5) Using 5 workers of 13 for evacuation
[1.711s][info][gc,phases   ] GC(5)   Pre Evacuate Collection Set: 0.1ms
[1.711s][info][gc,phases   ] GC(5)   Merge Heap Roots: 0.0ms
[1.711s][info][gc,phases   ] GC(5)   Evacuate Collection Set: 2.0ms
[1.711s][info][gc,phases   ] GC(5)   Post Evacuate Collection Set: 0.1ms
[1.711s][info][gc,phases   ] GC(5)   Other: 0.1ms
[1.711s][info][gc,heap     ] GC(5) Eden regions: 5->0(5)
[1.711s][info][gc,heap     ] GC(5) Survivor regions: 1->1(1)
[1.711s][info][gc,heap     ] GC(5) Old regions: 2->2
[1.711s][info][gc,heap     ] GC(5) Archive regions: 2->2
[1.711s][info][gc,heap     ] GC(5) Humongous regions: 0->0
[1.711s][info][gc,metaspace] GC(5) Metaspace: 32394K(32768K)->32394K(32768K) NonClass: 28279K(28480K)->28279K(28480K) Class: 4114K(4288K)->4114K(4288K)
[1.711s][info][gc          ] GC(5) Pause Young (Normal) (G1 Evacuation Pause) 126M->51M(224M) 2.368ms
[1.711s][info][gc,cpu      ] GC(5) User=0.01s Sys=0.01s Real=0.00s
[1.827s][info][gc,start    ] GC(6) Pause Young (Normal) (G1 Evacuation Pause)
[1.827s][info][gc,task     ] GC(6) Using 5 workers of 13 for evacuation
[1.829s][info][gc,phases   ] GC(6)   Pre Evacuate Collection Set: 0.0ms
[1.829s][info][gc,phases   ] GC(6)   Merge Heap Roots: 0.0ms
[1.829s][info][gc,phases   ] GC(6)   Evacuate Collection Set: 1.8ms
[1.829s][info][gc,phases   ] GC(6)   Post Evacuate Collection Set: 0.1ms
[1.829s][info][gc,phases   ] GC(6)   Other: 0.1ms
[1.829s][info][gc,heap     ] GC(6) Eden regions: 5->0(5)
[1.829s][info][gc,heap     ] GC(6) Survivor regions: 1->1(1)
[1.829s][info][gc,heap     ] GC(6) Old regions: 2->2
[1.829s][info][gc,heap     ] GC(6) Archive regions: 2->2
[1.829s][info][gc,heap     ] GC(6) Humongous regions: 0->0
[1.829s][info][gc,metaspace] GC(6) Metaspace: 32467K(32768K)->32467K(32768K) NonClass: 28352K(28480K)->28352K(28480K) Class: 4115K(4288K)->4115K(4288K)
[1.829s][info][gc          ] GC(6) Pause Young (Normal) (G1 Evacuation Pause) 131M->54M(224M) 2.185ms
[1.829s][info][gc,cpu      ] GC(6) User=0.02s Sys=0.00s Real=0.00s
[1.943s][info][gc,start    ] GC(7) Pause Young (Normal) (G1 Evacuation Pause)
[1.943s][info][gc,task     ] GC(7) Using 5 workers of 13 for evacuation
[1.946s][info][gc,phases   ] GC(7)   Pre Evacuate Collection Set: 0.0ms
[1.946s][info][gc,phases   ] GC(7)   Merge Heap Roots: 0.0ms
[1.946s][info][gc,phases   ] GC(7)   Evacuate Collection Set: 2.5ms
[1.946s][info][gc,phases   ] GC(7)   Post Evacuate Collection Set: 0.3ms
[1.946s][info][gc,phases   ] GC(7)   Other: 0.1ms
[1.946s][info][gc,heap     ] GC(7) Eden regions: 5->0(39)
[1.946s][info][gc,heap     ] GC(7) Survivor regions: 1->1(1)
[1.946s][info][gc,heap     ] GC(7) Old regions: 2->3
[1.946s][info][gc,heap     ] GC(7) Archive regions: 2->2
[1.946s][info][gc,heap     ] GC(7) Humongous regions: 0->0
[1.946s][info][gc,metaspace] GC(7) Metaspace: 32503K(32832K)->32503K(32832K) NonClass: 28385K(28544K)->28385K(28544K) Class: 4118K(4288K)->4118K(4288K)
[1.946s][info][gc          ] GC(7) Pause Young (Normal) (G1 Evacuation Pause) 134M->59M(1136M) 3.086ms
[1.946s][info][gc,cpu      ] GC(7) User=0.01s Sys=0.00s Real=0.00s
[2.178s][info][gc,start    ] GC(8) Pause Young (Concurrent Start) (Metadata GC Threshold)
[2.178s][info][gc,task     ] GC(8) Using 13 workers of 13 for evacuation
[2.180s][info][gc,phases   ] GC(8)   Pre Evacuate Collection Set: 0.1ms
[2.180s][info][gc,phases   ] GC(8)   Merge Heap Roots: 0.0ms
[2.180s][info][gc,phases   ] GC(8)   Evacuate Collection Set: 1.6ms
[2.180s][info][gc,phases   ] GC(8)   Post Evacuate Collection Set: 0.2ms
[2.180s][info][gc,phases   ] GC(8)   Other: 0.1ms
[2.180s][info][gc,heap     ] GC(8) Eden regions: 9->0(40)
[2.180s][info][gc,heap     ] GC(8) Survivor regions: 1->2(5)
[2.180s][info][gc,heap     ] GC(8) Old regions: 3->3
[2.180s][info][gc,heap     ] GC(8) Archive regions: 2->2
[2.180s][info][gc,heap     ] GC(8) Humongous regions: 0->0
[2.180s][info][gc,metaspace] GC(8) Metaspace: 35876K(36160K)->35876K(36160K) NonClass: 30913K(31040K)->30913K(31040K) Class: 4962K(5120K)->4962K(5120K)
[2.180s][info][gc          ] GC(8) Pause Young (Concurrent Start) (Metadata GC Threshold) 201M->67M(1136M) 2.036ms
[2.180s][info][gc,cpu      ] GC(8) User=0.02s Sys=0.01s Real=0.00s
[2.180s][info][gc          ] GC(9) Concurrent Mark Cycle
[2.180s][info][gc,marking  ] GC(9) Concurrent Clear Claimed Marks
[2.180s][info][gc,marking  ] GC(9) Concurrent Clear Claimed Marks 0.016ms
[2.180s][info][gc,marking  ] GC(9) Concurrent Scan Root Regions
[2.185s][info][gc,marking  ] GC(9) Concurrent Scan Root Regions 4.475ms
[2.185s][info][gc,marking  ] GC(9) Concurrent Mark
[2.185s][info][gc,marking  ] GC(9) Concurrent Mark From Roots
[2.185s][info][gc,task     ] GC(9) Using 3 workers of 3 for marking
[2.192s][info][gc,marking  ] GC(9) Concurrent Mark From Roots 7.351ms
[2.192s][info][gc,marking  ] GC(9) Concurrent Preclean
[2.192s][info][gc,marking  ] GC(9) Concurrent Preclean 0.034ms
[2.192s][info][gc,start    ] GC(9) Pause Remark
[2.193s][info][gc          ] GC(9) Pause Remark 75M->75M(432M) 0.906ms
[2.193s][info][gc,cpu      ] GC(9) User=0.01s Sys=0.00s Real=0.00s
[2.193s][info][gc,marking  ] GC(9) Concurrent Mark 8.582ms
[2.193s][info][gc,marking  ] GC(9) Concurrent Rebuild Remembered Sets
[2.199s][info][gc,marking  ] GC(9) Concurrent Rebuild Remembered Sets 5.619ms
[2.199s][info][gc,start    ] GC(9) Pause Cleanup
[2.199s][info][gc          ] GC(9) Pause Cleanup 75M->75M(432M) 0.043ms
[2.199s][info][gc,cpu      ] GC(9) User=0.00s Sys=0.00s Real=0.00s
[2.199s][info][gc,marking  ] GC(9) Concurrent Cleanup for Next Mark
[2.199s][info][gc,marking  ] GC(9) Concurrent Cleanup for Next Mark 0.327ms
[2.199s][info][gc          ] GC(9) Concurrent Mark Cycle 19.209ms
[2.616s][info][gc,start    ] GC(10) Pause Young (Prepare Mixed) (G1 Evacuation Pause)
[2.616s][info][gc,task     ] GC(10) Using 13 workers of 13 for evacuation
[2.619s][info][gc,phases   ] GC(10)   Pre Evacuate Collection Set: 0.1ms
[2.619s][info][gc,phases   ] GC(10)   Merge Heap Roots: 0.1ms
[2.619s][info][gc,phases   ] GC(10)   Evacuate Collection Set: 2.9ms
[2.619s][info][gc,phases   ] GC(10)   Post Evacuate Collection Set: 0.3ms
[2.619s][info][gc,phases   ] GC(10)   Other: 0.1ms
[2.619s][info][gc,heap     ] GC(10) Eden regions: 14->0(1)
[2.619s][info][gc,heap     ] GC(10) Survivor regions: 2->2(2)
[2.619s][info][gc,heap     ] GC(10) Old regions: 3->3
[2.619s][info][gc,heap     ] GC(10) Archive regions: 2->2
[2.619s][info][gc,heap     ] GC(10) Humongous regions: 0->0
[2.619s][info][gc,metaspace] GC(10) Metaspace: 39797K(40192K)->39797K(40192K) NonClass: 34274K(34496K)->34274K(34496K) Class: 5522K(5696K)->5522K(5696K)
[2.619s][info][gc          ] GC(10) Pause Young (Prepare Mixed) (G1 Evacuation Pause) 291M->81M(432M) 3.444ms
[2.619s][info][gc,cpu      ] GC(10) User=0.05s Sys=0.01s Real=0.00s
[2.639s][info][gc,start    ] GC(11) Pause Young (Mixed) (G1 Evacuation Pause)
[2.639s][info][gc,task     ] GC(11) Using 13 workers of 13 for evacuation
[2.645s][info][gc,phases   ] GC(11)   Pre Evacuate Collection Set: 0.1ms
[2.646s][info][gc,phases   ] GC(11)   Merge Heap Roots: 0.1ms
[2.646s][info][gc,phases   ] GC(11)   Evacuate Collection Set: 6.5ms
[2.646s][info][gc,phases   ] GC(11)   Post Evacuate Collection Set: 0.2ms
[2.646s][info][gc,phases   ] GC(11)   Other: 0.1ms
[2.646s][info][gc,heap     ] GC(11) Eden regions: 1->0(13)
[2.646s][info][gc,heap     ] GC(11) Survivor regions: 2->1(1)
[2.646s][info][gc,heap     ] GC(11) Old regions: 3->5
[2.646s][info][gc,heap     ] GC(11) Archive regions: 2->2
[2.646s][info][gc,heap     ] GC(11) Humongous regions: 0->0
[2.646s][info][gc,metaspace] GC(11) Metaspace: 39860K(40256K)->39860K(40256K) NonClass: 34332K(34560K)->34332K(34560K) Class: 5527K(5696K)->5527K(5696K)
[2.646s][info][gc          ] GC(11) Pause Young (Mixed) (G1 Evacuation Pause) 97M->86M(432M) 7.017ms
[2.646s][info][gc,cpu      ] GC(11) User=0.05s Sys=0.04s Real=0.01s
[2.771s][info][gc,start    ] GC(12) Pause Young (Concurrent Start) (G1 Evacuation Pause)
[2.771s][info][gc,task     ] GC(12) Using 13 workers of 13 for evacuation
[2.773s][info][gc,phases   ] GC(12)   Pre Evacuate Collection Set: 0.1ms
[2.773s][info][gc,phases   ] GC(12)   Merge Heap Roots: 0.1ms
[2.773s][info][gc,phases   ] GC(12)   Evacuate Collection Set: 1.4ms
[2.773s][info][gc,phases   ] GC(12)   Post Evacuate Collection Set: 0.2ms
[2.773s][info][gc,phases   ] GC(12)   Other: 0.1ms
[2.773s][info][gc,heap     ] GC(12) Eden regions: 13->0(13)
[2.773s][info][gc,heap     ] GC(12) Survivor regions: 1->1(2)
[2.773s][info][gc,heap     ] GC(12) Old regions: 5->5
[2.773s][info][gc,heap     ] GC(12) Archive regions: 2->2
[2.773s][info][gc,heap     ] GC(12) Humongous regions: 0->0
[2.773s][info][gc,metaspace] GC(12) Metaspace: 40179K(40576K)->40179K(40576K) NonClass: 34643K(34816K)->34643K(34816K) Class: 5535K(5760K)->5535K(5760K)
[2.773s][info][gc          ] GC(12) Pause Young (Concurrent Start) (G1 Evacuation Pause) 294M->92M(432M) 1.949ms
[2.773s][info][gc,cpu      ] GC(12) User=0.02s Sys=0.00s Real=0.01s
[2.773s][info][gc          ] GC(13) Concurrent Mark Cycle
[2.773s][info][gc,marking  ] GC(13) Concurrent Clear Claimed Marks
[2.773s][info][gc,marking  ] GC(13) Concurrent Clear Claimed Marks 0.017ms
[2.773s][info][gc,marking  ] GC(13) Concurrent Scan Root Regions
[2.777s][info][gc,marking  ] GC(13) Concurrent Scan Root Regions 4.461ms
[2.777s][info][gc,marking  ] GC(13) Concurrent Mark
[2.777s][info][gc,marking  ] GC(13) Concurrent Mark From Roots
[2.777s][info][gc,task     ] GC(13) Using 3 workers of 3 for marking
[2.815s][info][gc,marking  ] GC(13) Concurrent Mark From Roots 37.597ms
[2.815s][info][gc,marking  ] GC(13) Concurrent Preclean
[2.815s][info][gc,marking  ] GC(13) Concurrent Preclean 0.070ms
[2.818s][info][gc,start    ] GC(13) Pause Remark
[2.822s][info][gc          ] GC(13) Pause Remark 166M->166M(432M) 3.994ms
[2.822s][info][gc,cpu      ] GC(13) User=0.04s Sys=0.00s Real=0.01s
[2.822s][info][gc,marking  ] GC(13) Concurrent Mark 44.571ms
[2.822s][info][gc,marking  ] GC(13) Concurrent Rebuild Remembered Sets
[2.833s][info][gc,marking  ] GC(13) Concurrent Rebuild Remembered Sets 11.183ms
[2.833s][info][gc,start    ] GC(13) Pause Cleanup
[2.833s][info][gc          ] GC(13) Pause Cleanup 185M->185M(432M) 0.090ms
[2.833s][info][gc,cpu      ] GC(13) User=0.00s Sys=0.00s Real=0.00s
[2.834s][info][gc,marking  ] GC(13) Concurrent Cleanup for Next Mark
[2.834s][info][gc,marking  ] GC(13) Concurrent Cleanup for Next Mark 0.403ms
[2.834s][info][gc          ] GC(13) Concurrent Mark Cycle 61.070ms
[2.920s][info][gc,start    ] GC(14) Pause Young (Normal) (G1 Evacuation Pause)
[2.920s][info][gc,task     ] GC(14) Using 13 workers of 13 for evacuation
[2.923s][info][gc,phases   ] GC(14)   Pre Evacuate Collection Set: 0.1ms
[2.923s][info][gc,phases   ] GC(14)   Merge Heap Roots: 0.1ms
[2.923s][info][gc,phases   ] GC(14)   Evacuate Collection Set: 2.3ms
[2.923s][info][gc,phases   ] GC(14)   Post Evacuate Collection Set: 0.2ms
[2.923s][info][gc,phases   ] GC(14)   Other: 0.1ms
[2.923s][info][gc,heap     ] GC(14) Eden regions: 13->0(12)
[2.923s][info][gc,heap     ] GC(14) Survivor regions: 1->2(2)
[2.923s][info][gc,heap     ] GC(14) Old regions: 5->5
[2.923s][info][gc,heap     ] GC(14) Archive regions: 2->2
[2.923s][info][gc,heap     ] GC(14) Humongous regions: 0->0
[2.923s][info][gc,metaspace] GC(14) Metaspace: 40294K(40704K)->40294K(40704K) NonClass: 34754K(34944K)->34754K(34944K) Class: 5539K(5760K)->5539K(5760K)
[2.923s][info][gc          ] GC(14) Pause Young (Normal) (G1 Evacuation Pause) 300M->103M(432M) 2.805ms
[2.923s][info][gc,cpu      ] GC(14) User=0.04s Sys=0.01s Real=0.01s
[3.057s][info][gc,start    ] GC(15) Pause Young (Normal) (G1 Evacuation Pause)
[3.057s][info][gc,task     ] GC(15) Using 13 workers of 13 for evacuation
[3.060s][info][gc,phases   ] GC(15)   Pre Evacuate Collection Set: 0.1ms
[3.060s][info][gc,phases   ] GC(15)   Merge Heap Roots: 0.1ms
[3.060s][info][gc,phases   ] GC(15)   Evacuate Collection Set: 3.0ms
[3.060s][info][gc,phases   ] GC(15)   Post Evacuate Collection Set: 0.2ms
[3.060s][info][gc,phases   ] GC(15)   Other: 0.1ms
[3.060s][info][gc,heap     ] GC(15) Eden regions: 12->0(12)
[3.060s][info][gc,heap     ] GC(15) Survivor regions: 2->2(2)
[3.060s][info][gc,heap     ] GC(15) Old regions: 5->5
[3.060s][info][gc,heap     ] GC(15) Archive regions: 2->2
[3.060s][info][gc,heap     ] GC(15) Humongous regions: 0->0
[3.060s][info][gc,metaspace] GC(15) Metaspace: 40521K(40960K)->40521K(40960K) NonClass: 34970K(35200K)->34970K(35200K) Class: 5550K(5760K)->5550K(5760K)
[3.060s][info][gc          ] GC(15) Pause Young (Normal) (G1 Evacuation Pause) 295M->115M(432M) 3.459ms
[3.060s][info][gc,cpu      ] GC(15) User=0.05s Sys=0.00s Real=0.00s
[3.150s][info][gc,start    ] GC(16) Pause Young (Normal) (G1 Evacuation Pause)
[3.150s][info][gc,task     ] GC(16) Using 13 workers of 13 for evacuation
[3.153s][info][gc,phases   ] GC(16)   Pre Evacuate Collection Set: 0.0ms
[3.153s][info][gc,phases   ] GC(16)   Merge Heap Roots: 0.0ms
[3.153s][info][gc,phases   ] GC(16)   Evacuate Collection Set: 3.0ms
[3.153s][info][gc,phases   ] GC(16)   Post Evacuate Collection Set: 0.4ms
[3.153s][info][gc,phases   ] GC(16)   Other: 0.1ms
[3.153s][info][gc,heap     ] GC(16) Eden regions: 12->0(44)
[3.153s][info][gc,heap     ] GC(16) Survivor regions: 2->2(2)
[3.153s][info][gc,heap     ] GC(16) Old regions: 5->6
[3.153s][info][gc,heap     ] GC(16) Archive regions: 2->2
[3.153s][info][gc,heap     ] GC(16) Humongous regions: 0->0
[3.153s][info][gc,metaspace] GC(16) Metaspace: 40614K(41024K)->40614K(41024K) NonClass: 35063K(35264K)->35063K(35264K) Class: 5551K(5760K)->5551K(5760K)
[3.153s][info][gc          ] GC(16) Pause Young (Normal) (G1 Evacuation Pause) 307M->129M(1248M) 3.714ms
[3.153s][info][gc,cpu      ] GC(16) User=0.04s Sys=0.00s Real=0.01s
[3.471s][info][gc,start    ] GC(17) Pause Young (Normal) (G1 Evacuation Pause)
[3.471s][info][gc,task     ] GC(17) Using 13 workers of 13 for evacuation
[3.477s][info][gc,phases   ] GC(17)   Pre Evacuate Collection Set: 0.1ms
[3.478s][info][gc,phases   ] GC(17)   Merge Heap Roots: 0.1ms
[3.478s][info][gc,phases   ] GC(17)   Evacuate Collection Set: 6.2ms
[3.478s][info][gc,phases   ] GC(17)   Post Evacuate Collection Set: 0.2ms
[3.478s][info][gc,phases   ] GC(17)   Other: 0.1ms
[3.478s][info][gc,heap     ] GC(17) Eden regions: 44->0(41)
[3.478s][info][gc,heap     ] GC(17) Survivor regions: 2->5(6)
[3.478s][info][gc,heap     ] GC(17) Old regions: 6->6
[3.478s][info][gc,heap     ] GC(17) Archive regions: 2->2
[3.478s][info][gc,heap     ] GC(17) Humongous regions: 0->0
[3.478s][info][gc,metaspace] GC(17) Metaspace: 40778K(41152K)->40778K(41152K) NonClass: 35223K(35392K)->35223K(35392K) Class: 5555K(5760K)->5555K(5760K)
[3.478s][info][gc          ] GC(17) Pause Young (Normal) (G1 Evacuation Pause) 833M->173M(1248M) 6.675ms
[3.478s][info][gc,cpu      ] GC(17) User=0.06s Sys=0.01s Real=0.01s
[3.770s][info][gc,start    ] GC(18) Pause Young (Normal) (G1 Evacuation Pause)
[3.770s][info][gc,task     ] GC(18) Using 13 workers of 13 for evacuation
[3.779s][info][gc,phases   ] GC(18)   Pre Evacuate Collection Set: 0.1ms
[3.779s][info][gc,phases   ] GC(18)   Merge Heap Roots: 0.1ms
[3.779s][info][gc,phases   ] GC(18)   Evacuate Collection Set: 9.1ms
[3.779s][info][gc,phases   ] GC(18)   Post Evacuate Collection Set: 0.2ms
[3.779s][info][gc,phases   ] GC(18)   Other: 0.1ms
[3.779s][info][gc,heap     ] GC(18) Eden regions: 41->0(40)
[3.779s][info][gc,heap     ] GC(18) Survivor regions: 5->6(6)
[3.779s][info][gc,heap     ] GC(18) Old regions: 6->7
[3.779s][info][gc,heap     ] GC(18) Archive regions: 2->2
[3.779s][info][gc,heap     ] GC(18) Humongous regions: 0->0
[3.779s][info][gc,metaspace] GC(18) Metaspace: 40842K(41216K)->40842K(41216K) NonClass: 35286K(35456K)->35286K(35456K) Class: 5555K(5760K)->5555K(5760K)
[3.779s][info][gc          ] GC(18) Pause Young (Normal) (G1 Evacuation Pause) 829M->216M(1248M) 9.650ms
[3.779s][info][gc,cpu      ] GC(18) User=0.12s Sys=0.02s Real=0.01s
[4.203s][info][gc,heap,exit] Heap
[4.203s][info][gc,heap,exit]  garbage-first heap   total 1277952K, used 655956K [0x0000007001000000, 0x000000777f000000)
[4.203s][info][gc,heap,exit]   region size 16384K, 33 young (540672K), 6 survivors (98304K)
[4.203s][info][gc,heap,exit]  Metaspace       used 41255K, committed 41600K, reserved 1114112K
[4.203s][info][gc,heap,exit]   class space    used 5602K, committed 5760K, reserved 1048576K
