[0.285s][info][gc] Using G1
[0.286s][info][gc,init] Version: 17.0.14+1-b1367.22 (release)
[0.286s][info][gc,init] CPUs: 16 total, 16 available
[0.286s][info][gc,init] Memory: 128G
[0.286s][info][gc,init] Large Page Support: Disabled
[0.286s][info][gc,init] NUMA Support: Disabled
[0.286s][info][gc,init] Compressed Oops: Enabled (Non-zero disjoint base)
[0.286s][info][gc,init] Heap Region Size: 16M
[0.286s][info][gc,init] Heap Min Capacity: 16M
[0.286s][info][gc,init] Heap Initial Capacity: 2G
[0.286s][info][gc,init] Heap Max Capacity: 30688M
[0.286s][info][gc,init] Pre-touch: Disabled
[0.286s][info][gc,init] Parallel Workers: 13
[0.286s][info][gc,init] Concurrent Workers: 3
[0.286s][info][gc,init] Concurrent Refinement Workers: 13
[0.286s][info][gc,init] Periodic GC: Disabled
[0.289s][info][gc,metaspace] CDS archive(s) mapped at: [0x000000c000000000-0x000000c000c24000-0x000000c000c24000), size 12730368, SharedBaseAddress: 0x000000c000000000, ArchiveRelocationMode: 1.
[0.289s][info][gc,metaspace] Compressed class space mapped at: 0x000000c001000000-0x000000c041000000, reserved size: 1073741824
[0.289s][info][gc,metaspace] Narrow klass base: 0x000000c000000000, Narrow klass shift: 0, Narrow klass range: 0x100000000
[0.750s][info][gc,start    ] GC(0) Pause Young (Concurrent Start) (Metadata GC Threshold)
[0.750s][info][gc,task     ] GC(0) Using 13 workers of 13 for evacuation
[0.752s][info][gc,phases   ] GC(0)   Pre Evacuate Collection Set: 0.0ms
[0.752s][info][gc,phases   ] GC(0)   Merge Heap Roots: 0.1ms
[0.752s][info][gc,phases   ] GC(0)   Evacuate Collection Set: 1.2ms
[0.752s][info][gc,phases   ] GC(0)   Post Evacuate Collection Set: 0.2ms
[0.752s][info][gc,phases   ] GC(0)   Other: 0.4ms
[0.752s][info][gc,heap     ] GC(0) Eden regions: 6->0(5)
[0.752s][info][gc,heap     ] GC(0) Survivor regions: 0->1(1)
[0.752s][info][gc,heap     ] GC(0) Old regions: 0->0
[0.752s][info][gc,heap     ] GC(0) Archive regions: 2->2
[0.752s][info][gc,heap     ] GC(0) Humongous regions: 0->0
[0.752s][info][gc,metaspace] GC(0) Metaspace: 21298K(21504K)->21298K(21504K) NonClass: 18351K(18432K)->18351K(18432K) Class: 2946K(3072K)->2946K(3072K)
[0.752s][info][gc          ] GC(0) Pause Young (Concurrent Start) (Metadata GC Threshold) 105M->26M(2080M) 2.080ms
[0.752s][info][gc,cpu      ] GC(0) User=0.02s Sys=0.00s Real=0.00s
[0.752s][info][gc          ] GC(1) Concurrent Mark Cycle
[0.752s][info][gc,marking  ] GC(1) Concurrent Clear Claimed Marks
[0.752s][info][gc,marking  ] GC(1) Concurrent Clear Claimed Marks 0.007ms
[0.752s][info][gc,marking  ] GC(1) Concurrent Scan Root Regions
[0.754s][info][gc,marking  ] GC(1) Concurrent Scan Root Regions 1.659ms
[0.754s][info][gc,marking  ] GC(1) Concurrent Mark
[0.754s][info][gc,marking  ] GC(1) Concurrent Mark From Roots
[0.754s][info][gc,task     ] GC(1) Using 3 workers of 3 for marking
[0.755s][info][gc,marking  ] GC(1) Concurrent Mark From Roots 0.708ms
[0.755s][info][gc,marking  ] GC(1) Concurrent Preclean
[0.755s][info][gc,marking  ] GC(1) Concurrent Preclean 0.016ms
[0.755s][info][gc,start    ] GC(1) Pause Remark
[0.755s][info][gc          ] GC(1) Pause Remark 27M->27M(224M) 0.605ms
[0.755s][info][gc,cpu      ] GC(1) User=0.00s Sys=0.00s Real=0.00s
[0.755s][info][gc,marking  ] GC(1) Concurrent Mark 1.394ms
[0.755s][info][gc,marking  ] GC(1) Concurrent Rebuild Remembered Sets
[0.755s][info][gc,marking  ] GC(1) Concurrent Rebuild Remembered Sets 0.004ms
[0.755s][info][gc,start    ] GC(1) Pause Cleanup
[0.755s][info][gc          ] GC(1) Pause Cleanup 27M->27M(224M) 0.013ms
[0.755s][info][gc,cpu      ] GC(1) User=0.00s Sys=0.00s Real=0.00s
[0.755s][info][gc,marking  ] GC(1) Concurrent Cleanup for Next Mark
[0.756s][info][gc,marking  ] GC(1) Concurrent Cleanup for Next Mark 0.260ms
[0.756s][info][gc          ] GC(1) Concurrent Mark Cycle 3.487ms
[1.185s][info][gc,start    ] GC(2) Pause Young (Normal) (G1 Evacuation Pause)
[1.185s][info][gc,task     ] GC(2) Using 9 workers of 13 for evacuation
[1.190s][info][gc,phases   ] GC(2)   Pre Evacuate Collection Set: 0.1ms
[1.190s][info][gc,phases   ] GC(2)   Merge Heap Roots: 0.0ms
[1.190s][info][gc,phases   ] GC(2)   Evacuate Collection Set: 4.3ms
[1.190s][info][gc,phases   ] GC(2)   Post Evacuate Collection Set: 0.3ms
[1.190s][info][gc,phases   ] GC(2)   Other: 0.1ms
[1.190s][info][gc,heap     ] GC(2) Eden regions: 5->0(4)
[1.190s][info][gc,heap     ] GC(2) Survivor regions: 1->1(1)
[1.190s][info][gc,heap     ] GC(2) Old regions: 0->1
[1.190s][info][gc,heap     ] GC(2) Archive regions: 2->2
[1.190s][info][gc,heap     ] GC(2) Humongous regions: 0->0
[1.190s][info][gc,metaspace] GC(2) Metaspace: 31727K(32000K)->31727K(32000K) NonClass: 27644K(27776K)->27644K(27776K) Class: 4082K(4224K)->4082K(4224K)
[1.190s][info][gc          ] GC(2) Pause Young (Normal) (G1 Evacuation Pause) 106M->38M(224M) 4.911ms
[1.190s][info][gc,cpu      ] GC(2) User=0.06s Sys=0.01s Real=0.01s
[1.349s][info][gc,start    ] GC(3) Pause Young (Normal) (G1 Evacuation Pause)
[1.349s][info][gc,task     ] GC(3) Using 7 workers of 13 for evacuation
[1.353s][info][gc,phases   ] GC(3)   Pre Evacuate Collection Set: 0.0ms
[1.353s][info][gc,phases   ] GC(3)   Merge Heap Roots: 0.1ms
[1.353s][info][gc,phases   ] GC(3)   Evacuate Collection Set: 2.9ms
[1.353s][info][gc,phases   ] GC(3)   Post Evacuate Collection Set: 0.2ms
[1.353s][info][gc,phases   ] GC(3)   Other: 0.1ms
[1.353s][info][gc,heap     ] GC(3) Eden regions: 4->0(4)
[1.353s][info][gc,heap     ] GC(3) Survivor regions: 1->1(1)
[1.353s][info][gc,heap     ] GC(3) Old regions: 1->2
[1.353s][info][gc,heap     ] GC(3) Archive regions: 2->2
[1.353s][info][gc,heap     ] GC(3) Humongous regions: 0->0
[1.353s][info][gc,metaspace] GC(3) Metaspace: 32133K(32448K)->32133K(32448K) NonClass: 28028K(28224K)->28028K(28224K) Class: 4105K(4224K)->4105K(4224K)
[1.353s][info][gc          ] GC(3) Pause Young (Normal) (G1 Evacuation Pause) 102M->43M(224M) 3.433ms
[1.353s][info][gc,cpu      ] GC(3) User=0.03s Sys=0.00s Real=0.00s
[1.490s][info][gc,start    ] GC(4) Pause Young (Normal) (G1 Evacuation Pause)
[1.490s][info][gc,task     ] GC(4) Using 6 workers of 13 for evacuation
[1.491s][info][gc,phases   ] GC(4)   Pre Evacuate Collection Set: 0.0ms
[1.491s][info][gc,phases   ] GC(4)   Merge Heap Roots: 0.0ms
[1.491s][info][gc,phases   ] GC(4)   Evacuate Collection Set: 1.2ms
[1.491s][info][gc,phases   ] GC(4)   Post Evacuate Collection Set: 0.2ms
[1.491s][info][gc,phases   ] GC(4)   Other: 0.1ms
[1.491s][info][gc,heap     ] GC(4) Eden regions: 4->0(5)
[1.491s][info][gc,heap     ] GC(4) Survivor regions: 1->1(1)
[1.491s][info][gc,heap     ] GC(4) Old regions: 2->2
[1.491s][info][gc,heap     ] GC(4) Archive regions: 2->2
[1.491s][info][gc,heap     ] GC(4) Humongous regions: 0->0
[1.491s][info][gc,metaspace] GC(4) Metaspace: 32294K(32640K)->32294K(32640K) NonClass: 28183K(28352K)->28183K(28352K) Class: 4111K(4288K)->4111K(4288K)
[1.491s][info][gc          ] GC(4) Pause Young (Normal) (G1 Evacuation Pause) 107M->46M(224M) 1.600ms
[1.491s][info][gc,cpu      ] GC(4) User=0.01s Sys=0.00s Real=0.00s
[1.664s][info][gc,start    ] GC(5) Pause Young (Normal) (G1 Evacuation Pause)
[1.664s][info][gc,task     ] GC(5) Using 5 workers of 13 for evacuation
[1.667s][info][gc,phases   ] GC(5)   Pre Evacuate Collection Set: 0.0ms
[1.667s][info][gc,phases   ] GC(5)   Merge Heap Roots: 0.0ms
[1.667s][info][gc,phases   ] GC(5)   Evacuate Collection Set: 2.1ms
[1.667s][info][gc,phases   ] GC(5)   Post Evacuate Collection Set: 0.1ms
[1.667s][info][gc,phases   ] GC(5)   Other: 0.1ms
[1.667s][info][gc,heap     ] GC(5) Eden regions: 5->0(5)
[1.667s][info][gc,heap     ] GC(5) Survivor regions: 1->1(1)
[1.667s][info][gc,heap     ] GC(5) Old regions: 2->2
[1.667s][info][gc,heap     ] GC(5) Archive regions: 2->2
[1.667s][info][gc,heap     ] GC(5) Humongous regions: 0->0
[1.667s][info][gc,metaspace] GC(5) Metaspace: 32365K(32704K)->32365K(32704K) NonClass: 28251K(28416K)->28251K(28416K) Class: 4114K(4288K)->4114K(4288K)
[1.667s][info][gc          ] GC(5) Pause Young (Normal) (G1 Evacuation Pause) 126M->51M(224M) 2.477ms
[1.667s][info][gc,cpu      ] GC(5) User=0.02s Sys=0.00s Real=0.01s
[1.808s][info][gc,start    ] GC(6) Pause Young (Normal) (G1 Evacuation Pause)
[1.808s][info][gc,task     ] GC(6) Using 5 workers of 13 for evacuation
[1.810s][info][gc,phases   ] GC(6)   Pre Evacuate Collection Set: 0.0ms
[1.810s][info][gc,phases   ] GC(6)   Merge Heap Roots: 0.0ms
[1.810s][info][gc,phases   ] GC(6)   Evacuate Collection Set: 1.9ms
[1.810s][info][gc,phases   ] GC(6)   Post Evacuate Collection Set: 0.3ms
[1.810s][info][gc,phases   ] GC(6)   Other: 0.1ms
[1.810s][info][gc,heap     ] GC(6) Eden regions: 5->0(27)
[1.810s][info][gc,heap     ] GC(6) Survivor regions: 1->1(1)
[1.810s][info][gc,heap     ] GC(6) Old regions: 2->2
[1.810s][info][gc,heap     ] GC(6) Archive regions: 2->2
[1.810s][info][gc,heap     ] GC(6) Humongous regions: 0->0
[1.810s][info][gc,metaspace] GC(6) Metaspace: 32438K(32768K)->32438K(32768K) NonClass: 28323K(28480K)->28323K(28480K) Class: 4115K(4288K)->4115K(4288K)
[1.810s][info][gc          ] GC(6) Pause Young (Normal) (G1 Evacuation Pause) 131M->55M(1136M) 2.487ms
[1.810s][info][gc,cpu      ] GC(6) User=0.01s Sys=0.01s Real=0.00s
[2.188s][info][gc,start    ] GC(7) Pause Young (Concurrent Start) (Metadata GC Threshold)
[2.188s][info][gc,task     ] GC(7) Using 13 workers of 13 for evacuation
[2.190s][info][gc,phases   ] GC(7)   Pre Evacuate Collection Set: 0.1ms
[2.190s][info][gc,phases   ] GC(7)   Merge Heap Roots: 0.0ms
[2.190s][info][gc,phases   ] GC(7)   Evacuate Collection Set: 2.0ms
[2.190s][info][gc,phases   ] GC(7)   Post Evacuate Collection Set: 0.2ms
[2.190s][info][gc,phases   ] GC(7)   Other: 0.1ms
[2.190s][info][gc,heap     ] GC(7) Eden regions: 14->0(40)
[2.190s][info][gc,heap     ] GC(7) Survivor regions: 1->2(4)
[2.190s][info][gc,heap     ] GC(7) Old regions: 2->2
[2.191s][info][gc,heap     ] GC(7) Archive regions: 2->2
[2.191s][info][gc,heap     ] GC(7) Humongous regions: 0->0
[2.191s][info][gc,metaspace] GC(7) Metaspace: 35880K(36160K)->35880K(36160K) NonClass: 30912K(31040K)->30912K(31040K) Class: 4968K(5120K)->4968K(5120K)
[2.191s][info][gc          ] GC(7) Pause Young (Concurrent Start) (Metadata GC Threshold) 279M->67M(1136M) 2.483ms
[2.191s][info][gc,cpu      ] GC(7) User=0.02s Sys=0.01s Real=0.00s
[2.191s][info][gc          ] GC(8) Concurrent Mark Cycle
[2.191s][info][gc,marking  ] GC(8) Concurrent Clear Claimed Marks
[2.191s][info][gc,marking  ] GC(8) Concurrent Clear Claimed Marks 0.011ms
[2.191s][info][gc,marking  ] GC(8) Concurrent Scan Root Regions
[2.195s][info][gc,marking  ] GC(8) Concurrent Scan Root Regions 4.401ms
[2.195s][info][gc,marking  ] GC(8) Concurrent Mark
[2.195s][info][gc,marking  ] GC(8) Concurrent Mark From Roots
[2.195s][info][gc,task     ] GC(8) Using 3 workers of 3 for marking
[2.201s][info][gc,marking  ] GC(8) Concurrent Mark From Roots 6.486ms
[2.202s][info][gc,marking  ] GC(8) Concurrent Preclean
[2.202s][info][gc,marking  ] GC(8) Concurrent Preclean 0.060ms
[2.202s][info][gc,start    ] GC(8) Pause Remark
[2.203s][info][gc          ] GC(8) Pause Remark 75M->75M(384M) 0.981ms
[2.203s][info][gc,cpu      ] GC(8) User=0.00s Sys=0.00s Real=0.00s
[2.203s][info][gc,marking  ] GC(8) Concurrent Mark 7.789ms
[2.203s][info][gc,marking  ] GC(8) Concurrent Rebuild Remembered Sets
[2.208s][info][gc,marking  ] GC(8) Concurrent Rebuild Remembered Sets 4.743ms
[2.208s][info][gc,start    ] GC(8) Pause Cleanup
[2.208s][info][gc          ] GC(8) Pause Cleanup 75M->75M(384M) 0.043ms
[2.208s][info][gc,cpu      ] GC(8) User=0.00s Sys=0.00s Real=0.00s
[2.208s][info][gc,marking  ] GC(8) Concurrent Cleanup for Next Mark
[2.208s][info][gc,marking  ] GC(8) Concurrent Cleanup for Next Mark 0.293ms
[2.208s][info][gc          ] GC(8) Concurrent Mark Cycle 17.437ms
[2.713s][info][gc,start    ] GC(9) Pause Young (Prepare Mixed) (G1 Evacuation Pause)
[2.713s][info][gc,task     ] GC(9) Using 13 workers of 13 for evacuation
[2.717s][info][gc,phases   ] GC(9)   Pre Evacuate Collection Set: 0.1ms
[2.717s][info][gc,phases   ] GC(9)   Merge Heap Roots: 0.0ms
[2.717s][info][gc,phases   ] GC(9)   Evacuate Collection Set: 3.6ms
[2.717s][info][gc,phases   ] GC(9)   Post Evacuate Collection Set: 0.2ms
[2.717s][info][gc,phases   ] GC(9)   Other: 0.1ms
[2.717s][info][gc,heap     ] GC(9) Eden regions: 12->0(1)
[2.717s][info][gc,heap     ] GC(9) Survivor regions: 2->2(2)
[2.717s][info][gc,heap     ] GC(9) Old regions: 2->3
[2.717s][info][gc,heap     ] GC(9) Archive regions: 2->2
[2.717s][info][gc,heap     ] GC(9) Humongous regions: 0->0
[2.717s][info][gc,metaspace] GC(9) Metaspace: 39502K(39872K)->39502K(39872K) NonClass: 33981K(34176K)->33981K(34176K) Class: 5520K(5696K)->5520K(5696K)
[2.717s][info][gc          ] GC(9) Pause Young (Prepare Mixed) (G1 Evacuation Pause) 259M->85M(384M) 4.140ms
[2.717s][info][gc,cpu      ] GC(9) User=0.06s Sys=0.00s Real=0.01s
[2.765s][info][gc,start    ] GC(10) Pause Young (Mixed) (G1 Evacuation Pause)
[2.765s][info][gc,task     ] GC(10) Using 13 workers of 13 for evacuation
[2.770s][info][gc,phases   ] GC(10)   Pre Evacuate Collection Set: 0.1ms
[2.770s][info][gc,phases   ] GC(10)   Merge Heap Roots: 0.1ms
[2.770s][info][gc,phases   ] GC(10)   Evacuate Collection Set: 3.8ms
[2.770s][info][gc,phases   ] GC(10)   Post Evacuate Collection Set: 0.2ms
[2.770s][info][gc,phases   ] GC(10)   Other: 0.1ms
[2.770s][info][gc,heap     ] GC(10) Eden regions: 1->0(10)
[2.770s][info][gc,heap     ] GC(10) Survivor regions: 2->1(1)
[2.770s][info][gc,heap     ] GC(10) Old regions: 3->5
[2.770s][info][gc,heap     ] GC(10) Archive regions: 2->2
[2.770s][info][gc,heap     ] GC(10) Humongous regions: 0->0
[2.770s][info][gc,metaspace] GC(10) Metaspace: 39576K(39936K)->39576K(39936K) NonClass: 34053K(34240K)->34053K(34240K) Class: 5523K(5696K)->5523K(5696K)
[2.770s][info][gc          ] GC(10) Pause Young (Mixed) (G1 Evacuation Pause) 101M->87M(384M) 4.325ms
[2.770s][info][gc,cpu      ] GC(10) User=0.04s Sys=0.01s Real=0.01s
[3.012s][info][gc,start    ] GC(11) Pause Young (Concurrent Start) (G1 Evacuation Pause)
[3.012s][info][gc,task     ] GC(11) Using 13 workers of 13 for evacuation
[3.014s][info][gc,phases   ] GC(11)   Pre Evacuate Collection Set: 0.1ms
[3.014s][info][gc,phases   ] GC(11)   Merge Heap Roots: 0.1ms
[3.014s][info][gc,phases   ] GC(11)   Evacuate Collection Set: 1.9ms
[3.014s][info][gc,phases   ] GC(11)   Post Evacuate Collection Set: 0.2ms
[3.014s][info][gc,phases   ] GC(11)   Other: 0.1ms
[3.014s][info][gc,heap     ] GC(11) Eden regions: 10->0(10)
[3.014s][info][gc,heap     ] GC(11) Survivor regions: 1->1(2)
[3.014s][info][gc,heap     ] GC(11) Old regions: 5->5
[3.014s][info][gc,heap     ] GC(11) Archive regions: 2->2
[3.014s][info][gc,heap     ] GC(11) Humongous regions: 0->0
[3.014s][info][gc,metaspace] GC(11) Metaspace: 39870K(40256K)->39870K(40256K) NonClass: 34337K(34560K)->34337K(34560K) Class: 5532K(5696K)->5532K(5696K)
[3.014s][info][gc          ] GC(11) Pause Young (Concurrent Start) (G1 Evacuation Pause) 247M->98M(384M) 2.431ms
[3.014s][info][gc,cpu      ] GC(11) User=0.03s Sys=0.00s Real=0.00s
[3.014s][info][gc          ] GC(12) Concurrent Mark Cycle
[3.015s][info][gc,marking  ] GC(12) Concurrent Clear Claimed Marks
[3.015s][info][gc,marking  ] GC(12) Concurrent Clear Claimed Marks 0.016ms
[3.015s][info][gc,marking  ] GC(12) Concurrent Scan Root Regions
[3.026s][info][gc,marking  ] GC(12) Concurrent Scan Root Regions 11.780ms
[3.026s][info][gc,marking  ] GC(12) Concurrent Mark
[3.026s][info][gc,marking  ] GC(12) Concurrent Mark From Roots
[3.026s][info][gc,task     ] GC(12) Using 3 workers of 3 for marking
[3.044s][info][gc,marking  ] GC(12) Concurrent Mark From Roots 17.364ms
[3.044s][info][gc,marking  ] GC(12) Concurrent Preclean
[3.044s][info][gc,marking  ] GC(12) Concurrent Preclean 0.559ms
[3.044s][info][gc,start    ] GC(12) Pause Remark
[3.049s][info][gc          ] GC(12) Pause Remark 135M->135M(384M) 4.503ms
[3.049s][info][gc,cpu      ] GC(12) User=0.06s Sys=0.01s Real=0.01s
[3.049s][info][gc,marking  ] GC(12) Concurrent Mark 22.723ms
[3.049s][info][gc,marking  ] GC(12) Concurrent Rebuild Remembered Sets
[3.062s][info][gc,marking  ] GC(12) Concurrent Rebuild Remembered Sets 13.178ms
[3.062s][info][gc,start    ] GC(12) Pause Cleanup
[3.062s][info][gc          ] GC(12) Pause Cleanup 157M->157M(384M) 0.093ms
[3.062s][info][gc,cpu      ] GC(12) User=0.00s Sys=0.00s Real=0.00s
[3.063s][info][gc,marking  ] GC(12) Concurrent Cleanup for Next Mark
[3.063s][info][gc,marking  ] GC(12) Concurrent Cleanup for Next Mark 0.385ms
[3.063s][info][gc          ] GC(12) Concurrent Mark Cycle 48.467ms
[3.106s][info][gc,start    ] GC(13) Pause Young (Normal) (G1 Evacuation Pause)
[3.106s][info][gc,task     ] GC(13) Using 13 workers of 13 for evacuation
[3.109s][info][gc,phases   ] GC(13)   Pre Evacuate Collection Set: 0.1ms
[3.109s][info][gc,phases   ] GC(13)   Merge Heap Roots: 0.1ms
[3.109s][info][gc,phases   ] GC(13)   Evacuate Collection Set: 2.6ms
[3.109s][info][gc,phases   ] GC(13)   Post Evacuate Collection Set: 0.2ms
[3.109s][info][gc,phases   ] GC(13)   Other: 0.1ms
[3.109s][info][gc,heap     ] GC(13) Eden regions: 10->0(9)
[3.109s][info][gc,heap     ] GC(13) Survivor regions: 1->2(2)
[3.109s][info][gc,heap     ] GC(13) Old regions: 5->5
[3.109s][info][gc,heap     ] GC(13) Archive regions: 2->2
[3.109s][info][gc,heap     ] GC(13) Humongous regions: 0->0
[3.109s][info][gc,metaspace] GC(13) Metaspace: 39942K(40320K)->39942K(40320K) NonClass: 34410K(34624K)->34410K(34624K) Class: 5532K(5696K)->5532K(5696K)
[3.109s][info][gc          ] GC(13) Pause Young (Normal) (G1 Evacuation Pause) 258M->112M(384M) 3.077ms
[3.109s][info][gc,cpu      ] GC(13) User=0.03s Sys=0.00s Real=0.01s
[3.177s][info][gc,start    ] GC(14) Pause Young (Normal) (G1 Evacuation Pause)
[3.177s][info][gc,task     ] GC(14) Using 13 workers of 13 for evacuation
[3.181s][info][gc,phases   ] GC(14)   Pre Evacuate Collection Set: 0.1ms
[3.181s][info][gc,phases   ] GC(14)   Merge Heap Roots: 0.1ms
[3.181s][info][gc,phases   ] GC(14)   Evacuate Collection Set: 3.6ms
[3.181s][info][gc,phases   ] GC(14)   Post Evacuate Collection Set: 0.2ms
[3.181s][info][gc,phases   ] GC(14)   Other: 0.1ms
[3.181s][info][gc,heap     ] GC(14) Eden regions: 9->0(8)
[3.181s][info][gc,heap     ] GC(14) Survivor regions: 2->2(2)
[3.181s][info][gc,heap     ] GC(14) Old regions: 5->6
[3.181s][info][gc,heap     ] GC(14) Archive regions: 2->2
[3.181s][info][gc,heap     ] GC(14) Humongous regions: 0->0
[3.181s][info][gc,metaspace] GC(14) Metaspace: 40021K(40384K)->40021K(40384K) NonClass: 34485K(34688K)->34485K(34688K) Class: 5536K(5696K)->5536K(5696K)
[3.181s][info][gc          ] GC(14) Pause Young (Normal) (G1 Evacuation Pause) 256M->127M(384M) 4.053ms
[3.181s][info][gc,cpu      ] GC(14) User=0.04s Sys=0.01s Real=0.00s
[3.238s][info][gc,start    ] GC(15) Pause Young (Normal) (G1 Evacuation Pause)
[3.238s][info][gc,task     ] GC(15) Using 13 workers of 13 for evacuation
[3.242s][info][gc,phases   ] GC(15)   Pre Evacuate Collection Set: 0.1ms
[3.242s][info][gc,phases   ] GC(15)   Merge Heap Roots: 0.0ms
[3.242s][info][gc,phases   ] GC(15)   Evacuate Collection Set: 3.2ms
[3.242s][info][gc,phases   ] GC(15)   Post Evacuate Collection Set: 0.4ms
[3.242s][info][gc,phases   ] GC(15)   Other: 0.1ms
[3.242s][info][gc,heap     ] GC(15) Eden regions: 8->0(43)
[3.242s][info][gc,heap     ] GC(15) Survivor regions: 2->2(2)
[3.242s][info][gc,heap     ] GC(15) Old regions: 6->7
[3.242s][info][gc,heap     ] GC(15) Archive regions: 2->2
[3.242s][info][gc,heap     ] GC(15) Humongous regions: 0->0
[3.242s][info][gc,metaspace] GC(15) Metaspace: 40065K(40384K)->40065K(40384K) NonClass: 34526K(34688K)->34526K(34688K) Class: 5538K(5696K)->5538K(5696K)
[3.242s][info][gc          ] GC(15) Pause Young (Normal) (G1 Evacuation Pause) 255M->140M(1216M) 3.910ms
[3.242s][info][gc,cpu      ] GC(15) User=0.05s Sys=0.00s Real=0.00s
[3.545s][info][gc,start    ] GC(16) Pause Young (Normal) (G1 Evacuation Pause)
[3.545s][info][gc,task     ] GC(16) Using 13 workers of 13 for evacuation
[3.554s][info][gc,phases   ] GC(16)   Pre Evacuate Collection Set: 0.1ms
[3.555s][info][gc,phases   ] GC(16)   Merge Heap Roots: 0.1ms
[3.555s][info][gc,phases   ] GC(16)   Evacuate Collection Set: 9.2ms
[3.555s][info][gc,phases   ] GC(16)   Post Evacuate Collection Set: 0.3ms
[3.555s][info][gc,phases   ] GC(16)   Other: 0.1ms
[3.555s][info][gc,heap     ] GC(16) Eden regions: 43->0(39)
[3.555s][info][gc,heap     ] GC(16) Survivor regions: 2->6(6)
[3.555s][info][gc,heap     ] GC(16) Old regions: 7->7
[3.555s][info][gc,heap     ] GC(16) Archive regions: 2->2
[3.555s][info][gc,heap     ] GC(16) Humongous regions: 0->0
[3.555s][info][gc,metaspace] GC(16) Metaspace: 40245K(40576K)->40245K(40576K) NonClass: 34705K(34880K)->34705K(34880K) Class: 5539K(5696K)->5539K(5696K)
[3.555s][info][gc          ] GC(16) Pause Young (Normal) (G1 Evacuation Pause) 828M->201M(1216M) 9.787ms
[3.555s][info][gc,cpu      ] GC(16) User=0.14s Sys=0.02s Real=0.01s
[3.937s][info][gc,heap,exit] Heap
[3.937s][info][gc,heap,exit]  garbage-first heap   total 1245184K, used 575086K [0x0000007001000000, 0x000000777f000000)
[3.937s][info][gc,heap,exit]   region size 16384K, 29 young (475136K), 6 survivors (98304K)
[3.937s][info][gc,heap,exit]  Metaspace       used 40640K, committed 40960K, reserved 1114112K
[3.937s][info][gc,heap,exit]   class space    used 5587K, committed 5760K, reserved 1048576K
