[0.282s][info][gc] Using G1
[0.283s][info][gc,init] Version: 17.0.14+1-b1367.22 (release)
[0.283s][info][gc,init] CPUs: 16 total, 16 available
[0.283s][info][gc,init] Memory: 128G
[0.283s][info][gc,init] Large Page Support: Disabled
[0.283s][info][gc,init] NUMA Support: Disabled
[0.283s][info][gc,init] Compressed Oops: Enabled (Non-zero disjoint base)
[0.283s][info][gc,init] Heap Region Size: 16M
[0.283s][info][gc,init] Heap Min Capacity: 16M
[0.283s][info][gc,init] Heap Initial Capacity: 2G
[0.283s][info][gc,init] Heap Max Capacity: 30688M
[0.283s][info][gc,init] Pre-touch: Disabled
[0.283s][info][gc,init] Parallel Workers: 13
[0.283s][info][gc,init] Concurrent Workers: 3
[0.283s][info][gc,init] Concurrent Refinement Workers: 13
[0.283s][info][gc,init] Periodic GC: Disabled
[0.286s][info][gc,metaspace] CDS archive(s) mapped at: [0x0000000400000000-0x0000000400c24000-0x0000000400c24000), size 12730368, SharedBaseAddress: 0x0000000400000000, ArchiveRelocationMode: 1.
[0.286s][info][gc,metaspace] Compressed class space mapped at: 0x0000000401000000-0x0000000441000000, reserved size: 1073741824
[0.286s][info][gc,metaspace] Narrow klass base: 0x0000000400000000, Narrow klass shift: 0, Narrow klass range: 0x100000000
[0.752s][info][gc,start    ] GC(0) Pause Young (Concurrent Start) (Metadata GC Threshold)
[0.752s][info][gc,task     ] GC(0) Using 13 workers of 13 for evacuation
[0.753s][info][gc,phases   ] GC(0)   Pre Evacuate Collection Set: 0.0ms
[0.753s][info][gc,phases   ] GC(0)   Merge Heap Roots: 0.1ms
[0.753s][info][gc,phases   ] GC(0)   Evacuate Collection Set: 1.1ms
[0.753s][info][gc,phases   ] GC(0)   Post Evacuate Collection Set: 0.3ms
[0.753s][info][gc,phases   ] GC(0)   Other: 0.4ms
[0.753s][info][gc,heap     ] GC(0) Eden regions: 6->0(5)
[0.753s][info][gc,heap     ] GC(0) Survivor regions: 0->1(1)
[0.753s][info][gc,heap     ] GC(0) Old regions: 0->0
[0.753s][info][gc,heap     ] GC(0) Archive regions: 2->2
[0.753s][info][gc,heap     ] GC(0) Humongous regions: 0->0
[0.753s][info][gc,metaspace] GC(0) Metaspace: 21300K(21504K)->21300K(21504K) NonClass: 18353K(18432K)->18353K(18432K) Class: 2946K(3072K)->2946K(3072K)
[0.753s][info][gc          ] GC(0) Pause Young (Concurrent Start) (Metadata GC Threshold) 105M->26M(2080M) 1.967ms
[0.754s][info][gc,cpu      ] GC(0) User=0.02s Sys=0.01s Real=0.00s
[0.754s][info][gc          ] GC(1) Concurrent Mark Cycle
[0.754s][info][gc,marking  ] GC(1) Concurrent Clear Claimed Marks
[0.754s][info][gc,marking  ] GC(1) Concurrent Clear Claimed Marks 0.008ms
[0.754s][info][gc,marking  ] GC(1) Concurrent Scan Root Regions
[0.755s][info][gc,marking  ] GC(1) Concurrent Scan Root Regions 1.699ms
[0.755s][info][gc,marking  ] GC(1) Concurrent Mark
[0.755s][info][gc,marking  ] GC(1) Concurrent Mark From Roots
[0.755s][info][gc,task     ] GC(1) Using 3 workers of 3 for marking
[0.756s][info][gc,marking  ] GC(1) Concurrent Mark From Roots 0.737ms
[0.756s][info][gc,marking  ] GC(1) Concurrent Preclean
[0.756s][info][gc,marking  ] GC(1) Concurrent Preclean 0.017ms
[0.756s][info][gc,start    ] GC(1) Pause Remark
[0.757s][info][gc          ] GC(1) Pause Remark 27M->27M(224M) 0.620ms
[0.757s][info][gc,cpu      ] GC(1) User=0.00s Sys=0.00s Real=0.01s
[0.757s][info][gc,marking  ] GC(1) Concurrent Mark 1.483ms
[0.757s][info][gc,marking  ] GC(1) Concurrent Rebuild Remembered Sets
[0.757s][info][gc,marking  ] GC(1) Concurrent Rebuild Remembered Sets 0.004ms
[0.757s][info][gc,start    ] GC(1) Pause Cleanup
[0.757s][info][gc          ] GC(1) Pause Cleanup 27M->27M(224M) 0.012ms
[0.757s][info][gc,cpu      ] GC(1) User=0.00s Sys=0.00s Real=0.00s
[0.757s][info][gc,marking  ] GC(1) Concurrent Cleanup for Next Mark
[0.757s][info][gc,marking  ] GC(1) Concurrent Cleanup for Next Mark 0.256ms
[0.757s][info][gc          ] GC(1) Concurrent Mark Cycle 3.601ms
[1.183s][info][gc,start    ] GC(2) Pause Young (Normal) (G1 Evacuation Pause)
[1.183s][info][gc,task     ] GC(2) Using 9 workers of 13 for evacuation
[1.188s][info][gc,phases   ] GC(2)   Pre Evacuate Collection Set: 0.1ms
[1.188s][info][gc,phases   ] GC(2)   Merge Heap Roots: 0.0ms
[1.188s][info][gc,phases   ] GC(2)   Evacuate Collection Set: 4.1ms
[1.188s][info][gc,phases   ] GC(2)   Post Evacuate Collection Set: 0.4ms
[1.188s][info][gc,phases   ] GC(2)   Other: 0.1ms
[1.188s][info][gc,heap     ] GC(2) Eden regions: 5->0(4)
[1.188s][info][gc,heap     ] GC(2) Survivor regions: 1->1(1)
[1.188s][info][gc,heap     ] GC(2) Old regions: 0->1
[1.188s][info][gc,heap     ] GC(2) Archive regions: 2->2
[1.188s][info][gc,heap     ] GC(2) Humongous regions: 0->0
[1.188s][info][gc,metaspace] GC(2) Metaspace: 31742K(32000K)->31742K(32000K) NonClass: 27660K(27776K)->27660K(27776K) Class: 4081K(4224K)->4081K(4224K)
[1.188s][info][gc          ] GC(2) Pause Young (Normal) (G1 Evacuation Pause) 106M->38M(224M) 4.812ms
[1.188s][info][gc,cpu      ] GC(2) User=0.05s Sys=0.01s Real=0.01s
[1.344s][info][gc,start    ] GC(3) Pause Young (Normal) (G1 Evacuation Pause)
[1.344s][info][gc,task     ] GC(3) Using 7 workers of 13 for evacuation
[1.348s][info][gc,phases   ] GC(3)   Pre Evacuate Collection Set: 0.1ms
[1.348s][info][gc,phases   ] GC(3)   Merge Heap Roots: 0.1ms
[1.348s][info][gc,phases   ] GC(3)   Evacuate Collection Set: 2.8ms
[1.348s][info][gc,phases   ] GC(3)   Post Evacuate Collection Set: 0.2ms
[1.348s][info][gc,phases   ] GC(3)   Other: 0.1ms
[1.348s][info][gc,heap     ] GC(3) Eden regions: 4->0(4)
[1.348s][info][gc,heap     ] GC(3) Survivor regions: 1->1(1)
[1.348s][info][gc,heap     ] GC(3) Old regions: 1->2
[1.348s][info][gc,heap     ] GC(3) Archive regions: 2->2
[1.348s][info][gc,heap     ] GC(3) Humongous regions: 0->0
[1.348s][info][gc,metaspace] GC(3) Metaspace: 32140K(32448K)->32140K(32448K) NonClass: 28036K(28224K)->28036K(28224K) Class: 4104K(4224K)->4104K(4224K)
[1.348s][info][gc          ] GC(3) Pause Young (Normal) (G1 Evacuation Pause) 102M->43M(224M) 3.321ms
[1.348s][info][gc,cpu      ] GC(3) User=0.04s Sys=0.00s Real=0.01s
[1.482s][info][gc,start    ] GC(4) Pause Young (Normal) (G1 Evacuation Pause)
[1.482s][info][gc,task     ] GC(4) Using 6 workers of 13 for evacuation
[1.484s][info][gc,phases   ] GC(4)   Pre Evacuate Collection Set: 0.0ms
[1.484s][info][gc,phases   ] GC(4)   Merge Heap Roots: 0.0ms
[1.484s][info][gc,phases   ] GC(4)   Evacuate Collection Set: 1.4ms
[1.484s][info][gc,phases   ] GC(4)   Post Evacuate Collection Set: 0.2ms
[1.484s][info][gc,phases   ] GC(4)   Other: 0.1ms
[1.484s][info][gc,heap     ] GC(4) Eden regions: 4->0(5)
[1.484s][info][gc,heap     ] GC(4) Survivor regions: 1->1(1)
[1.484s][info][gc,heap     ] GC(4) Old regions: 2->2
[1.484s][info][gc,heap     ] GC(4) Archive regions: 2->2
[1.484s][info][gc,heap     ] GC(4) Humongous regions: 0->0
[1.484s][info][gc,metaspace] GC(4) Metaspace: 32302K(32640K)->32302K(32640K) NonClass: 28190K(28352K)->28190K(28352K) Class: 4112K(4288K)->4112K(4288K)
[1.484s][info][gc          ] GC(4) Pause Young (Normal) (G1 Evacuation Pause) 107M->46M(224M) 1.761ms
[1.484s][info][gc,cpu      ] GC(4) User=0.02s Sys=0.00s Real=0.00s
[1.681s][info][gc,start    ] GC(5) Pause Young (Normal) (G1 Evacuation Pause)
[1.681s][info][gc,task     ] GC(5) Using 5 workers of 13 for evacuation
[1.683s][info][gc,phases   ] GC(5)   Pre Evacuate Collection Set: 0.0ms
[1.683s][info][gc,phases   ] GC(5)   Merge Heap Roots: 0.0ms
[1.683s][info][gc,phases   ] GC(5)   Evacuate Collection Set: 2.0ms
[1.683s][info][gc,phases   ] GC(5)   Post Evacuate Collection Set: 0.4ms
[1.683s][info][gc,phases   ] GC(5)   Other: 0.1ms
[1.683s][info][gc,heap     ] GC(5) Eden regions: 5->0(18)
[1.683s][info][gc,heap     ] GC(5) Survivor regions: 1->1(1)
[1.683s][info][gc,heap     ] GC(5) Old regions: 2->2
[1.683s][info][gc,heap     ] GC(5) Archive regions: 2->2
[1.683s][info][gc,heap     ] GC(5) Humongous regions: 0->0
[1.683s][info][gc,metaspace] GC(5) Metaspace: 32360K(32704K)->32360K(32704K) NonClass: 28246K(28416K)->28246K(28416K) Class: 4114K(4288K)->4114K(4288K)
[1.683s][info][gc          ] GC(5) Pause Young (Normal) (G1 Evacuation Pause) 126M->50M(1136M) 2.545ms
[1.683s][info][gc,cpu      ] GC(5) User=0.02s Sys=0.00s Real=0.00s
[2.128s][info][gc,start    ] GC(6) Pause Young (Normal) (G1 Evacuation Pause)
[2.128s][info][gc,task     ] GC(6) Using 13 workers of 13 for evacuation
[2.131s][info][gc,phases   ] GC(6)   Pre Evacuate Collection Set: 0.1ms
[2.131s][info][gc,phases   ] GC(6)   Merge Heap Roots: 0.1ms
[2.131s][info][gc,phases   ] GC(6)   Evacuate Collection Set: 2.4ms
[2.131s][info][gc,phases   ] GC(6)   Post Evacuate Collection Set: 0.2ms
[2.131s][info][gc,phases   ] GC(6)   Other: 0.1ms
[2.131s][info][gc,heap     ] GC(6) Eden regions: 18->0(40)
[2.131s][info][gc,heap     ] GC(6) Survivor regions: 1->2(3)
[2.131s][info][gc,heap     ] GC(6) Old regions: 2->2
[2.131s][info][gc,heap     ] GC(6) Archive regions: 2->2
[2.131s][info][gc,heap     ] GC(6) Humongous regions: 0->0
[2.131s][info][gc,metaspace] GC(6) Metaspace: 33013K(33344K)->33013K(33344K) NonClass: 28817K(28992K)->28817K(28992K) Class: 4196K(4352K)->4196K(4352K)
[2.131s][info][gc          ] GC(6) Pause Young (Normal) (G1 Evacuation Pause) 338M->66M(1136M) 2.881ms
[2.131s][info][gc,cpu      ] GC(6) User=0.03s Sys=0.01s Real=0.00s
[2.193s][info][gc,start    ] GC(7) Pause Young (Concurrent Start) (Metadata GC Threshold)
[2.193s][info][gc,task     ] GC(7) Using 13 workers of 13 for evacuation
[2.195s][info][gc,phases   ] GC(7)   Pre Evacuate Collection Set: 0.1ms
[2.195s][info][gc,phases   ] GC(7)   Merge Heap Roots: 0.0ms
[2.195s][info][gc,phases   ] GC(7)   Evacuate Collection Set: 1.5ms
[2.195s][info][gc,phases   ] GC(7)   Post Evacuate Collection Set: 0.2ms
[2.195s][info][gc,phases   ] GC(7)   Other: 0.1ms
[2.195s][info][gc,heap     ] GC(7) Eden regions: 2->0(40)
[2.195s][info][gc,heap     ] GC(7) Survivor regions: 2->2(6)
[2.195s][info][gc,heap     ] GC(7) Old regions: 2->2
[2.195s][info][gc,heap     ] GC(7) Archive regions: 2->2
[2.195s][info][gc,heap     ] GC(7) Humongous regions: 0->0
[2.195s][info][gc,metaspace] GC(7) Metaspace: 35884K(36160K)->35884K(36160K) NonClass: 30915K(31040K)->30915K(31040K) Class: 4968K(5120K)->4968K(5120K)
[2.195s][info][gc          ] GC(7) Pause Young (Concurrent Start) (Metadata GC Threshold) 90M->67M(1136M) 1.984ms
[2.195s][info][gc,cpu      ] GC(7) User=0.02s Sys=0.00s Real=0.00s
[2.195s][info][gc          ] GC(8) Concurrent Mark Cycle
[2.195s][info][gc,marking  ] GC(8) Concurrent Clear Claimed Marks
[2.195s][info][gc,marking  ] GC(8) Concurrent Clear Claimed Marks 0.008ms
[2.195s][info][gc,marking  ] GC(8) Concurrent Scan Root Regions
[2.199s][info][gc,marking  ] GC(8) Concurrent Scan Root Regions 4.390ms
[2.199s][info][gc,marking  ] GC(8) Concurrent Mark
[2.199s][info][gc,marking  ] GC(8) Concurrent Mark From Roots
[2.199s][info][gc,task     ] GC(8) Using 3 workers of 3 for marking
[2.205s][info][gc,marking  ] GC(8) Concurrent Mark From Roots 6.323ms
[2.206s][info][gc,marking  ] GC(8) Concurrent Preclean
[2.206s][info][gc,marking  ] GC(8) Concurrent Preclean 0.063ms
[2.206s][info][gc,start    ] GC(8) Pause Remark
[2.207s][info][gc          ] GC(8) Pause Remark 75M->75M(384M) 0.947ms
[2.207s][info][gc,cpu      ] GC(8) User=0.00s Sys=0.00s Real=0.01s
[2.207s][info][gc,marking  ] GC(8) Concurrent Mark 7.646ms
[2.207s][info][gc,marking  ] GC(8) Concurrent Rebuild Remembered Sets
[2.211s][info][gc,marking  ] GC(8) Concurrent Rebuild Remembered Sets 4.151ms
[2.211s][info][gc,start    ] GC(8) Pause Cleanup
[2.211s][info][gc          ] GC(8) Pause Cleanup 75M->75M(384M) 0.062ms
[2.211s][info][gc,cpu      ] GC(8) User=0.00s Sys=0.00s Real=0.00s
[2.211s][info][gc,marking  ] GC(8) Concurrent Cleanup for Next Mark
[2.211s][info][gc,marking  ] GC(8) Concurrent Cleanup for Next Mark 0.229ms
[2.211s][info][gc          ] GC(8) Concurrent Mark Cycle 16.642ms
[2.678s][info][gc,start    ] GC(9) Pause Young (Prepare Mixed) (G1 Evacuation Pause)
[2.678s][info][gc,task     ] GC(9) Using 13 workers of 13 for evacuation
[2.685s][info][gc,phases   ] GC(9)   Pre Evacuate Collection Set: 0.1ms
[2.685s][info][gc,phases   ] GC(9)   Merge Heap Roots: 0.1ms
[2.685s][info][gc,phases   ] GC(9)   Evacuate Collection Set: 6.5ms
[2.685s][info][gc,phases   ] GC(9)   Post Evacuate Collection Set: 0.2ms
[2.685s][info][gc,phases   ] GC(9)   Other: 0.1ms
[2.685s][info][gc,heap     ] GC(9) Eden regions: 12->0(1)
[2.685s][info][gc,heap     ] GC(9) Survivor regions: 2->2(2)
[2.685s][info][gc,heap     ] GC(9) Old regions: 2->4
[2.685s][info][gc,heap     ] GC(9) Archive regions: 2->2
[2.685s][info][gc,heap     ] GC(9) Humongous regions: 0->0
[2.685s][info][gc,metaspace] GC(9) Metaspace: 39504K(39872K)->39504K(39872K) NonClass: 34011K(34176K)->34011K(34176K) Class: 5493K(5696K)->5493K(5696K)
[2.685s][info][gc          ] GC(9) Pause Young (Prepare Mixed) (G1 Evacuation Pause) 259M->85M(384M) 7.062ms
[2.685s][info][gc,cpu      ] GC(9) User=0.06s Sys=0.03s Real=0.00s
[2.694s][info][gc,start    ] GC(10) Pause Young (Mixed) (G1 Evacuation Pause)
[2.694s][info][gc,task     ] GC(10) Using 13 workers of 13 for evacuation
[2.697s][info][gc,phases   ] GC(10)   Pre Evacuate Collection Set: 0.1ms
[2.697s][info][gc,phases   ] GC(10)   Merge Heap Roots: 0.1ms
[2.697s][info][gc,phases   ] GC(10)   Evacuate Collection Set: 2.7ms
[2.697s][info][gc,phases   ] GC(10)   Post Evacuate Collection Set: 0.2ms
[2.697s][info][gc,phases   ] GC(10)   Other: 0.1ms
[2.697s][info][gc,heap     ] GC(10) Eden regions: 1->0(10)
[2.697s][info][gc,heap     ] GC(10) Survivor regions: 2->1(1)
[2.697s][info][gc,heap     ] GC(10) Old regions: 4->5
[2.697s][info][gc,heap     ] GC(10) Archive regions: 2->2
[2.697s][info][gc,heap     ] GC(10) Humongous regions: 0->0
[2.697s][info][gc,metaspace] GC(10) Metaspace: 39532K(39936K)->39532K(39936K) NonClass: 34037K(34240K)->34037K(34240K) Class: 5495K(5696K)->5495K(5696K)
[2.697s][info][gc          ] GC(10) Pause Young (Mixed) (G1 Evacuation Pause) 101M->87M(384M) 3.212ms
[2.697s][info][gc,cpu      ] GC(10) User=0.03s Sys=0.00s Real=0.01s
[2.848s][info][gc,start    ] GC(11) Pause Young (Concurrent Start) (G1 Evacuation Pause)
[2.848s][info][gc,task     ] GC(11) Using 13 workers of 13 for evacuation
[2.850s][info][gc,phases   ] GC(11)   Pre Evacuate Collection Set: 0.1ms
[2.850s][info][gc,phases   ] GC(11)   Merge Heap Roots: 0.0ms
[2.850s][info][gc,phases   ] GC(11)   Evacuate Collection Set: 1.8ms
[2.850s][info][gc,phases   ] GC(11)   Post Evacuate Collection Set: 0.2ms
[2.850s][info][gc,phases   ] GC(11)   Other: 0.1ms
[2.850s][info][gc,heap     ] GC(11) Eden regions: 10->0(10)
[2.850s][info][gc,heap     ] GC(11) Survivor regions: 1->1(2)
[2.850s][info][gc,heap     ] GC(11) Old regions: 5->5
[2.850s][info][gc,heap     ] GC(11) Archive regions: 2->2
[2.850s][info][gc,heap     ] GC(11) Humongous regions: 0->0
[2.850s][info][gc,metaspace] GC(11) Metaspace: 39789K(40192K)->39789K(40192K) NonClass: 34284K(34496K)->34284K(34496K) Class: 5504K(5696K)->5504K(5696K)
[2.850s][info][gc          ] GC(11) Pause Young (Concurrent Start) (G1 Evacuation Pause) 247M->99M(384M) 2.313ms
[2.850s][info][gc,cpu      ] GC(11) User=0.02s Sys=0.00s Real=0.00s
[2.850s][info][gc          ] GC(12) Concurrent Mark Cycle
[2.850s][info][gc,marking  ] GC(12) Concurrent Clear Claimed Marks
[2.850s][info][gc,marking  ] GC(12) Concurrent Clear Claimed Marks 0.014ms
[2.850s][info][gc,marking  ] GC(12) Concurrent Scan Root Regions
[2.862s][info][gc,marking  ] GC(12) Concurrent Scan Root Regions 12.114ms
[2.862s][info][gc,marking  ] GC(12) Concurrent Mark
[2.862s][info][gc,marking  ] GC(12) Concurrent Mark From Roots
[2.862s][info][gc,task     ] GC(12) Using 3 workers of 3 for marking
[2.886s][info][gc,marking  ] GC(12) Concurrent Mark From Roots 23.722ms
[2.886s][info][gc,marking  ] GC(12) Concurrent Preclean
[2.886s][info][gc,marking  ] GC(12) Concurrent Preclean 0.315ms
[2.887s][info][gc,start    ] GC(12) Pause Remark
[2.890s][info][gc          ] GC(12) Pause Remark 163M->163M(384M) 3.809ms
[2.891s][info][gc,cpu      ] GC(12) User=0.04s Sys=0.00s Real=0.00s
[2.891s][info][gc,marking  ] GC(12) Concurrent Mark 28.160ms
[2.891s][info][gc,marking  ] GC(12) Concurrent Rebuild Remembered Sets
[2.905s][info][gc,marking  ] GC(12) Concurrent Rebuild Remembered Sets 13.974ms
[2.905s][info][gc,start    ] GC(12) Pause Cleanup
[2.905s][info][gc          ] GC(12) Pause Cleanup 185M->185M(384M) 0.079ms
[2.905s][info][gc,cpu      ] GC(12) User=0.00s Sys=0.00s Real=0.00s
[2.905s][info][gc,marking  ] GC(12) Concurrent Cleanup for Next Mark
[2.905s][info][gc,marking  ] GC(12) Concurrent Cleanup for Next Mark 0.284ms
[2.905s][info][gc          ] GC(12) Concurrent Mark Cycle 54.946ms
[2.938s][info][gc,start    ] GC(13) Pause Young (Normal) (G1 Evacuation Pause)
[2.938s][info][gc,task     ] GC(13) Using 13 workers of 13 for evacuation
[2.941s][info][gc,phases   ] GC(13)   Pre Evacuate Collection Set: 0.1ms
[2.942s][info][gc,phases   ] GC(13)   Merge Heap Roots: 0.1ms
[2.942s][info][gc,phases   ] GC(13)   Evacuate Collection Set: 2.6ms
[2.942s][info][gc,phases   ] GC(13)   Post Evacuate Collection Set: 0.2ms
[2.942s][info][gc,phases   ] GC(13)   Other: 0.1ms
[2.942s][info][gc,heap     ] GC(13) Eden regions: 10->0(9)
[2.942s][info][gc,heap     ] GC(13) Survivor regions: 1->2(2)
[2.942s][info][gc,heap     ] GC(13) Old regions: 5->5
[2.942s][info][gc,heap     ] GC(13) Archive regions: 2->2
[2.942s][info][gc,heap     ] GC(13) Humongous regions: 0->0
[2.942s][info][gc,metaspace] GC(13) Metaspace: 39941K(40320K)->39941K(40320K) NonClass: 34430K(34624K)->34430K(34624K) Class: 5510K(5696K)->5510K(5696K)
[2.942s][info][gc          ] GC(13) Pause Young (Normal) (G1 Evacuation Pause) 259M->113M(384M) 3.111ms
[2.942s][info][gc,cpu      ] GC(13) User=0.03s Sys=0.00s Real=0.00s
[3.009s][info][gc,start    ] GC(14) Pause Young (Normal) (G1 Evacuation Pause)
[3.010s][info][gc,task     ] GC(14) Using 13 workers of 13 for evacuation
[3.015s][info][gc,phases   ] GC(14)   Pre Evacuate Collection Set: 0.1ms
[3.015s][info][gc,phases   ] GC(14)   Merge Heap Roots: 0.1ms
[3.015s][info][gc,phases   ] GC(14)   Evacuate Collection Set: 4.4ms
[3.015s][info][gc,phases   ] GC(14)   Post Evacuate Collection Set: 0.4ms
[3.015s][info][gc,phases   ] GC(14)   Other: 0.1ms
[3.015s][info][gc,heap     ] GC(14) Eden regions: 9->0(43)
[3.015s][info][gc,heap     ] GC(14) Survivor regions: 2->2(2)
[3.015s][info][gc,heap     ] GC(14) Old regions: 5->6
[3.015s][info][gc,heap     ] GC(14) Archive regions: 2->2
[3.015s][info][gc,heap     ] GC(14) Humongous regions: 0->0
[3.015s][info][gc,metaspace] GC(14) Metaspace: 40009K(40448K)->40009K(40448K) NonClass: 34494K(34752K)->34494K(34752K) Class: 5515K(5696K)->5515K(5696K)
[3.015s][info][gc          ] GC(14) Pause Young (Normal) (G1 Evacuation Pause) 257M->128M(1216M) 5.212ms
[3.015s][info][gc,cpu      ] GC(14) User=0.07s Sys=0.01s Real=0.00s
[3.355s][info][gc,start    ] GC(15) Pause Young (Normal) (G1 Evacuation Pause)
[3.355s][info][gc,task     ] GC(15) Using 13 workers of 13 for evacuation
[3.364s][info][gc,phases   ] GC(15)   Pre Evacuate Collection Set: 0.1ms
[3.364s][info][gc,phases   ] GC(15)   Merge Heap Roots: 0.1ms
[3.364s][info][gc,phases   ] GC(15)   Evacuate Collection Set: 8.4ms
[3.364s][info][gc,phases   ] GC(15)   Post Evacuate Collection Set: 0.3ms
[3.364s][info][gc,phases   ] GC(15)   Other: 0.1ms
[3.364s][info][gc,heap     ] GC(15) Eden regions: 43->0(39)
[3.364s][info][gc,heap     ] GC(15) Survivor regions: 2->6(6)
[3.364s][info][gc,heap     ] GC(15) Old regions: 6->6
[3.364s][info][gc,heap     ] GC(15) Archive regions: 2->2
[3.364s][info][gc,heap     ] GC(15) Humongous regions: 0->0
[3.364s][info][gc,metaspace] GC(15) Metaspace: 40176K(40576K)->40176K(40576K) NonClass: 34658K(34880K)->34658K(34880K) Class: 5518K(5696K)->5518K(5696K)
[3.364s][info][gc          ] GC(15) Pause Young (Normal) (G1 Evacuation Pause) 816M->188M(1216M) 8.943ms
[3.364s][info][gc,cpu      ] GC(15) User=0.10s Sys=0.02s Real=0.01s
[3.802s][info][gc,heap,exit] Heap
[3.802s][info][gc,heap,exit]  garbage-first heap   total 1245184K, used 668036K [0x0000007001000000, 0x000000777f000000)
[3.802s][info][gc,heap,exit]   region size 16384K, 35 young (573440K), 6 survivors (98304K)
[3.802s][info][gc,heap,exit]  Metaspace       used 40557K, committed 40960K, reserved 1114112K
[3.802s][info][gc,heap,exit]   class space    used 5566K, committed 5760K, reserved 1048576K
