[0.286s][info][gc] Using G1
[0.287s][info][gc,init] Version: 17.0.14+1-b1367.22 (release)
[0.287s][info][gc,init] CPUs: 16 total, 16 available
[0.287s][info][gc,init] Memory: 128G
[0.287s][info][gc,init] Large Page Support: Disabled
[0.287s][info][gc,init] NUMA Support: Disabled
[0.287s][info][gc,init] Compressed Oops: Enabled (Non-zero disjoint base)
[0.287s][info][gc,init] Heap Region Size: 16M
[0.287s][info][gc,init] Heap Min Capacity: 16M
[0.287s][info][gc,init] Heap Initial Capacity: 2G
[0.287s][info][gc,init] Heap Max Capacity: 30688M
[0.287s][info][gc,init] Pre-touch: Disabled
[0.287s][info][gc,init] Parallel Workers: 13
[0.287s][info][gc,init] Concurrent Workers: 3
[0.287s][info][gc,init] Concurrent Refinement Workers: 13
[0.287s][info][gc,init] Periodic GC: Disabled
[0.290s][info][gc,metaspace] CDS archive(s) mapped at: [0x0000007800000000-0x0000007800c24000-0x0000007800c24000), size 12730368, SharedBaseAddress: 0x0000007800000000, ArchiveRelocationMode: 1.
[0.290s][info][gc,metaspace] Compressed class space mapped at: 0x0000007801000000-0x0000007841000000, reserved size: 1073741824
[0.290s][info][gc,metaspace] Narrow klass base: 0x0000007800000000, Narrow klass shift: 0, Narrow klass range: 0x100000000
[0.748s][info][gc,start    ] GC(0) Pause Young (Concurrent Start) (Metadata GC Threshold)
[0.748s][info][gc,task     ] GC(0) Using 13 workers of 13 for evacuation
[0.749s][info][gc,phases   ] GC(0)   Pre Evacuate Collection Set: 0.0ms
[0.749s][info][gc,phases   ] GC(0)   Merge Heap Roots: 0.1ms
[0.749s][info][gc,phases   ] GC(0)   Evacuate Collection Set: 1.2ms
[0.749s][info][gc,phases   ] GC(0)   Post Evacuate Collection Set: 0.2ms
[0.749s][info][gc,phases   ] GC(0)   Other: 0.4ms
[0.749s][info][gc,heap     ] GC(0) Eden regions: 6->0(5)
[0.749s][info][gc,heap     ] GC(0) Survivor regions: 0->1(1)
[0.749s][info][gc,heap     ] GC(0) Old regions: 0->0
[0.749s][info][gc,heap     ] GC(0) Archive regions: 2->2
[0.749s][info][gc,heap     ] GC(0) Humongous regions: 0->0
[0.749s][info][gc,metaspace] GC(0) Metaspace: 21313K(21504K)->21313K(21504K) NonClass: 18369K(18432K)->18369K(18432K) Class: 2943K(3072K)->2943K(3072K)
[0.749s][info][gc          ] GC(0) Pause Young (Concurrent Start) (Metadata GC Threshold) 107M->26M(2080M) 1.896ms
[0.749s][info][gc,cpu      ] GC(0) User=0.01s Sys=0.00s Real=0.01s
[0.749s][info][gc          ] GC(1) Concurrent Mark Cycle
[0.749s][info][gc,marking  ] GC(1) Concurrent Clear Claimed Marks
[0.749s][info][gc,marking  ] GC(1) Concurrent Clear Claimed Marks 0.015ms
[0.749s][info][gc,marking  ] GC(1) Concurrent Scan Root Regions
[0.751s][info][gc,marking  ] GC(1) Concurrent Scan Root Regions 1.790ms
[0.751s][info][gc,marking  ] GC(1) Concurrent Mark
[0.751s][info][gc,marking  ] GC(1) Concurrent Mark From Roots
[0.751s][info][gc,task     ] GC(1) Using 3 workers of 3 for marking
[0.752s][info][gc,marking  ] GC(1) Concurrent Mark From Roots 0.838ms
[0.752s][info][gc,marking  ] GC(1) Concurrent Preclean
[0.752s][info][gc,marking  ] GC(1) Concurrent Preclean 0.021ms
[0.752s][info][gc,start    ] GC(1) Pause Remark
[0.753s][info][gc          ] GC(1) Pause Remark 29M->29M(224M) 0.648ms
[0.753s][info][gc,cpu      ] GC(1) User=0.01s Sys=0.00s Real=0.00s
[0.753s][info][gc,marking  ] GC(1) Concurrent Mark 1.598ms
[0.753s][info][gc,marking  ] GC(1) Concurrent Rebuild Remembered Sets
[0.753s][info][gc,marking  ] GC(1) Concurrent Rebuild Remembered Sets 0.006ms
[0.753s][info][gc,start    ] GC(1) Pause Cleanup
[0.753s][info][gc          ] GC(1) Pause Cleanup 29M->29M(224M) 0.008ms
[0.753s][info][gc,cpu      ] GC(1) User=0.00s Sys=0.00s Real=0.00s
[0.753s][info][gc,marking  ] GC(1) Concurrent Cleanup for Next Mark
[0.753s][info][gc,marking  ] GC(1) Concurrent Cleanup for Next Mark 0.250ms
[0.753s][info][gc          ] GC(1) Concurrent Mark Cycle 4.027ms
[1.189s][info][gc,start    ] GC(2) Pause Young (Normal) (G1 Evacuation Pause)
[1.189s][info][gc,task     ] GC(2) Using 9 workers of 13 for evacuation
[1.194s][info][gc,phases   ] GC(2)   Pre Evacuate Collection Set: 0.0ms
[1.194s][info][gc,phases   ] GC(2)   Merge Heap Roots: 0.0ms
[1.194s][info][gc,phases   ] GC(2)   Evacuate Collection Set: 4.0ms
[1.194s][info][gc,phases   ] GC(2)   Post Evacuate Collection Set: 0.3ms
[1.194s][info][gc,phases   ] GC(2)   Other: 0.1ms
[1.194s][info][gc,heap     ] GC(2) Eden regions: 5->0(4)
[1.194s][info][gc,heap     ] GC(2) Survivor regions: 1->1(1)
[1.194s][info][gc,heap     ] GC(2) Old regions: 0->1
[1.194s][info][gc,heap     ] GC(2) Archive regions: 2->2
[1.194s][info][gc,heap     ] GC(2) Humongous regions: 0->0
[1.194s][info][gc,metaspace] GC(2) Metaspace: 31750K(32000K)->31750K(32000K) NonClass: 27668K(27776K)->27668K(27776K) Class: 4081K(4224K)->4081K(4224K)
[1.194s][info][gc          ] GC(2) Pause Young (Normal) (G1 Evacuation Pause) 106M->38M(224M) 4.600ms
[1.194s][info][gc,cpu      ] GC(2) User=0.05s Sys=0.00s Real=0.01s
[1.341s][info][gc,start    ] GC(3) Pause Young (Normal) (G1 Evacuation Pause)
[1.342s][info][gc,task     ] GC(3) Using 7 workers of 13 for evacuation
[1.345s][info][gc,phases   ] GC(3)   Pre Evacuate Collection Set: 0.1ms
[1.345s][info][gc,phases   ] GC(3)   Merge Heap Roots: 0.0ms
[1.345s][info][gc,phases   ] GC(3)   Evacuate Collection Set: 3.2ms
[1.345s][info][gc,phases   ] GC(3)   Post Evacuate Collection Set: 0.2ms
[1.345s][info][gc,phases   ] GC(3)   Other: 0.1ms
[1.345s][info][gc,heap     ] GC(3) Eden regions: 4->0(4)
[1.345s][info][gc,heap     ] GC(3) Survivor regions: 1->1(1)
[1.345s][info][gc,heap     ] GC(3) Old regions: 1->2
[1.345s][info][gc,heap     ] GC(3) Archive regions: 2->2
[1.345s][info][gc,heap     ] GC(3) Humongous regions: 0->0
[1.345s][info][gc,metaspace] GC(3) Metaspace: 32152K(32448K)->32152K(32448K) NonClass: 28047K(28224K)->28047K(28224K) Class: 4104K(4224K)->4104K(4224K)
[1.345s][info][gc          ] GC(3) Pause Young (Normal) (G1 Evacuation Pause) 102M->43M(224M) 3.740ms
[1.345s][info][gc,cpu      ] GC(3) User=0.03s Sys=0.01s Real=0.00s
[1.480s][info][gc,start    ] GC(4) Pause Young (Normal) (G1 Evacuation Pause)
[1.480s][info][gc,task     ] GC(4) Using 6 workers of 13 for evacuation
[1.481s][info][gc,phases   ] GC(4)   Pre Evacuate Collection Set: 0.1ms
[1.481s][info][gc,phases   ] GC(4)   Merge Heap Roots: 0.0ms
[1.481s][info][gc,phases   ] GC(4)   Evacuate Collection Set: 1.3ms
[1.481s][info][gc,phases   ] GC(4)   Post Evacuate Collection Set: 0.1ms
[1.481s][info][gc,phases   ] GC(4)   Other: 0.1ms
[1.481s][info][gc,heap     ] GC(4) Eden regions: 4->0(5)
[1.482s][info][gc,heap     ] GC(4) Survivor regions: 1->1(1)
[1.482s][info][gc,heap     ] GC(4) Old regions: 2->2
[1.482s][info][gc,heap     ] GC(4) Archive regions: 2->2
[1.482s][info][gc,heap     ] GC(4) Humongous regions: 0->0
[1.482s][info][gc,metaspace] GC(4) Metaspace: 32314K(32640K)->32314K(32640K) NonClass: 28202K(28352K)->28202K(28352K) Class: 4112K(4288K)->4112K(4288K)
[1.482s][info][gc          ] GC(4) Pause Young (Normal) (G1 Evacuation Pause) 107M->46M(224M) 1.639ms
[1.482s][info][gc,cpu      ] GC(4) User=0.02s Sys=0.00s Real=0.00s
[1.696s][info][gc,start    ] GC(5) Pause Young (Normal) (G1 Evacuation Pause)
[1.696s][info][gc,task     ] GC(5) Using 5 workers of 13 for evacuation
[1.699s][info][gc,phases   ] GC(5)   Pre Evacuate Collection Set: 0.0ms
[1.699s][info][gc,phases   ] GC(5)   Merge Heap Roots: 0.0ms
[1.699s][info][gc,phases   ] GC(5)   Evacuate Collection Set: 2.1ms
[1.699s][info][gc,phases   ] GC(5)   Post Evacuate Collection Set: 0.1ms
[1.699s][info][gc,phases   ] GC(5)   Other: 0.1ms
[1.699s][info][gc,heap     ] GC(5) Eden regions: 5->0(5)
[1.699s][info][gc,heap     ] GC(5) Survivor regions: 1->1(1)
[1.699s][info][gc,heap     ] GC(5) Old regions: 2->2
[1.699s][info][gc,heap     ] GC(5) Archive regions: 2->2
[1.699s][info][gc,heap     ] GC(5) Humongous regions: 0->0
[1.699s][info][gc,metaspace] GC(5) Metaspace: 32370K(32704K)->32370K(32704K) NonClass: 28256K(28416K)->28256K(28416K) Class: 4114K(4288K)->4114K(4288K)
[1.699s][info][gc          ] GC(5) Pause Young (Normal) (G1 Evacuation Pause) 126M->52M(224M) 2.491ms
[1.699s][info][gc,cpu      ] GC(5) User=0.01s Sys=0.00s Real=0.00s
[1.827s][info][gc,start    ] GC(6) Pause Young (Normal) (G1 Evacuation Pause)
[1.827s][info][gc,task     ] GC(6) Using 5 workers of 13 for evacuation
[1.830s][info][gc,phases   ] GC(6)   Pre Evacuate Collection Set: 0.0ms
[1.830s][info][gc,phases   ] GC(6)   Merge Heap Roots: 0.0ms
[1.830s][info][gc,phases   ] GC(6)   Evacuate Collection Set: 1.9ms
[1.830s][info][gc,phases   ] GC(6)   Post Evacuate Collection Set: 0.1ms
[1.830s][info][gc,phases   ] GC(6)   Other: 0.1ms
[1.830s][info][gc,heap     ] GC(6) Eden regions: 5->0(5)
[1.830s][info][gc,heap     ] GC(6) Survivor regions: 1->1(1)
[1.830s][info][gc,heap     ] GC(6) Old regions: 2->2
[1.830s][info][gc,heap     ] GC(6) Archive regions: 2->2
[1.830s][info][gc,heap     ] GC(6) Humongous regions: 0->0
[1.830s][info][gc,metaspace] GC(6) Metaspace: 32420K(32768K)->32420K(32768K) NonClass: 28304K(28480K)->28304K(28480K) Class: 4115K(4288K)->4115K(4288K)
[1.830s][info][gc          ] GC(6) Pause Young (Normal) (G1 Evacuation Pause) 132M->55M(224M) 2.339ms
[1.830s][info][gc,cpu      ] GC(6) User=0.01s Sys=0.00s Real=0.01s
[1.950s][info][gc,start    ] GC(7) Pause Young (Normal) (G1 Evacuation Pause)
[1.950s][info][gc,task     ] GC(7) Using 5 workers of 13 for evacuation
[1.952s][info][gc,phases   ] GC(7)   Pre Evacuate Collection Set: 0.1ms
[1.952s][info][gc,phases   ] GC(7)   Merge Heap Roots: 0.0ms
[1.952s][info][gc,phases   ] GC(7)   Evacuate Collection Set: 2.0ms
[1.952s][info][gc,phases   ] GC(7)   Post Evacuate Collection Set: 0.4ms
[1.952s][info][gc,phases   ] GC(7)   Other: 0.1ms
[1.952s][info][gc,heap     ] GC(7) Eden regions: 5->0(40)
[1.952s][info][gc,heap     ] GC(7) Survivor regions: 1->1(1)
[1.952s][info][gc,heap     ] GC(7) Old regions: 2->3
[1.952s][info][gc,heap     ] GC(7) Archive regions: 2->2
[1.952s][info][gc,heap     ] GC(7) Humongous regions: 0->0
[1.952s][info][gc,metaspace] GC(7) Metaspace: 32475K(32832K)->32475K(32832K) NonClass: 28356K(28544K)->28356K(28544K) Class: 4118K(4288K)->4118K(4288K)
[1.952s][info][gc          ] GC(7) Pause Young (Normal) (G1 Evacuation Pause) 135M->60M(1136M) 2.645ms
[1.952s][info][gc,cpu      ] GC(7) User=0.03s Sys=0.00s Real=0.00s
[2.213s][info][gc,start    ] GC(8) Pause Young (Concurrent Start) (Metadata GC Threshold)
[2.213s][info][gc,task     ] GC(8) Using 13 workers of 13 for evacuation
[2.215s][info][gc,phases   ] GC(8)   Pre Evacuate Collection Set: 0.1ms
[2.215s][info][gc,phases   ] GC(8)   Merge Heap Roots: 0.1ms
[2.215s][info][gc,phases   ] GC(8)   Evacuate Collection Set: 1.7ms
[2.215s][info][gc,phases   ] GC(8)   Post Evacuate Collection Set: 0.2ms
[2.215s][info][gc,phases   ] GC(8)   Other: 0.1ms
[2.215s][info][gc,heap     ] GC(8) Eden regions: 10->0(40)
[2.215s][info][gc,heap     ] GC(8) Survivor regions: 1->2(6)
[2.215s][info][gc,heap     ] GC(8) Old regions: 3->3
[2.215s][info][gc,heap     ] GC(8) Archive regions: 2->2
[2.215s][info][gc,heap     ] GC(8) Humongous regions: 0->0
[2.215s][info][gc,metaspace] GC(8) Metaspace: 35877K(36160K)->35877K(36160K) NonClass: 30914K(31040K)->30914K(31040K) Class: 4963K(5120K)->4963K(5120K)
[2.215s][info][gc          ] GC(8) Pause Young (Concurrent Start) (Metadata GC Threshold) 212M->67M(1136M) 2.207ms
[2.215s][info][gc,cpu      ] GC(8) User=0.02s Sys=0.00s Real=0.00s
[2.215s][info][gc          ] GC(9) Concurrent Mark Cycle
[2.215s][info][gc,marking  ] GC(9) Concurrent Clear Claimed Marks
[2.215s][info][gc,marking  ] GC(9) Concurrent Clear Claimed Marks 0.013ms
[2.215s][info][gc,marking  ] GC(9) Concurrent Scan Root Regions
[2.219s][info][gc,marking  ] GC(9) Concurrent Scan Root Regions 4.171ms
[2.219s][info][gc,marking  ] GC(9) Concurrent Mark
[2.219s][info][gc,marking  ] GC(9) Concurrent Mark From Roots
[2.219s][info][gc,task     ] GC(9) Using 3 workers of 3 for marking
[2.228s][info][gc,marking  ] GC(9) Concurrent Mark From Roots 8.517ms
[2.228s][info][gc,marking  ] GC(9) Concurrent Preclean
[2.228s][info][gc,marking  ] GC(9) Concurrent Preclean 0.038ms
[2.228s][info][gc,start    ] GC(9) Pause Remark
[2.229s][info][gc          ] GC(9) Pause Remark 75M->75M(432M) 1.025ms
[2.229s][info][gc,cpu      ] GC(9) User=0.00s Sys=0.00s Real=0.00s
[2.229s][info][gc,marking  ] GC(9) Concurrent Mark 9.713ms
[2.229s][info][gc,marking  ] GC(9) Concurrent Rebuild Remembered Sets
[2.235s][info][gc,marking  ] GC(9) Concurrent Rebuild Remembered Sets 5.487ms
[2.235s][info][gc,start    ] GC(9) Pause Cleanup
[2.235s][info][gc          ] GC(9) Pause Cleanup 75M->75M(432M) 0.066ms
[2.235s][info][gc,cpu      ] GC(9) User=0.00s Sys=0.00s Real=0.00s
[2.235s][info][gc,marking  ] GC(9) Concurrent Cleanup for Next Mark
[2.235s][info][gc,marking  ] GC(9) Concurrent Cleanup for Next Mark 0.317ms
[2.235s][info][gc          ] GC(9) Concurrent Mark Cycle 19.932ms
[2.590s][info][gc,start    ] GC(10) Pause Young (Prepare Mixed) (G1 Evacuation Pause)
[2.590s][info][gc,task     ] GC(10) Using 13 workers of 13 for evacuation
[2.603s][info][gc,phases   ] GC(10)   Pre Evacuate Collection Set: 0.1ms
[2.603s][info][gc,phases   ] GC(10)   Merge Heap Roots: 0.0ms
[2.603s][info][gc,phases   ] GC(10)   Evacuate Collection Set: 12.2ms
[2.603s][info][gc,phases   ] GC(10)   Post Evacuate Collection Set: 0.4ms
[2.603s][info][gc,phases   ] GC(10)   Other: 0.1ms
[2.603s][info][gc,heap     ] GC(10) Eden regions: 14->0(1)
[2.603s][info][gc,heap     ] GC(10) Survivor regions: 2->2(2)
[2.603s][info][gc,heap     ] GC(10) Old regions: 3->5
[2.603s][info][gc,heap     ] GC(10) Archive regions: 2->2
[2.603s][info][gc,heap     ] GC(10) Humongous regions: 0->0
[2.603s][info][gc,metaspace] GC(10) Metaspace: 43018K(43392K)->43018K(43392K) NonClass: 36883K(37056K)->36883K(37056K) Class: 6134K(6336K)->6134K(6336K)
[2.603s][info][gc          ] GC(10) Pause Young (Prepare Mixed) (G1 Evacuation Pause) 291M->111M(432M) 12.867ms
[2.603s][info][gc,cpu      ] GC(10) User=0.16s Sys=0.00s Real=0.01s
[2.616s][info][gc,start    ] GC(11) Pause Young (Mixed) (G1 Evacuation Pause)
[2.616s][info][gc,task     ] GC(11) Using 13 workers of 13 for evacuation
[2.624s][info][gc,phases   ] GC(11)   Pre Evacuate Collection Set: 0.0ms
[2.624s][info][gc,phases   ] GC(11)   Merge Heap Roots: 0.2ms
[2.624s][info][gc,phases   ] GC(11)   Evacuate Collection Set: 7.5ms
[2.624s][info][gc,phases   ] GC(11)   Post Evacuate Collection Set: 0.2ms
[2.624s][info][gc,phases   ] GC(11)   Other: 0.1ms
[2.624s][info][gc,heap     ] GC(11) Eden regions: 1->0(9)
[2.624s][info][gc,heap     ] GC(11) Survivor regions: 2->1(1)
[2.624s][info][gc,heap     ] GC(11) Old regions: 5->7
[2.624s][info][gc,heap     ] GC(11) Archive regions: 2->2
[2.624s][info][gc,heap     ] GC(11) Humongous regions: 0->0
[2.624s][info][gc,metaspace] GC(11) Metaspace: 43069K(43456K)->43069K(43456K) NonClass: 36933K(37120K)->36933K(37120K) Class: 6135K(6336K)->6135K(6336K)
[2.624s][info][gc          ] GC(11) Pause Young (Mixed) (G1 Evacuation Pause) 127M->120M(432M) 8.095ms
[2.624s][info][gc,cpu      ] GC(11) User=0.09s Sys=0.00s Real=0.01s
[2.730s][info][gc,start    ] GC(12) Pause Young (Concurrent Start) (G1 Evacuation Pause)
[2.730s][info][gc,task     ] GC(12) Using 13 workers of 13 for evacuation
[2.734s][info][gc,phases   ] GC(12)   Pre Evacuate Collection Set: 0.1ms
[2.734s][info][gc,phases   ] GC(12)   Merge Heap Roots: 0.1ms
[2.734s][info][gc,phases   ] GC(12)   Evacuate Collection Set: 4.2ms
[2.734s][info][gc,phases   ] GC(12)   Post Evacuate Collection Set: 0.2ms
[2.734s][info][gc,phases   ] GC(12)   Other: 0.1ms
[2.734s][info][gc,heap     ] GC(12) Eden regions: 9->0(7)
[2.734s][info][gc,heap     ] GC(12) Survivor regions: 1->2(2)
[2.734s][info][gc,heap     ] GC(12) Old regions: 7->8
[2.734s][info][gc,heap     ] GC(12) Archive regions: 2->2
[2.734s][info][gc,heap     ] GC(12) Humongous regions: 0->0
[2.734s][info][gc,metaspace] GC(12) Metaspace: 43262K(43648K)->43262K(43648K) NonClass: 37117K(37312K)->37117K(37312K) Class: 6145K(6336K)->6145K(6336K)
[2.734s][info][gc          ] GC(12) Pause Young (Concurrent Start) (G1 Evacuation Pause) 264M->166M(432M) 4.619ms
[2.734s][info][gc,cpu      ] GC(12) User=0.05s Sys=0.01s Real=0.00s
[2.734s][info][gc          ] GC(13) Concurrent Mark Cycle
[2.734s][info][gc,marking  ] GC(13) Concurrent Clear Claimed Marks
[2.734s][info][gc,marking  ] GC(13) Concurrent Clear Claimed Marks 0.031ms
[2.734s][info][gc,marking  ] GC(13) Concurrent Scan Root Regions
[2.741s][info][gc,marking  ] GC(13) Concurrent Scan Root Regions 6.686ms
[2.741s][info][gc,marking  ] GC(13) Concurrent Mark
[2.741s][info][gc,marking  ] GC(13) Concurrent Mark From Roots
[2.741s][info][gc,task     ] GC(13) Using 3 workers of 3 for marking
[2.758s][info][gc,marking  ] GC(13) Concurrent Mark From Roots 17.249ms
[2.758s][info][gc,marking  ] GC(13) Concurrent Preclean
[2.758s][info][gc,marking  ] GC(13) Concurrent Preclean 0.074ms
[2.770s][info][gc,start    ] GC(13) Pause Remark
[2.775s][info][gc          ] GC(13) Pause Remark 194M->194M(432M) 4.507ms
[2.775s][info][gc,cpu      ] GC(13) User=0.06s Sys=0.01s Real=0.00s
[2.775s][info][gc,marking  ] GC(13) Concurrent Mark 33.948ms
[2.775s][info][gc,marking  ] GC(13) Concurrent Rebuild Remembered Sets
[2.795s][info][gc,marking  ] GC(13) Concurrent Rebuild Remembered Sets 20.085ms
[2.795s][info][gc,start    ] GC(13) Pause Cleanup
[2.795s][info][gc          ] GC(13) Pause Cleanup 204M->204M(432M) 0.071ms
[2.795s][info][gc,cpu      ] GC(13) User=0.01s Sys=0.00s Real=0.00s
[2.795s][info][gc,marking  ] GC(13) Concurrent Cleanup for Next Mark
[2.796s][info][gc,marking  ] GC(13) Concurrent Cleanup for Next Mark 0.470ms
[2.796s][info][gc          ] GC(13) Concurrent Mark Cycle 61.666ms
[2.875s][info][gc,start    ] GC(14) Pause Young (Prepare Mixed) (G1 Evacuation Pause)
[2.875s][info][gc,task     ] GC(14) Using 13 workers of 13 for evacuation
[2.880s][info][gc,phases   ] GC(14)   Pre Evacuate Collection Set: 0.1ms
[2.880s][info][gc,phases   ] GC(14)   Merge Heap Roots: 0.1ms
[2.880s][info][gc,phases   ] GC(14)   Evacuate Collection Set: 4.3ms
[2.880s][info][gc,phases   ] GC(14)   Post Evacuate Collection Set: 0.2ms
[2.880s][info][gc,phases   ] GC(14)   Other: 0.1ms
[2.880s][info][gc,heap     ] GC(14) Eden regions: 7->0(1)
[2.880s][info][gc,heap     ] GC(14) Survivor regions: 2->2(2)
[2.880s][info][gc,heap     ] GC(14) Old regions: 8->9
[2.880s][info][gc,heap     ] GC(14) Archive regions: 2->2
[2.880s][info][gc,heap     ] GC(14) Humongous regions: 0->0
[2.880s][info][gc,metaspace] GC(14) Metaspace: 43322K(43712K)->43322K(43712K) NonClass: 37178K(37376K)->37178K(37376K) Class: 6143K(6336K)->6143K(6336K)
[2.880s][info][gc          ] GC(14) Pause Young (Prepare Mixed) (G1 Evacuation Pause) 278M->182M(432M) 4.776ms
[2.880s][info][gc,cpu      ] GC(14) User=0.06s Sys=0.00s Real=0.01s
[2.886s][info][gc,start    ] GC(15) Pause Young (Mixed) (G1 Evacuation Pause)
[2.886s][info][gc,task     ] GC(15) Using 13 workers of 13 for evacuation
[2.899s][info][gc,phases   ] GC(15)   Pre Evacuate Collection Set: 0.0ms
[2.899s][info][gc,phases   ] GC(15)   Merge Heap Roots: 0.2ms
[2.899s][info][gc,phases   ] GC(15)   Evacuate Collection Set: 12.8ms
[2.899s][info][gc,phases   ] GC(15)   Post Evacuate Collection Set: 0.4ms
[2.899s][info][gc,phases   ] GC(15)   Other: 0.1ms
[2.899s][info][gc,heap     ] GC(15) Eden regions: 1->0(36)
[2.899s][info][gc,heap     ] GC(15) Survivor regions: 2->1(1)
[2.899s][info][gc,heap     ] GC(15) Old regions: 9->9
[2.899s][info][gc,heap     ] GC(15) Archive regions: 2->2
[2.899s][info][gc,heap     ] GC(15) Humongous regions: 0->0
[2.899s][info][gc,metaspace] GC(15) Metaspace: 43327K(43712K)->43327K(43712K) NonClass: 37183K(37376K)->37183K(37376K) Class: 6143K(6336K)->6143K(6336K)
[2.899s][info][gc          ] GC(15) Pause Young (Mixed) (G1 Evacuation Pause) 198M->159M(1248M) 13.593ms
[2.899s][info][gc,cpu      ] GC(15) User=0.18s Sys=0.01s Real=0.02s
[3.045s][info][gc,start    ] GC(16) Pause Young (Normal) (G1 Evacuation Pause)
[3.045s][info][gc,task     ] GC(16) Using 13 workers of 13 for evacuation
[3.057s][info][gc,phases   ] GC(16)   Pre Evacuate Collection Set: 0.1ms
[3.057s][info][gc,phases   ] GC(16)   Merge Heap Roots: 0.1ms
[3.057s][info][gc,phases   ] GC(16)   Evacuate Collection Set: 11.4ms
[3.057s][info][gc,phases   ] GC(16)   Post Evacuate Collection Set: 0.2ms
[3.057s][info][gc,phases   ] GC(16)   Other: 0.1ms
[3.057s][info][gc,heap     ] GC(16) Eden regions: 36->0(30)
[3.057s][info][gc,heap     ] GC(16) Survivor regions: 1->5(5)
[3.057s][info][gc,heap     ] GC(16) Old regions: 9->12
[3.057s][info][gc,heap     ] GC(16) Archive regions: 2->2
[3.057s][info][gc,heap     ] GC(16) Humongous regions: 0->0
[3.057s][info][gc,metaspace] GC(16) Metaspace: 43598K(43968K)->43598K(43968K) NonClass: 37446K(37632K)->37446K(37632K) Class: 6151K(6336K)->6151K(6336K)
[3.057s][info][gc          ] GC(16) Pause Young (Normal) (G1 Evacuation Pause) 735M->284M(1248M) 11.896ms
[3.057s][info][gc,cpu      ] GC(16) User=0.13s Sys=0.02s Real=0.01s
[3.157s][info][gc,start    ] GC(17) Pause Young (Normal) (G1 Evacuation Pause)
[3.157s][info][gc,task     ] GC(17) Using 13 workers of 13 for evacuation
[3.166s][info][gc,phases   ] GC(17)   Pre Evacuate Collection Set: 0.1ms
[3.167s][info][gc,phases   ] GC(17)   Merge Heap Roots: 0.1ms
[3.167s][info][gc,phases   ] GC(17)   Evacuate Collection Set: 8.9ms
[3.167s][info][gc,phases   ] GC(17)   Post Evacuate Collection Set: 0.2ms
[3.167s][info][gc,phases   ] GC(17)   Other: 0.1ms
[3.167s][info][gc,heap     ] GC(17) Eden regions: 30->0(30)
[3.167s][info][gc,heap     ] GC(17) Survivor regions: 5->4(5)
[3.167s][info][gc,heap     ] GC(17) Old regions: 12->16
[3.167s][info][gc,heap     ] GC(17) Archive regions: 2->2
[3.167s][info][gc,heap     ] GC(17) Humongous regions: 0->0
[3.167s][info][gc,metaspace] GC(17) Metaspace: 43747K(44160K)->43747K(44160K) NonClass: 37590K(37824K)->37590K(37824K) Class: 6157K(6336K)->6157K(6336K)
[3.167s][info][gc          ] GC(17) Pause Young (Normal) (G1 Evacuation Pause) 764M->327M(1248M) 9.361ms
[3.167s][info][gc,cpu      ] GC(17) User=0.12s Sys=0.00s Real=0.01s
[3.331s][info][gc,start    ] GC(18) Pause Young (Normal) (G1 Evacuation Pause)
[3.332s][info][gc,task     ] GC(18) Using 13 workers of 13 for evacuation
[3.338s][info][gc,phases   ] GC(18)   Pre Evacuate Collection Set: 0.0ms
[3.338s][info][gc,phases   ] GC(18)   Merge Heap Roots: 0.1ms
[3.338s][info][gc,phases   ] GC(18)   Evacuate Collection Set: 6.2ms
[3.338s][info][gc,phases   ] GC(18)   Post Evacuate Collection Set: 0.2ms
[3.338s][info][gc,phases   ] GC(18)   Other: 0.1ms
[3.338s][info][gc,heap     ] GC(18) Eden regions: 30->0(31)
[3.338s][info][gc,heap     ] GC(18) Survivor regions: 4->4(5)
[3.338s][info][gc,heap     ] GC(18) Old regions: 16->18
[3.338s][info][gc,heap     ] GC(18) Archive regions: 2->2
[3.338s][info][gc,heap     ] GC(18) Humongous regions: 0->0
[3.338s][info][gc,metaspace] GC(18) Metaspace: 44092K(44480K)->44092K(44480K) NonClass: 37914K(38144K)->37914K(38144K) Class: 6178K(6336K)->6178K(6336K)
[3.338s][info][gc          ] GC(18) Pause Young (Normal) (G1 Evacuation Pause) 807M->355M(1248M) 6.643ms
[3.338s][info][gc,cpu      ] GC(18) User=0.09s Sys=0.01s Real=0.00s
[3.450s][info][gc,start    ] GC(19) Pause Young (Normal) (G1 Evacuation Pause)
[3.451s][info][gc,task     ] GC(19) Using 13 workers of 13 for evacuation
[3.463s][info][gc,phases   ] GC(19)   Pre Evacuate Collection Set: 0.1ms
[3.463s][info][gc,phases   ] GC(19)   Merge Heap Roots: 0.1ms
[3.463s][info][gc,phases   ] GC(19)   Evacuate Collection Set: 12.0ms
[3.463s][info][gc,phases   ] GC(19)   Post Evacuate Collection Set: 0.7ms
[3.463s][info][gc,phases   ] GC(19)   Other: 0.1ms
[3.463s][info][gc,heap     ] GC(19) Eden regions: 31->0(101)
[3.463s][info][gc,heap     ] GC(19) Survivor regions: 4->5(5)
[3.463s][info][gc,heap     ] GC(19) Old regions: 18->23
[3.463s][info][gc,heap     ] GC(19) Archive regions: 2->2
[3.463s][info][gc,heap     ] GC(19) Humongous regions: 0->0
[3.463s][info][gc,metaspace] GC(19) Metaspace: 44299K(44736K)->44299K(44736K) NonClass: 38107K(38336K)->38107K(38336K) Class: 6192K(6400K)->6192K(6400K)
[3.463s][info][gc          ] GC(19) Pause Young (Normal) (G1 Evacuation Pause) 851M->453M(3264M) 13.038ms
[3.464s][info][gc,cpu      ] GC(19) User=0.18s Sys=0.00s Real=0.01s
[3.818s][info][gc,start    ] GC(20) Pause Young (Normal) (G1 Evacuation Pause)
[3.818s][info][gc,task     ] GC(20) Using 13 workers of 13 for evacuation
[3.870s][info][gc,phases   ] GC(20)   Pre Evacuate Collection Set: 0.1ms
[3.870s][info][gc,phases   ] GC(20)   Merge Heap Roots: 0.1ms
[3.870s][info][gc,phases   ] GC(20)   Evacuate Collection Set: 51.3ms
[3.870s][info][gc,phases   ] GC(20)   Post Evacuate Collection Set: 0.5ms
[3.871s][info][gc,phases   ] GC(20)   Other: 0.1ms
[3.871s][info][gc,heap     ] GC(20) Eden regions: 101->0(69)
[3.871s][info][gc,heap     ] GC(20) Survivor regions: 5->14(14)
[3.871s][info][gc,heap     ] GC(20) Old regions: 23->39
[3.871s][info][gc,heap     ] GC(20) Archive regions: 2->2
[3.871s][info][gc,heap     ] GC(20) Humongous regions: 0->0
[3.871s][info][gc,metaspace] GC(20) Metaspace: 44507K(44928K)->44507K(44928K) NonClass: 38309K(38528K)->38309K(38528K) Class: 6197K(6400K)->6197K(6400K)
[3.871s][info][gc          ] GC(20) Pause Young (Normal) (G1 Evacuation Pause) 2069M->862M(3264M) 52.130ms
[3.871s][info][gc,cpu      ] GC(20) User=0.67s Sys=0.11s Real=0.06s
[4.126s][info][gc,start    ] GC(21) Pause Young (Normal) (G1 Evacuation Pause)
[4.126s][info][gc,task     ] GC(21) Using 13 workers of 13 for evacuation
[4.167s][info][gc,phases   ] GC(21)   Pre Evacuate Collection Set: 0.1ms
[4.167s][info][gc,phases   ] GC(21)   Merge Heap Roots: 0.1ms
[4.167s][info][gc,phases   ] GC(21)   Evacuate Collection Set: 40.7ms
[4.167s][info][gc,phases   ] GC(21)   Post Evacuate Collection Set: 0.3ms
[4.167s][info][gc,phases   ] GC(21)   Other: 0.1ms
[4.167s][info][gc,heap     ] GC(21) Eden regions: 69->0(61)
[4.167s][info][gc,heap     ] GC(21) Survivor regions: 14->11(11)
[4.167s][info][gc,heap     ] GC(21) Old regions: 39->61
[4.167s][info][gc,heap     ] GC(21) Archive regions: 2->2
[4.167s][info][gc,heap     ] GC(21) Humongous regions: 0->0
[4.167s][info][gc,metaspace] GC(21) Metaspace: 44527K(44928K)->44527K(44928K) NonClass: 38327K(38528K)->38327K(38528K) Class: 6199K(6400K)->6199K(6400K)
[4.167s][info][gc          ] GC(21) Pause Young (Normal) (G1 Evacuation Pause) 1966M->1161M(3264M) 41.269ms
[4.167s][info][gc,cpu      ] GC(21) User=0.57s Sys=0.02s Real=0.04s
[4.369s][info][gc,start    ] GC(22) Pause Young (Normal) (G1 Evacuation Pause)
[4.369s][info][gc,task     ] GC(22) Using 13 workers of 13 for evacuation
[4.402s][info][gc,phases   ] GC(22)   Pre Evacuate Collection Set: 0.1ms
[4.402s][info][gc,phases   ] GC(22)   Merge Heap Roots: 0.1ms
[4.402s][info][gc,phases   ] GC(22)   Evacuate Collection Set: 32.8ms
[4.402s][info][gc,phases   ] GC(22)   Post Evacuate Collection Set: 0.2ms
[4.402s][info][gc,phases   ] GC(22)   Other: 0.1ms
[4.402s][info][gc,heap     ] GC(22) Eden regions: 61->0(54)
[4.402s][info][gc,heap     ] GC(22) Survivor regions: 11->9(9)
[4.402s][info][gc,heap     ] GC(22) Old regions: 61->79
[4.402s][info][gc,heap     ] GC(22) Archive regions: 2->2
[4.402s][info][gc,heap     ] GC(22) Humongous regions: 0->0
[4.402s][info][gc,metaspace] GC(22) Metaspace: 44577K(44992K)->44577K(44992K) NonClass: 38376K(38592K)->38376K(38592K) Class: 6200K(6400K)->6200K(6400K)
[4.402s][info][gc          ] GC(22) Pause Young (Normal) (G1 Evacuation Pause) 2137M->1421M(3264M) 33.360ms
[4.402s][info][gc,cpu      ] GC(22) User=0.42s Sys=0.01s Real=0.04s
[4.569s][info][gc,start    ] GC(23) Pause Young (Normal) (G1 Evacuation Pause)
[4.569s][info][gc,task     ] GC(23) Using 13 workers of 13 for evacuation
[4.599s][info][gc,phases   ] GC(23)   Pre Evacuate Collection Set: 0.1ms
[4.599s][info][gc,phases   ] GC(23)   Merge Heap Roots: 0.1ms
[4.599s][info][gc,phases   ] GC(23)   Evacuate Collection Set: 28.4ms
[4.599s][info][gc,phases   ] GC(23)   Post Evacuate Collection Set: 1.4ms
[4.599s][info][gc,phases   ] GC(23)   Other: 0.1ms
[4.599s][info][gc,heap     ] GC(23) Eden regions: 54->0(154)
[4.599s][info][gc,heap     ] GC(23) Survivor regions: 9->8(8)
[4.599s][info][gc,heap     ] GC(23) Old regions: 79->94
[4.599s][info][gc,heap     ] GC(23) Archive regions: 2->2
[4.599s][info][gc,heap     ] GC(23) Humongous regions: 0->0
[4.599s][info][gc,metaspace] GC(23) Metaspace: 44584K(44992K)->44584K(44992K) NonClass: 38383K(38592K)->38383K(38592K) Class: 6200K(6400K)->6200K(6400K)
[4.599s][info][gc          ] GC(23) Pause Young (Normal) (G1 Evacuation Pause) 2285M->1644M(6528M) 30.211ms
[4.599s][info][gc,cpu      ] GC(23) User=0.35s Sys=0.02s Real=0.04s
[4.997s][info][gc,start    ] GC(24) Pause Young (Normal) (G1 Evacuation Pause)
[4.997s][info][gc,task     ] GC(24) Using 13 workers of 13 for evacuation
[5.062s][info][gc,phases   ] GC(24)   Pre Evacuate Collection Set: 0.1ms
[5.062s][info][gc,phases   ] GC(24)   Merge Heap Roots: 0.1ms
[5.062s][info][gc,phases   ] GC(24)   Evacuate Collection Set: 64.7ms
[5.062s][info][gc,phases   ] GC(24)   Post Evacuate Collection Set: 0.3ms
[5.062s][info][gc,phases   ] GC(24)   Other: 0.1ms
[5.062s][info][gc,heap     ] GC(24) Eden regions: 154->0(135)
[5.062s][info][gc,heap     ] GC(24) Survivor regions: 8->21(21)
[5.062s][info][gc,heap     ] GC(24) Old regions: 94->116
[5.062s][info][gc,heap     ] GC(24) Archive regions: 2->2
[5.062s][info][gc,heap     ] GC(24) Humongous regions: 0->0
[5.062s][info][gc,metaspace] GC(24) Metaspace: 44642K(45056K)->44642K(45056K) NonClass: 38436K(38656K)->38436K(38656K) Class: 6205K(6400K)->6205K(6400K)
[5.062s][info][gc          ] GC(24) Pause Young (Normal) (G1 Evacuation Pause) 4108M->2207M(6528M) 65.403ms
[5.062s][info][gc,cpu      ] GC(24) User=0.78s Sys=0.09s Real=0.07s
[5.340s][info][gc,start    ] GC(25) Pause Young (Normal) (G1 Evacuation Pause)
[5.340s][info][gc,task     ] GC(25) Using 13 workers of 13 for evacuation
[5.410s][info][gc,phases   ] GC(25)   Pre Evacuate Collection Set: 0.0ms
[5.410s][info][gc,phases   ] GC(25)   Merge Heap Roots: 0.1ms
[5.410s][info][gc,phases   ] GC(25)   Evacuate Collection Set: 68.9ms
[5.410s][info][gc,phases   ] GC(25)   Post Evacuate Collection Set: 0.3ms
[5.410s][info][gc,phases   ] GC(25)   Other: 0.1ms
[5.410s][info][gc,heap     ] GC(25) Eden regions: 135->0(117)
[5.410s][info][gc,heap     ] GC(25) Survivor regions: 21->20(20)
[5.410s][info][gc,heap     ] GC(25) Old regions: 116->150
[5.410s][info][gc,heap     ] GC(25) Archive regions: 2->2
[5.410s][info][gc,heap     ] GC(25) Humongous regions: 0->0
[5.410s][info][gc,metaspace] GC(25) Metaspace: 44713K(45120K)->44713K(45120K) NonClass: 38502K(38720K)->38502K(38720K) Class: 6211K(6400K)->6211K(6400K)
[5.410s][info][gc          ] GC(25) Pause Young (Normal) (G1 Evacuation Pause) 4367M->2735M(6528M) 69.493ms
[5.410s][info][gc,cpu      ] GC(25) User=0.86s Sys=0.04s Real=0.07s
[5.654s][info][gc,start    ] GC(26) Pause Young (Normal) (G1 Evacuation Pause)
[5.654s][info][gc,task     ] GC(26) Using 13 workers of 13 for evacuation
[5.723s][info][gc,phases   ] GC(26)   Pre Evacuate Collection Set: 0.1ms
[5.723s][info][gc,phases   ] GC(26)   Merge Heap Roots: 0.1ms
[5.723s][info][gc,phases   ] GC(26)   Evacuate Collection Set: 68.3ms
[5.723s][info][gc,phases   ] GC(26)   Post Evacuate Collection Set: 0.3ms
[5.723s][info][gc,phases   ] GC(26)   Other: 0.1ms
[5.723s][info][gc,heap     ] GC(26) Eden regions: 117->0(100)
[5.723s][info][gc,heap     ] GC(26) Survivor regions: 20->18(18)
[5.723s][info][gc,heap     ] GC(26) Old regions: 150->183
[5.723s][info][gc,heap     ] GC(26) Archive regions: 2->2
[5.723s][info][gc,heap     ] GC(26) Humongous regions: 0->0
[5.723s][info][gc,metaspace] GC(26) Metaspace: 44930K(45376K)->44930K(45376K) NonClass: 38712K(38976K)->38712K(38976K) Class: 6218K(6400K)->6218K(6400K)
[5.723s][info][gc          ] GC(26) Pause Young (Normal) (G1 Evacuation Pause) 4607M->3230M(6528M) 69.001ms
[5.723s][info][gc,cpu      ] GC(26) User=0.92s Sys=0.01s Real=0.07s
[5.888s][info][gc,start    ] GC(27) Pause Young (Concurrent Start) (G1 Evacuation Pause)
[5.888s][info][gc,task     ] GC(27) Using 13 workers of 13 for evacuation
[5.946s][info][gc,phases   ] GC(27)   Pre Evacuate Collection Set: 0.1ms
[5.946s][info][gc,phases   ] GC(27)   Merge Heap Roots: 0.1ms
[5.946s][info][gc,phases   ] GC(27)   Evacuate Collection Set: 55.8ms
[5.946s][info][gc,phases   ] GC(27)   Post Evacuate Collection Set: 1.9ms
[5.946s][info][gc,phases   ] GC(27)   Other: 0.1ms
[5.946s][info][gc,heap     ] GC(27) Eden regions: 100->0(210)
[5.946s][info][gc,heap     ] GC(27) Survivor regions: 18->15(15)
[5.946s][info][gc,heap     ] GC(27) Old regions: 183->215
[5.946s][info][gc,heap     ] GC(27) Archive regions: 2->2
[5.946s][info][gc,heap     ] GC(27) Humongous regions: 0->0
[5.946s][info][gc,metaspace] GC(27) Metaspace: 44964K(45376K)->44964K(45376K) NonClass: 38746K(38976K)->38746K(38976K) Class: 6218K(6400K)->6218K(6400K)
[5.946s][info][gc          ] GC(27) Pause Young (Concurrent Start) (G1 Evacuation Pause) 4830M->3687M(12304M) 58.119ms
[5.946s][info][gc,cpu      ] GC(27) User=0.70s Sys=0.04s Real=0.06s
[5.946s][info][gc          ] GC(28) Concurrent Mark Cycle
[5.946s][info][gc,marking  ] GC(28) Concurrent Clear Claimed Marks
[5.946s][info][gc,marking  ] GC(28) Concurrent Clear Claimed Marks 0.029ms
[5.946s][info][gc,marking  ] GC(28) Concurrent Scan Root Regions
[6.070s][info][gc,marking  ] GC(28) Concurrent Scan Root Regions 123.364ms
[6.070s][info][gc,marking  ] GC(28) Concurrent Mark
[6.070s][info][gc,marking  ] GC(28) Concurrent Mark From Roots
[6.070s][info][gc,task     ] GC(28) Using 3 workers of 3 for marking
[6.202s][info][gc,marking  ] GC(28) Concurrent Mark From Roots 132.758ms
[6.202s][info][gc,marking  ] GC(28) Concurrent Preclean
[6.204s][info][gc,marking  ] GC(28) Concurrent Preclean 1.664ms
[6.204s][info][gc,start    ] GC(28) Pause Remark
[6.206s][info][gc          ] GC(28) Pause Remark 5347M->4723M(12304M) 1.595ms
[6.206s][info][gc,cpu      ] GC(28) User=0.02s Sys=0.01s Real=0.00s
[6.206s][info][gc,marking  ] GC(28) Concurrent Mark 136.351ms
[6.206s][info][gc,marking  ] GC(28) Concurrent Rebuild Remembered Sets
[6.460s][info][gc,start    ] GC(29) Pause Young (Normal) (G1 Evacuation Pause)
[6.460s][info][gc,task     ] GC(29) Using 13 workers of 13 for evacuation
[6.547s][info][gc,phases   ] GC(29)   Pre Evacuate Collection Set: 0.1ms
[6.547s][info][gc,phases   ] GC(29)   Merge Heap Roots: 0.1ms
[6.547s][info][gc,phases   ] GC(29)   Evacuate Collection Set: 84.9ms
[6.547s][info][gc,phases   ] GC(29)   Post Evacuate Collection Set: 1.8ms
[6.547s][info][gc,phases   ] GC(29)   Other: 0.1ms
[6.547s][info][gc,heap     ] GC(29) Eden regions: 210->0(191)
[6.547s][info][gc,heap     ] GC(29) Survivor regions: 15->29(29)
[6.547s][info][gc,heap     ] GC(29) Old regions: 176->207
[6.547s][info][gc,heap     ] GC(29) Archive regions: 2->2
[6.547s][info][gc,heap     ] GC(29) Humongous regions: 0->0
[6.547s][info][gc,metaspace] GC(29) Metaspace: 45006K(45376K)->45006K(45376K) NonClass: 38787K(38976K)->38787K(38976K) Class: 6218K(6400K)->6218K(6400K)
[6.547s][info][gc          ] GC(29) Pause Young (Normal) (G1 Evacuation Pause) 6423M->3789M(12304M) 87.178ms
[6.547s][info][gc,cpu      ] GC(29) User=1.00s Sys=0.11s Real=0.08s
[6.922s][info][gc,marking  ] GC(28) Concurrent Rebuild Remembered Sets 715.660ms
[6.924s][info][gc,start    ] GC(28) Pause Cleanup
[6.924s][info][gc          ] GC(28) Pause Cleanup 6221M->6221M(12304M) 0.188ms
[6.924s][info][gc,cpu      ] GC(28) User=0.00s Sys=0.00s Real=0.00s
[6.924s][info][gc,marking  ] GC(28) Concurrent Cleanup for Next Mark
[6.933s][info][gc,marking  ] GC(28) Concurrent Cleanup for Next Mark 9.257ms
[6.933s][info][gc          ] GC(28) Concurrent Mark Cycle 986.979ms
[6.990s][info][gc,start    ] GC(30) Pause Young (Prepare Mixed) (G1 Evacuation Pause)
[6.990s][info][gc,task     ] GC(30) Using 13 workers of 13 for evacuation
[7.092s][info][gc,phases   ] GC(30)   Pre Evacuate Collection Set: 0.1ms
[7.092s][info][gc,phases   ] GC(30)   Merge Heap Roots: 0.1ms
[7.092s][info][gc,phases   ] GC(30)   Evacuate Collection Set: 101.6ms
[7.092s][info][gc,phases   ] GC(30)   Post Evacuate Collection Set: 0.4ms
[7.092s][info][gc,phases   ] GC(30)   Other: 0.1ms
[7.092s][info][gc,heap     ] GC(30) Eden regions: 191->0(10)
[7.092s][info][gc,heap     ] GC(30) Survivor regions: 29->28(28)
[7.092s][info][gc,heap     ] GC(30) Old regions: 207->261
[7.092s][info][gc,heap     ] GC(30) Archive regions: 2->2
[7.092s][info][gc,heap     ] GC(30) Humongous regions: 0->0
[7.092s][info][gc,metaspace] GC(30) Metaspace: 45019K(45440K)->45019K(45440K) NonClass: 38800K(39040K)->38800K(39040K) Class: 6219K(6400K)->6219K(6400K)
[7.092s][info][gc          ] GC(30) Pause Young (Prepare Mixed) (G1 Evacuation Pause) 6845M->4639M(12304M) 102.353ms
[7.092s][info][gc,cpu      ] GC(30) User=1.25s Sys=0.07s Real=0.10s
[7.108s][info][gc,start    ] GC(31) Pause Young (Mixed) (G1 Evacuation Pause)
[7.108s][info][gc,task     ] GC(31) Using 13 workers of 13 for evacuation
[7.162s][info][gc,phases   ] GC(31)   Pre Evacuate Collection Set: 0.1ms
[7.162s][info][gc,phases   ] GC(31)   Merge Heap Roots: 0.1ms
[7.162s][info][gc,phases   ] GC(31)   Evacuate Collection Set: 53.1ms
[7.162s][info][gc,phases   ] GC(31)   Post Evacuate Collection Set: 0.4ms
[7.162s][info][gc,phases   ] GC(31)   Other: 0.1ms
[7.162s][info][gc,heap     ] GC(31) Eden regions: 10->0(33)
[7.162s][info][gc,heap     ] GC(31) Survivor regions: 28->5(5)
[7.162s][info][gc,heap     ] GC(31) Old regions: 261->218
[7.162s][info][gc,heap     ] GC(31) Archive regions: 2->2
[7.162s][info][gc,heap     ] GC(31) Humongous regions: 0->0
[7.162s][info][gc,metaspace] GC(31) Metaspace: 45019K(45440K)->45019K(45440K) NonClass: 38800K(39040K)->38800K(39040K) Class: 6219K(6400K)->6219K(6400K)
[7.162s][info][gc          ] GC(31) Pause Young (Mixed) (G1 Evacuation Pause) 4799M->3583M(12304M) 53.855ms
[7.162s][info][gc,cpu      ] GC(31) User=0.69s Sys=0.01s Real=0.06s
[7.217s][info][gc,start    ] GC(32) Pause Young (Mixed) (G1 Evacuation Pause)
[7.217s][info][gc,task     ] GC(32) Using 13 workers of 13 for evacuation
[7.250s][info][gc,phases   ] GC(32)   Pre Evacuate Collection Set: 0.1ms
[7.250s][info][gc,phases   ] GC(32)   Merge Heap Roots: 0.1ms
[7.250s][info][gc,phases   ] GC(32)   Evacuate Collection Set: 31.9ms
[7.250s][info][gc,phases   ] GC(32)   Post Evacuate Collection Set: 0.2ms
[7.250s][info][gc,phases   ] GC(32)   Other: 0.1ms
[7.250s][info][gc,heap     ] GC(32) Eden regions: 33->0(253)
[7.250s][info][gc,heap     ] GC(32) Survivor regions: 5->5(5)
[7.250s][info][gc,heap     ] GC(32) Old regions: 218->223
[7.250s][info][gc,heap     ] GC(32) Archive regions: 2->2
[7.250s][info][gc,heap     ] GC(32) Humongous regions: 0->0
[7.250s][info][gc,metaspace] GC(32) Metaspace: 45025K(45440K)->45025K(45440K) NonClass: 38806K(39040K)->38806K(39040K) Class: 6219K(6400K)->6219K(6400K)
[7.250s][info][gc          ] GC(32) Pause Young (Mixed) (G1 Evacuation Pause) 4111M->3663M(12304M) 32.518ms
[7.250s][info][gc,cpu      ] GC(32) User=0.40s Sys=0.00s Real=0.04s
[7.724s][info][gc,start    ] GC(33) Pause Young (Normal) (G1 Evacuation Pause)
[7.724s][info][gc,task     ] GC(33) Using 13 workers of 13 for evacuation
[7.840s][info][gc,phases   ] GC(33)   Pre Evacuate Collection Set: 0.1ms
[7.840s][info][gc,phases   ] GC(33)   Merge Heap Roots: 0.1ms
[7.840s][info][gc,phases   ] GC(33)   Evacuate Collection Set: 114.7ms
[7.840s][info][gc,phases   ] GC(33)   Post Evacuate Collection Set: 0.3ms
[7.840s][info][gc,phases   ] GC(33)   Other: 0.1ms
[7.840s][info][gc,heap     ] GC(33) Eden regions: 253->0(227)
[7.840s][info][gc,heap     ] GC(33) Survivor regions: 5->33(33)
[7.840s][info][gc,heap     ] GC(33) Old regions: 223->263
[7.840s][info][gc,heap     ] GC(33) Archive regions: 2->2
[7.840s][info][gc,heap     ] GC(33) Humongous regions: 0->0
[7.840s][info][gc,metaspace] GC(33) Metaspace: 45082K(45504K)->45082K(45504K) NonClass: 38860K(39104K)->38860K(39104K) Class: 6221K(6400K)->6221K(6400K)
[7.840s][info][gc          ] GC(33) Pause Young (Normal) (G1 Evacuation Pause) 7711M->4748M(12304M) 115.431ms
[7.840s][info][gc,cpu      ] GC(33) User=1.38s Sys=0.11s Real=0.12s
[8.207s][info][gc,start    ] GC(34) Pause Young (Normal) (G1 Evacuation Pause)
[8.207s][info][gc,task     ] GC(34) Using 13 workers of 13 for evacuation
[8.307s][info][gc,phases   ] GC(34)   Pre Evacuate Collection Set: 0.1ms
[8.307s][info][gc,phases   ] GC(34)   Merge Heap Roots: 0.1ms
[8.307s][info][gc,phases   ] GC(34)   Evacuate Collection Set: 97.2ms
[8.307s][info][gc,phases   ] GC(34)   Post Evacuate Collection Set: 2.4ms
[8.307s][info][gc,phases   ] GC(34)   Other: 0.1ms
[8.307s][info][gc,heap     ] GC(34) Eden regions: 227->0(260)
[8.307s][info][gc,heap     ] GC(34) Survivor regions: 33->33(33)
[8.307s][info][gc,heap     ] GC(34) Old regions: 263->310
[8.307s][info][gc,heap     ] GC(34) Archive regions: 2->2
[8.307s][info][gc,heap     ] GC(34) Humongous regions: 0->0
[8.307s][info][gc,metaspace] GC(34) Metaspace: 45168K(45568K)->45168K(45568K) NonClass: 38946K(39168K)->38946K(39168K) Class: 6222K(6400K)->6222K(6400K)
[8.307s][info][gc          ] GC(34) Pause Young (Normal) (G1 Evacuation Pause) 8380M->5495M(19664M) 100.043ms
[8.307s][info][gc,cpu      ] GC(34) User=1.24s Sys=0.02s Real=0.10s
[8.793s][info][gc,start    ] GC(35) Pause Young (Normal) (G1 Evacuation Pause)
[8.793s][info][gc,task     ] GC(35) Using 13 workers of 13 for evacuation
[8.907s][info][gc,phases   ] GC(35)   Pre Evacuate Collection Set: 0.1ms
[8.907s][info][gc,phases   ] GC(35)   Merge Heap Roots: 0.1ms
[8.907s][info][gc,phases   ] GC(35)   Evacuate Collection Set: 112.6ms
[8.907s][info][gc,phases   ] GC(35)   Post Evacuate Collection Set: 0.4ms
[8.907s][info][gc,phases   ] GC(35)   Other: 0.1ms
[8.907s][info][gc,heap     ] GC(35) Eden regions: 260->0(301)
[8.907s][info][gc,heap     ] GC(35) Survivor regions: 33->37(37)
[8.907s][info][gc,heap     ] GC(35) Old regions: 310->351
[8.907s][info][gc,heap     ] GC(35) Archive regions: 2->2
[8.907s][info][gc,heap     ] GC(35) Humongous regions: 0->0
[8.907s][info][gc,metaspace] GC(35) Metaspace: 45169K(45568K)->45169K(45568K) NonClass: 38947K(39168K)->38947K(39168K) Class: 6222K(6400K)->6222K(6400K)
[8.907s][info][gc          ] GC(35) Pause Young (Normal) (G1 Evacuation Pause) 9655M->6215M(19664M) 113.428ms
[8.907s][info][gc,cpu      ] GC(35) User=1.38s Sys=0.11s Real=0.11s
[9.458s][info][gc,start    ] GC(36) Pause Young (Normal) (G1 Evacuation Pause)
[9.458s][info][gc,task     ] GC(36) Using 13 workers of 13 for evacuation
[9.544s][info][gc,phases   ] GC(36)   Pre Evacuate Collection Set: 0.1ms
[9.544s][info][gc,phases   ] GC(36)   Merge Heap Roots: 0.1ms
[9.544s][info][gc,phases   ] GC(36)   Evacuate Collection Set: 85.5ms
[9.544s][info][gc,phases   ] GC(36)   Post Evacuate Collection Set: 0.4ms
[9.544s][info][gc,phases   ] GC(36)   Other: 0.1ms
[9.544s][info][gc,heap     ] GC(36) Eden regions: 301->0(355)
[9.544s][info][gc,heap     ] GC(36) Survivor regions: 37->37(43)
[9.544s][info][gc,heap     ] GC(36) Old regions: 351->376
[9.544s][info][gc,heap     ] GC(36) Archive regions: 2->2
[9.544s][info][gc,heap     ] GC(36) Humongous regions: 0->0
[9.544s][info][gc,metaspace] GC(36) Metaspace: 45186K(45568K)->45186K(45568K) NonClass: 38964K(39168K)->38964K(39168K) Class: 6222K(6400K)->6222K(6400K)
[9.544s][info][gc          ] GC(36) Pause Young (Normal) (G1 Evacuation Pause) 11031M->6615M(19664M) 86.282ms
[9.544s][info][gc,cpu      ] GC(36) User=1.00s Sys=0.10s Real=0.09s
[10.127s][info][gc,start    ] GC(37) Pause Young (Normal) (G1 Evacuation Pause)
[10.127s][info][gc,task     ] GC(37) Using 13 workers of 13 for evacuation
[10.202s][info][gc,phases   ] GC(37)   Pre Evacuate Collection Set: 0.1ms
[10.202s][info][gc,phases   ] GC(37)   Merge Heap Roots: 0.1ms
[10.202s][info][gc,phases   ] GC(37)   Evacuate Collection Set: 74.3ms
[10.202s][info][gc,phases   ] GC(37)   Post Evacuate Collection Set: 0.3ms
[10.202s][info][gc,phases   ] GC(37)   Other: 0.1ms
[10.202s][info][gc,heap     ] GC(37) Eden regions: 355->0(520)
[10.202s][info][gc,heap     ] GC(37) Survivor regions: 37->32(49)
[10.202s][info][gc,heap     ] GC(37) Old regions: 376->401
[10.202s][info][gc,heap     ] GC(37) Archive regions: 2->2
[10.202s][info][gc,heap     ] GC(37) Humongous regions: 0->0
[10.202s][info][gc,metaspace] GC(37) Metaspace: 45260K(45632K)->45260K(45632K) NonClass: 39037K(39232K)->39037K(39232K) Class: 6222K(6400K)->6222K(6400K)
[10.202s][info][gc          ] GC(37) Pause Young (Normal) (G1 Evacuation Pause) 12295M->6933M(19664M) 75.103ms
[10.202s][info][gc,cpu      ] GC(37) User=0.93s Sys=0.08s Real=0.08s
[11.045s][info][gc,start    ] GC(38) Pause Young (Normal) (G1 Evacuation Pause)
[11.045s][info][gc,task     ] GC(38) Using 13 workers of 13 for evacuation
[11.116s][info][gc,phases   ] GC(38)   Pre Evacuate Collection Set: 0.1ms
[11.116s][info][gc,phases   ] GC(38)   Merge Heap Roots: 0.1ms
[11.116s][info][gc,phases   ] GC(38)   Evacuate Collection Set: 69.0ms
[11.116s][info][gc,phases   ] GC(38)   Post Evacuate Collection Set: 1.3ms
[11.116s][info][gc,phases   ] GC(38)   Other: 0.2ms
[11.116s][info][gc,heap     ] GC(38) Eden regions: 520->0(595)
[11.116s][info][gc,heap     ] GC(38) Survivor regions: 32->57(69)
[11.116s][info][gc,heap     ] GC(38) Old regions: 401->401
[11.116s][info][gc,heap     ] GC(38) Archive regions: 2->2
[11.116s][info][gc,heap     ] GC(38) Humongous regions: 0->0
[11.116s][info][gc,metaspace] GC(38) Metaspace: 45335K(45760K)->45335K(45760K) NonClass: 39113K(39360K)->39113K(39360K) Class: 6222K(6400K)->6222K(6400K)
[11.116s][info][gc          ] GC(38) Pause Young (Normal) (G1 Evacuation Pause) 15253M->7339M(21872M) 70.744ms
[11.116s][info][gc,cpu      ] GC(38) User=0.88s Sys=0.01s Real=0.07s
[12.106s][info][gc,heap,exit] Heap
[12.106s][info][gc,heap,exit]  garbage-first heap   total 22396928K, used 12933667K [0x0000007001000000, 0x000000777f000000)
[12.106s][info][gc,heap,exit]   region size 16384K, 388 young (6356992K), 57 survivors (933888K)
[12.106s][info][gc,heap,exit]  Metaspace       used 45709K, committed 46144K, reserved 1114112K
[12.106s][info][gc,heap,exit]   class space    used 6271K, committed 6464K, reserved 1048576K
