[0.280s][info][gc] Using G1
[0.281s][info][gc,init] Version: 17.0.14+1-b1367.22 (release)
[0.281s][info][gc,init] CPUs: 16 total, 16 available
[0.281s][info][gc,init] Memory: 128G
[0.281s][info][gc,init] Large Page Support: Disabled
[0.281s][info][gc,init] NUMA Support: Disabled
[0.281s][info][gc,init] Compressed Oops: Enabled (Non-zero disjoint base)
[0.282s][info][gc,init] Heap Region Size: 16M
[0.282s][info][gc,init] Heap Min Capacity: 16M
[0.282s][info][gc,init] Heap Initial Capacity: 2G
[0.282s][info][gc,init] Heap Max Capacity: 30688M
[0.282s][info][gc,init] Pre-touch: Disabled
[0.282s][info][gc,init] Parallel Workers: 13
[0.282s][info][gc,init] Concurrent Workers: 3
[0.282s][info][gc,init] Concurrent Refinement Workers: 13
[0.282s][info][gc,init] Periodic GC: Disabled
[0.284s][info][gc,metaspace] CDS archive(s) mapped at: [0x000000a800000000-0x000000a800c24000-0x000000a800c24000), size 12730368, SharedBaseAddress: 0x000000a800000000, ArchiveRelocationMode: 1.
[0.284s][info][gc,metaspace] Compressed class space mapped at: 0x000000a801000000-0x000000a841000000, reserved size: 1073741824
[0.284s][info][gc,metaspace] Narrow klass base: 0x000000a800000000, Narrow klass shift: 0, Narrow klass range: 0x100000000
[0.728s][info][gc,start    ] GC(0) Pause Young (Concurrent Start) (Metadata GC Threshold)
[0.729s][info][gc,task     ] GC(0) Using 13 workers of 13 for evacuation
[0.730s][info][gc,phases   ] GC(0)   Pre Evacuate Collection Set: 0.1ms
[0.730s][info][gc,phases   ] GC(0)   Merge Heap Roots: 0.1ms
[0.730s][info][gc,phases   ] GC(0)   Evacuate Collection Set: 1.1ms
[0.730s][info][gc,phases   ] GC(0)   Post Evacuate Collection Set: 0.3ms
[0.730s][info][gc,phases   ] GC(0)   Other: 0.4ms
[0.730s][info][gc,heap     ] GC(0) Eden regions: 6->0(5)
[0.730s][info][gc,heap     ] GC(0) Survivor regions: 0->1(1)
[0.730s][info][gc,heap     ] GC(0) Old regions: 0->0
[0.730s][info][gc,heap     ] GC(0) Archive regions: 2->2
[0.730s][info][gc,heap     ] GC(0) Humongous regions: 0->0
[0.730s][info][gc,metaspace] GC(0) Metaspace: 21325K(21504K)->21325K(21504K) NonClass: 18352K(18432K)->18352K(18432K) Class: 2973K(3072K)->2973K(3072K)
[0.730s][info][gc          ] GC(0) Pause Young (Concurrent Start) (Metadata GC Threshold) 101M->26M(2080M) 2.040ms
[0.730s][info][gc,cpu      ] GC(0) User=0.01s Sys=0.00s Real=0.00s
[0.731s][info][gc          ] GC(1) Concurrent Mark Cycle
[0.731s][info][gc,marking  ] GC(1) Concurrent Clear Claimed Marks
[0.731s][info][gc,marking  ] GC(1) Concurrent Clear Claimed Marks 0.009ms
[0.731s][info][gc,marking  ] GC(1) Concurrent Scan Root Regions
[0.732s][info][gc,marking  ] GC(1) Concurrent Scan Root Regions 1.765ms
[0.732s][info][gc,marking  ] GC(1) Concurrent Mark
[0.732s][info][gc,marking  ] GC(1) Concurrent Mark From Roots
[0.732s][info][gc,task     ] GC(1) Using 3 workers of 3 for marking
[0.733s][info][gc,marking  ] GC(1) Concurrent Mark From Roots 0.640ms
[0.733s][info][gc,marking  ] GC(1) Concurrent Preclean
[0.733s][info][gc,marking  ] GC(1) Concurrent Preclean 0.020ms
[0.733s][info][gc,start    ] GC(1) Pause Remark
[0.734s][info][gc          ] GC(1) Pause Remark 29M->29M(224M) 0.615ms
[0.734s][info][gc,cpu      ] GC(1) User=0.01s Sys=0.00s Real=0.00s
[0.734s][info][gc,marking  ] GC(1) Concurrent Mark 1.434ms
[0.734s][info][gc,marking  ] GC(1) Concurrent Rebuild Remembered Sets
[0.734s][info][gc,marking  ] GC(1) Concurrent Rebuild Remembered Sets 0.006ms
[0.734s][info][gc,start    ] GC(1) Pause Cleanup
[0.734s][info][gc          ] GC(1) Pause Cleanup 29M->29M(224M) 0.008ms
[0.734s][info][gc,cpu      ] GC(1) User=0.00s Sys=0.00s Real=0.00s
[0.734s][info][gc,marking  ] GC(1) Concurrent Cleanup for Next Mark
[0.734s][info][gc,marking  ] GC(1) Concurrent Cleanup for Next Mark 0.199ms
[0.734s][info][gc          ] GC(1) Concurrent Mark Cycle 3.541ms
[1.146s][info][gc,start    ] GC(2) Pause Young (Normal) (G1 Evacuation Pause)
[1.146s][info][gc,task     ] GC(2) Using 9 workers of 13 for evacuation
[1.151s][info][gc,phases   ] GC(2)   Pre Evacuate Collection Set: 0.1ms
[1.151s][info][gc,phases   ] GC(2)   Merge Heap Roots: 0.1ms
[1.151s][info][gc,phases   ] GC(2)   Evacuate Collection Set: 3.8ms
[1.151s][info][gc,phases   ] GC(2)   Post Evacuate Collection Set: 0.4ms
[1.151s][info][gc,phases   ] GC(2)   Other: 0.1ms
[1.151s][info][gc,heap     ] GC(2) Eden regions: 5->0(4)
[1.151s][info][gc,heap     ] GC(2) Survivor regions: 1->1(1)
[1.151s][info][gc,heap     ] GC(2) Old regions: 0->1
[1.151s][info][gc,heap     ] GC(2) Archive regions: 2->2
[1.151s][info][gc,heap     ] GC(2) Humongous regions: 0->0
[1.151s][info][gc,metaspace] GC(2) Metaspace: 31599K(31872K)->31599K(31872K) NonClass: 27512K(27648K)->27512K(27648K) Class: 4087K(4224K)->4087K(4224K)
[1.151s][info][gc          ] GC(2) Pause Young (Normal) (G1 Evacuation Pause) 106M->39M(224M) 4.455ms
[1.151s][info][gc,cpu      ] GC(2) User=0.03s Sys=0.00s Real=0.00s
[1.414s][info][gc,start    ] GC(3) Pause Young (Normal) (G1 Evacuation Pause)
[1.414s][info][gc,task     ] GC(3) Using 7 workers of 13 for evacuation
[1.417s][info][gc,phases   ] GC(3)   Pre Evacuate Collection Set: 0.1ms
[1.417s][info][gc,phases   ] GC(3)   Merge Heap Roots: 0.1ms
[1.417s][info][gc,phases   ] GC(3)   Evacuate Collection Set: 3.0ms
[1.417s][info][gc,phases   ] GC(3)   Post Evacuate Collection Set: 0.2ms
[1.417s][info][gc,phases   ] GC(3)   Other: 0.1ms
[1.417s][info][gc,heap     ] GC(3) Eden regions: 4->0(4)
[1.417s][info][gc,heap     ] GC(3) Survivor regions: 1->1(1)
[1.417s][info][gc,heap     ] GC(3) Old regions: 1->2
[1.417s][info][gc,heap     ] GC(3) Archive regions: 2->2
[1.417s][info][gc,heap     ] GC(3) Humongous regions: 0->0
[1.417s][info][gc,metaspace] GC(3) Metaspace: 31979K(32256K)->31979K(32256K) NonClass: 27874K(28032K)->27874K(28032K) Class: 4104K(4224K)->4104K(4224K)
[1.417s][info][gc          ] GC(3) Pause Young (Normal) (G1 Evacuation Pause) 103M->43M(224M) 3.595ms
[1.417s][info][gc,cpu      ] GC(3) User=0.04s Sys=0.00s Real=0.00s
[1.586s][info][gc,start    ] GC(4) Pause Young (Normal) (G1 Evacuation Pause)
[1.586s][info][gc,task     ] GC(4) Using 6 workers of 13 for evacuation
[1.588s][info][gc,phases   ] GC(4)   Pre Evacuate Collection Set: 0.0ms
[1.588s][info][gc,phases   ] GC(4)   Merge Heap Roots: 0.0ms
[1.588s][info][gc,phases   ] GC(4)   Evacuate Collection Set: 1.3ms
[1.588s][info][gc,phases   ] GC(4)   Post Evacuate Collection Set: 0.2ms
[1.588s][info][gc,phases   ] GC(4)   Other: 0.1ms
[1.588s][info][gc,heap     ] GC(4) Eden regions: 4->0(5)
[1.588s][info][gc,heap     ] GC(4) Survivor regions: 1->1(1)
[1.588s][info][gc,heap     ] GC(4) Old regions: 2->2
[1.588s][info][gc,heap     ] GC(4) Archive regions: 2->2
[1.588s][info][gc,heap     ] GC(4) Humongous regions: 0->0
[1.588s][info][gc,metaspace] GC(4) Metaspace: 32072K(32448K)->32072K(32448K) NonClass: 27964K(28160K)->27964K(28160K) Class: 4108K(4288K)->4108K(4288K)
[1.588s][info][gc          ] GC(4) Pause Young (Normal) (G1 Evacuation Pause) 107M->46M(224M) 1.721ms
[1.588s][info][gc,cpu      ] GC(4) User=0.02s Sys=0.00s Real=0.00s
[1.753s][info][gc,start    ] GC(5) Pause Young (Normal) (G1 Evacuation Pause)
[1.753s][info][gc,task     ] GC(5) Using 5 workers of 13 for evacuation
[1.756s][info][gc,phases   ] GC(5)   Pre Evacuate Collection Set: 0.0ms
[1.756s][info][gc,phases   ] GC(5)   Merge Heap Roots: 0.0ms
[1.756s][info][gc,phases   ] GC(5)   Evacuate Collection Set: 2.1ms
[1.756s][info][gc,phases   ] GC(5)   Post Evacuate Collection Set: 0.2ms
[1.756s][info][gc,phases   ] GC(5)   Other: 0.1ms
[1.756s][info][gc,heap     ] GC(5) Eden regions: 5->0(5)
[1.756s][info][gc,heap     ] GC(5) Survivor regions: 1->1(1)
[1.756s][info][gc,heap     ] GC(5) Old regions: 2->2
[1.756s][info][gc,heap     ] GC(5) Archive regions: 2->2
[1.756s][info][gc,heap     ] GC(5) Humongous regions: 0->0
[1.756s][info][gc,metaspace] GC(5) Metaspace: 32141K(32512K)->32141K(32512K) NonClass: 28029K(28224K)->28029K(28224K) Class: 4111K(4288K)->4111K(4288K)
[1.756s][info][gc          ] GC(5) Pause Young (Normal) (G1 Evacuation Pause) 126M->51M(224M) 2.509ms
[1.756s][info][gc,cpu      ] GC(5) User=0.02s Sys=0.00s Real=0.00s
[1.878s][info][gc,start    ] GC(6) Pause Young (Normal) (G1 Evacuation Pause)
[1.878s][info][gc,task     ] GC(6) Using 5 workers of 13 for evacuation
[1.880s][info][gc,phases   ] GC(6)   Pre Evacuate Collection Set: 0.0ms
[1.880s][info][gc,phases   ] GC(6)   Merge Heap Roots: 0.0ms
[1.880s][info][gc,phases   ] GC(6)   Evacuate Collection Set: 2.0ms
[1.880s][info][gc,phases   ] GC(6)   Post Evacuate Collection Set: 0.1ms
[1.880s][info][gc,phases   ] GC(6)   Other: 0.1ms
[1.880s][info][gc,heap     ] GC(6) Eden regions: 5->0(5)
[1.880s][info][gc,heap     ] GC(6) Survivor regions: 1->1(1)
[1.880s][info][gc,heap     ] GC(6) Old regions: 2->2
[1.880s][info][gc,heap     ] GC(6) Archive regions: 2->2
[1.880s][info][gc,heap     ] GC(6) Humongous regions: 0->0
[1.880s][info][gc,metaspace] GC(6) Metaspace: 32213K(32576K)->32213K(32576K) NonClass: 28100K(28288K)->28100K(28288K) Class: 4113K(4288K)->4113K(4288K)
[1.880s][info][gc          ] GC(6) Pause Young (Normal) (G1 Evacuation Pause) 131M->55M(224M) 2.343ms
[1.880s][info][gc,cpu      ] GC(6) User=0.01s Sys=0.00s Real=0.00s
[1.996s][info][gc,start    ] GC(7) Pause Young (Normal) (G1 Evacuation Pause)
[1.996s][info][gc,task     ] GC(7) Using 5 workers of 13 for evacuation
[1.998s][info][gc,phases   ] GC(7)   Pre Evacuate Collection Set: 0.0ms
[1.998s][info][gc,phases   ] GC(7)   Merge Heap Roots: 0.0ms
[1.998s][info][gc,phases   ] GC(7)   Evacuate Collection Set: 2.1ms
[1.998s][info][gc,phases   ] GC(7)   Post Evacuate Collection Set: 0.3ms
[1.998s][info][gc,phases   ] GC(7)   Other: 0.1ms
[1.998s][info][gc,heap     ] GC(7) Eden regions: 5->0(40)
[1.998s][info][gc,heap     ] GC(7) Survivor regions: 1->1(1)
[1.998s][info][gc,heap     ] GC(7) Old regions: 2->3
[1.998s][info][gc,heap     ] GC(7) Archive regions: 2->2
[1.998s][info][gc,heap     ] GC(7) Humongous regions: 0->0
[1.998s][info][gc,metaspace] GC(7) Metaspace: 32276K(32640K)->32276K(32640K) NonClass: 28158K(28352K)->28158K(28352K) Class: 4117K(4288K)->4117K(4288K)
[1.998s][info][gc          ] GC(7) Pause Young (Normal) (G1 Evacuation Pause) 135M->60M(1136M) 2.657ms
[1.998s][info][gc,cpu      ] GC(7) User=0.02s Sys=0.00s Real=0.00s
[2.273s][info][gc,start    ] GC(8) Pause Young (Concurrent Start) (Metadata GC Threshold)
[2.273s][info][gc,task     ] GC(8) Using 13 workers of 13 for evacuation
[2.275s][info][gc,phases   ] GC(8)   Pre Evacuate Collection Set: 0.1ms
[2.275s][info][gc,phases   ] GC(8)   Merge Heap Roots: 0.0ms
[2.275s][info][gc,phases   ] GC(8)   Evacuate Collection Set: 2.0ms
[2.275s][info][gc,phases   ] GC(8)   Post Evacuate Collection Set: 0.2ms
[2.275s][info][gc,phases   ] GC(8)   Other: 0.1ms
[2.275s][info][gc,heap     ] GC(8) Eden regions: 10->0(40)
[2.275s][info][gc,heap     ] GC(8) Survivor regions: 1->2(6)
[2.275s][info][gc,heap     ] GC(8) Old regions: 3->3
[2.275s][info][gc,heap     ] GC(8) Archive regions: 2->2
[2.275s][info][gc,heap     ] GC(8) Humongous regions: 0->0
[2.275s][info][gc,metaspace] GC(8) Metaspace: 36034K(36288K)->36034K(36288K) NonClass: 30976K(31104K)->30976K(31104K) Class: 5057K(5184K)->5057K(5184K)
[2.275s][info][gc          ] GC(8) Pause Young (Concurrent Start) (Metadata GC Threshold) 214M->68M(1136M) 2.430ms
[2.275s][info][gc,cpu      ] GC(8) User=0.02s Sys=0.01s Real=0.00s
[2.275s][info][gc          ] GC(9) Concurrent Mark Cycle
[2.275s][info][gc,marking  ] GC(9) Concurrent Clear Claimed Marks
[2.275s][info][gc,marking  ] GC(9) Concurrent Clear Claimed Marks 0.016ms
[2.275s][info][gc,marking  ] GC(9) Concurrent Scan Root Regions
[2.280s][info][gc,marking  ] GC(9) Concurrent Scan Root Regions 4.570ms
[2.280s][info][gc,marking  ] GC(9) Concurrent Mark
[2.280s][info][gc,marking  ] GC(9) Concurrent Mark From Roots
[2.280s][info][gc,task     ] GC(9) Using 3 workers of 3 for marking
[2.287s][info][gc,marking  ] GC(9) Concurrent Mark From Roots 7.713ms
[2.287s][info][gc,marking  ] GC(9) Concurrent Preclean
[2.287s][info][gc,marking  ] GC(9) Concurrent Preclean 0.056ms
[2.288s][info][gc,start    ] GC(9) Pause Remark
[2.288s][info][gc          ] GC(9) Pause Remark 76M->76M(432M) 0.944ms
[2.289s][info][gc,cpu      ] GC(9) User=0.01s Sys=0.00s Real=0.00s
[2.289s][info][gc,marking  ] GC(9) Concurrent Mark 8.953ms
[2.289s][info][gc,marking  ] GC(9) Concurrent Rebuild Remembered Sets
[2.294s][info][gc,marking  ] GC(9) Concurrent Rebuild Remembered Sets 5.562ms
[2.294s][info][gc,start    ] GC(9) Pause Cleanup
[2.294s][info][gc          ] GC(9) Pause Cleanup 76M->76M(432M) 0.069ms
[2.294s][info][gc,cpu      ] GC(9) User=0.01s Sys=0.00s Real=0.00s
[2.294s][info][gc,marking  ] GC(9) Concurrent Cleanup for Next Mark
[2.295s][info][gc,marking  ] GC(9) Concurrent Cleanup for Next Mark 0.366ms
[2.295s][info][gc          ] GC(9) Concurrent Mark Cycle 19.749ms
[2.698s][info][gc,start    ] GC(10) Pause Young (Prepare Mixed) (G1 Evacuation Pause)
[2.698s][info][gc,task     ] GC(10) Using 13 workers of 13 for evacuation
[2.711s][info][gc,phases   ] GC(10)   Pre Evacuate Collection Set: 0.1ms
[2.711s][info][gc,phases   ] GC(10)   Merge Heap Roots: 0.0ms
[2.711s][info][gc,phases   ] GC(10)   Evacuate Collection Set: 12.6ms
[2.711s][info][gc,phases   ] GC(10)   Post Evacuate Collection Set: 0.4ms
[2.711s][info][gc,phases   ] GC(10)   Other: 0.1ms
[2.711s][info][gc,heap     ] GC(10) Eden regions: 14->0(1)
[2.711s][info][gc,heap     ] GC(10) Survivor regions: 2->2(2)
[2.711s][info][gc,heap     ] GC(10) Old regions: 3->5
[2.711s][info][gc,heap     ] GC(10) Archive regions: 2->2
[2.711s][info][gc,heap     ] GC(10) Humongous regions: 0->0
[2.711s][info][gc,metaspace] GC(10) Metaspace: 43088K(43456K)->43088K(43456K) NonClass: 36939K(37120K)->36939K(37120K) Class: 6148K(6336K)->6148K(6336K)
[2.711s][info][gc          ] GC(10) Pause Young (Prepare Mixed) (G1 Evacuation Pause) 292M->103M(432M) 13.262ms
[2.711s][info][gc,cpu      ] GC(10) User=0.19s Sys=0.01s Real=0.01s
[2.715s][info][gc,start    ] GC(11) Pause Young (Mixed) (G1 Evacuation Pause)
[2.716s][info][gc,task     ] GC(11) Using 13 workers of 13 for evacuation
[2.723s][info][gc,phases   ] GC(11)   Pre Evacuate Collection Set: 0.1ms
[2.724s][info][gc,phases   ] GC(11)   Merge Heap Roots: 0.1ms
[2.724s][info][gc,phases   ] GC(11)   Evacuate Collection Set: 7.5ms
[2.724s][info][gc,phases   ] GC(11)   Post Evacuate Collection Set: 0.3ms
[2.724s][info][gc,phases   ] GC(11)   Other: 0.1ms
[2.724s][info][gc,heap     ] GC(11) Eden regions: 1->0(10)
[2.724s][info][gc,heap     ] GC(11) Survivor regions: 2->1(1)
[2.724s][info][gc,heap     ] GC(11) Old regions: 5->6
[2.724s][info][gc,heap     ] GC(11) Archive regions: 2->2
[2.724s][info][gc,heap     ] GC(11) Humongous regions: 0->0
[2.724s][info][gc,metaspace] GC(11) Metaspace: 43088K(43520K)->43088K(43520K) NonClass: 36939K(37184K)->36939K(37184K) Class: 6148K(6336K)->6148K(6336K)
[2.724s][info][gc          ] GC(11) Pause Young (Mixed) (G1 Evacuation Pause) 117M->109M(432M) 8.100ms
[2.724s][info][gc,cpu      ] GC(11) User=0.12s Sys=0.01s Real=0.01s
[2.876s][info][gc,start    ] GC(12) Pause Young (Concurrent Start) (G1 Evacuation Pause)
[2.876s][info][gc,task     ] GC(12) Using 13 workers of 13 for evacuation
[2.881s][info][gc,phases   ] GC(12)   Pre Evacuate Collection Set: 0.1ms
[2.881s][info][gc,phases   ] GC(12)   Merge Heap Roots: 0.0ms
[2.881s][info][gc,phases   ] GC(12)   Evacuate Collection Set: 4.7ms
[2.881s][info][gc,phases   ] GC(12)   Post Evacuate Collection Set: 0.5ms
[2.881s][info][gc,phases   ] GC(12)   Other: 0.1ms
[2.881s][info][gc,heap     ] GC(12) Eden regions: 10->0(40)
[2.881s][info][gc,heap     ] GC(12) Survivor regions: 1->2(2)
[2.881s][info][gc,heap     ] GC(12) Old regions: 6->7
[2.881s][info][gc,heap     ] GC(12) Archive regions: 2->2
[2.881s][info][gc,heap     ] GC(12) Humongous regions: 0->0
[2.881s][info][gc,metaspace] GC(12) Metaspace: 43234K(43584K)->43234K(43584K) NonClass: 37071K(37248K)->37071K(37248K) Class: 6162K(6336K)->6162K(6336K)
[2.881s][info][gc          ] GC(12) Pause Young (Concurrent Start) (G1 Evacuation Pause) 269M->155M(1248M) 5.461ms
[2.881s][info][gc,cpu      ] GC(12) User=0.06s Sys=0.00s Real=0.00s
[2.881s][info][gc          ] GC(13) Concurrent Mark Cycle
[2.881s][info][gc,marking  ] GC(13) Concurrent Clear Claimed Marks
[2.881s][info][gc,marking  ] GC(13) Concurrent Clear Claimed Marks 0.045ms
[2.881s][info][gc,marking  ] GC(13) Concurrent Scan Root Regions
[2.891s][info][gc,marking  ] GC(13) Concurrent Scan Root Regions 9.510ms
[2.891s][info][gc,marking  ] GC(13) Concurrent Mark
[2.891s][info][gc,marking  ] GC(13) Concurrent Mark From Roots
[2.891s][info][gc,task     ] GC(13) Using 3 workers of 3 for marking
[2.904s][info][gc,marking  ] GC(13) Concurrent Mark From Roots 13.437ms
[2.904s][info][gc,marking  ] GC(13) Concurrent Preclean
[2.905s][info][gc,marking  ] GC(13) Concurrent Preclean 0.224ms
[2.905s][info][gc,start    ] GC(13) Pause Remark
[2.909s][info][gc          ] GC(13) Pause Remark 201M->201M(752M) 4.597ms
[2.909s][info][gc,cpu      ] GC(13) User=0.07s Sys=0.00s Real=0.00s
[2.909s][info][gc,marking  ] GC(13) Concurrent Mark 18.520ms
[2.909s][info][gc,marking  ] GC(13) Concurrent Rebuild Remembered Sets
[2.923s][info][gc,marking  ] GC(13) Concurrent Rebuild Remembered Sets 14.061ms
[2.926s][info][gc,start    ] GC(13) Pause Cleanup
[2.926s][info][gc          ] GC(13) Pause Cleanup 219M->219M(752M) 0.082ms
[2.926s][info][gc,cpu      ] GC(13) User=0.00s Sys=0.00s Real=0.00s
[2.926s][info][gc,marking  ] GC(13) Concurrent Cleanup for Next Mark
[2.927s][info][gc,marking  ] GC(13) Concurrent Cleanup for Next Mark 0.663ms
[2.927s][info][gc          ] GC(13) Concurrent Mark Cycle 45.488ms
[3.083s][info][gc,start    ] GC(14) Pause Young (Normal) (G1 Preventive Collection)
[3.083s][info][gc,task     ] GC(14) Using 13 workers of 13 for evacuation
[3.094s][info][gc,phases   ] GC(14)   Pre Evacuate Collection Set: 0.1ms
[3.094s][info][gc,phases   ] GC(14)   Merge Heap Roots: 0.0ms
[3.094s][info][gc,phases   ] GC(14)   Evacuate Collection Set: 10.2ms
[3.094s][info][gc,phases   ] GC(14)   Post Evacuate Collection Set: 0.2ms
[3.094s][info][gc,phases   ] GC(14)   Other: 0.1ms
[3.094s][info][gc,heap     ] GC(14) Eden regions: 27->0(15)
[3.094s][info][gc,heap     ] GC(14) Survivor regions: 2->6(6)
[3.094s][info][gc,heap     ] GC(14) Old regions: 7->8
[3.094s][info][gc,heap     ] GC(14) Archive regions: 2->2
[3.094s][info][gc,heap     ] GC(14) Humongous regions: 0->0
[3.094s][info][gc,metaspace] GC(14) Metaspace: 43404K(43776K)->43404K(43776K) NonClass: 37248K(37440K)->37248K(37440K) Class: 6155K(6336K)->6155K(6336K)
[3.094s][info][gc          ] GC(14) Pause Young (Normal) (G1 Preventive Collection) 587M->235M(752M) 10.707ms
[3.094s][info][gc,cpu      ] GC(14) User=0.15s Sys=0.01s Real=0.01s
[3.165s][info][gc,start    ] GC(15) Pause Young (Normal) (G1 Evacuation Pause)
[3.165s][info][gc,task     ] GC(15) Using 13 workers of 13 for evacuation
[3.174s][info][gc,phases   ] GC(15)   Pre Evacuate Collection Set: 0.1ms
[3.174s][info][gc,phases   ] GC(15)   Merge Heap Roots: 0.1ms
[3.174s][info][gc,phases   ] GC(15)   Evacuate Collection Set: 9.0ms
[3.174s][info][gc,phases   ] GC(15)   Post Evacuate Collection Set: 0.2ms
[3.174s][info][gc,phases   ] GC(15)   Other: 0.1ms
[3.174s][info][gc,heap     ] GC(15) Eden regions: 15->0(14)
[3.174s][info][gc,heap     ] GC(15) Survivor regions: 6->3(3)
[3.174s][info][gc,heap     ] GC(15) Old regions: 8->13
[3.174s][info][gc,heap     ] GC(15) Archive regions: 2->2
[3.174s][info][gc,heap     ] GC(15) Humongous regions: 0->0
[3.174s][info][gc,metaspace] GC(15) Metaspace: 43445K(43840K)->43445K(43840K) NonClass: 37287K(37504K)->37287K(37504K) Class: 6157K(6336K)->6157K(6336K)
[3.174s][info][gc          ] GC(15) Pause Young (Normal) (G1 Evacuation Pause) 475M->259M(752M) 9.521ms
[3.174s][info][gc,cpu      ] GC(15) User=0.14s Sys=0.00s Real=0.01s
[3.238s][info][gc,start    ] GC(16) Pause Young (Normal) (G1 Evacuation Pause)
[3.238s][info][gc,task     ] GC(16) Using 13 workers of 13 for evacuation
[3.247s][info][gc,phases   ] GC(16)   Pre Evacuate Collection Set: 0.1ms
[3.247s][info][gc,phases   ] GC(16)   Merge Heap Roots: 0.1ms
[3.247s][info][gc,phases   ] GC(16)   Evacuate Collection Set: 8.2ms
[3.247s][info][gc,phases   ] GC(16)   Post Evacuate Collection Set: 0.2ms
[3.247s][info][gc,phases   ] GC(16)   Other: 0.1ms
[3.247s][info][gc,heap     ] GC(16) Eden regions: 14->0(12)
[3.247s][info][gc,heap     ] GC(16) Survivor regions: 3->3(3)
[3.247s][info][gc,heap     ] GC(16) Old regions: 13->16
[3.247s][info][gc,heap     ] GC(16) Archive regions: 2->2
[3.247s][info][gc,heap     ] GC(16) Humongous regions: 0->0
[3.247s][info][gc,metaspace] GC(16) Metaspace: 43486K(43840K)->43486K(43840K) NonClass: 37328K(37504K)->37328K(37504K) Class: 6158K(6336K)->6158K(6336K)
[3.247s][info][gc          ] GC(16) Pause Young (Normal) (G1 Evacuation Pause) 483M->315M(752M) 8.630ms
[3.247s][info][gc,cpu      ] GC(16) User=0.13s Sys=0.00s Real=0.01s
[3.292s][info][gc,start    ] GC(17) Pause Young (Normal) (G1 Evacuation Pause)
[3.292s][info][gc,task     ] GC(17) Using 13 workers of 13 for evacuation
[3.300s][info][gc,phases   ] GC(17)   Pre Evacuate Collection Set: 0.1ms
[3.300s][info][gc,phases   ] GC(17)   Merge Heap Roots: 0.1ms
[3.300s][info][gc,phases   ] GC(17)   Evacuate Collection Set: 7.3ms
[3.300s][info][gc,phases   ] GC(17)   Post Evacuate Collection Set: 0.2ms
[3.300s][info][gc,phases   ] GC(17)   Other: 0.1ms
[3.300s][info][gc,heap     ] GC(17) Eden regions: 12->0(10)
[3.300s][info][gc,heap     ] GC(17) Survivor regions: 3->2(2)
[3.300s][info][gc,heap     ] GC(17) Old regions: 16->20
[3.300s][info][gc,heap     ] GC(17) Archive regions: 2->2
[3.300s][info][gc,heap     ] GC(17) Humongous regions: 0->0
[3.300s][info][gc,metaspace] GC(17) Metaspace: 43561K(43904K)->43561K(43904K) NonClass: 37401K(37568K)->37401K(37568K) Class: 6160K(6336K)->6160K(6336K)
[3.300s][info][gc          ] GC(17) Pause Young (Normal) (G1 Evacuation Pause) 507M->363M(752M) 7.831ms
[3.300s][info][gc,cpu      ] GC(17) User=0.11s Sys=0.00s Real=0.00s
[3.338s][info][gc,start    ] GC(18) Pause Young (Concurrent Start) (G1 Evacuation Pause)
[3.338s][info][gc,task     ] GC(18) Using 13 workers of 13 for evacuation
[3.345s][info][gc,phases   ] GC(18)   Pre Evacuate Collection Set: 0.1ms
[3.345s][info][gc,phases   ] GC(18)   Merge Heap Roots: 0.1ms
[3.345s][info][gc,phases   ] GC(18)   Evacuate Collection Set: 6.1ms
[3.345s][info][gc,phases   ] GC(18)   Post Evacuate Collection Set: 0.4ms
[3.345s][info][gc,phases   ] GC(18)   Other: 0.1ms
[3.345s][info][gc,heap     ] GC(18) Eden regions: 10->0(35)
[3.345s][info][gc,heap     ] GC(18) Survivor regions: 2->2(2)
[3.345s][info][gc,heap     ] GC(18) Old regions: 20->23
[3.345s][info][gc,heap     ] GC(18) Archive regions: 2->2
[3.345s][info][gc,heap     ] GC(18) Humongous regions: 0->0
[3.345s][info][gc,metaspace] GC(18) Metaspace: 43622K(43968K)->43622K(43968K) NonClass: 37456K(37632K)->37456K(37632K) Class: 6165K(6336K)->6165K(6336K)
[3.345s][info][gc          ] GC(18) Pause Young (Concurrent Start) (G1 Evacuation Pause) 523M->406M(1504M) 6.795ms
[3.345s][info][gc,cpu      ] GC(18) User=0.09s Sys=0.00s Real=0.01s
[3.345s][info][gc          ] GC(19) Concurrent Mark Cycle
[3.345s][info][gc,marking  ] GC(19) Concurrent Clear Claimed Marks
[3.345s][info][gc,marking  ] GC(19) Concurrent Clear Claimed Marks 0.016ms
[3.345s][info][gc,marking  ] GC(19) Concurrent Scan Root Regions
[3.357s][info][gc,marking  ] GC(19) Concurrent Scan Root Regions 11.635ms
[3.357s][info][gc,marking  ] GC(19) Concurrent Mark
[3.357s][info][gc,marking  ] GC(19) Concurrent Mark From Roots
[3.357s][info][gc,task     ] GC(19) Using 3 workers of 3 for marking
[3.371s][info][gc,marking  ] GC(19) Concurrent Mark From Roots 14.516ms
[3.371s][info][gc,marking  ] GC(19) Concurrent Preclean
[3.372s][info][gc,marking  ] GC(19) Concurrent Preclean 0.172ms
[3.372s][info][gc,start    ] GC(19) Pause Remark
[3.373s][info][gc          ] GC(19) Pause Remark 505M->489M(1504M) 1.276ms
[3.373s][info][gc,cpu      ] GC(19) User=0.02s Sys=0.00s Real=0.00s
[3.373s][info][gc,marking  ] GC(19) Concurrent Mark 16.272ms
[3.373s][info][gc,marking  ] GC(19) Concurrent Rebuild Remembered Sets
[3.403s][info][gc,marking  ] GC(19) Concurrent Rebuild Remembered Sets 29.692ms
[3.403s][info][gc,start    ] GC(19) Pause Cleanup
[3.403s][info][gc          ] GC(19) Pause Cleanup 601M->601M(1504M) 0.072ms
[3.403s][info][gc,cpu      ] GC(19) User=0.00s Sys=0.00s Real=0.00s
[3.403s][info][gc,marking  ] GC(19) Concurrent Cleanup for Next Mark
[3.405s][info][gc,marking  ] GC(19) Concurrent Cleanup for Next Mark 1.235ms
[3.405s][info][gc          ] GC(19) Concurrent Mark Cycle 59.475ms
[3.492s][info][gc,start    ] GC(20) Pause Young (Prepare Mixed) (G1 Evacuation Pause)
[3.492s][info][gc,task     ] GC(20) Using 13 workers of 13 for evacuation
[3.503s][info][gc,phases   ] GC(20)   Pre Evacuate Collection Set: 0.1ms
[3.503s][info][gc,phases   ] GC(20)   Merge Heap Roots: 0.0ms
[3.503s][info][gc,phases   ] GC(20)   Evacuate Collection Set: 10.5ms
[3.503s][info][gc,phases   ] GC(20)   Post Evacuate Collection Set: 0.2ms
[3.503s][info][gc,phases   ] GC(20)   Other: 0.1ms
[3.503s][info][gc,heap     ] GC(20) Eden regions: 35->0(1)
[3.503s][info][gc,heap     ] GC(20) Survivor regions: 2->5(5)
[3.503s][info][gc,heap     ] GC(20) Old regions: 22->24
[3.503s][info][gc,heap     ] GC(20) Archive regions: 2->2
[3.503s][info][gc,heap     ] GC(20) Humongous regions: 0->0
[3.503s][info][gc,metaspace] GC(20) Metaspace: 44043K(44416K)->44043K(44416K) NonClass: 37852K(38016K)->37852K(38016K) Class: 6190K(6400K)->6190K(6400K)
[3.503s][info][gc          ] GC(20) Pause Young (Prepare Mixed) (G1 Evacuation Pause) 950M->473M(1504M) 11.001ms
[3.503s][info][gc,cpu      ] GC(20) User=0.13s Sys=0.02s Real=0.01s
[3.506s][info][gc,start    ] GC(21) Pause Young (Mixed) (G1 Evacuation Pause)
[3.506s][info][gc,task     ] GC(21) Using 13 workers of 13 for evacuation
[3.513s][info][gc,phases   ] GC(21)   Pre Evacuate Collection Set: 0.1ms
[3.513s][info][gc,phases   ] GC(21)   Merge Heap Roots: 0.0ms
[3.513s][info][gc,phases   ] GC(21)   Evacuate Collection Set: 6.3ms
[3.513s][info][gc,phases   ] GC(21)   Post Evacuate Collection Set: 0.2ms
[3.513s][info][gc,phases   ] GC(21)   Other: 0.1ms
[3.513s][info][gc,heap     ] GC(21) Eden regions: 1->0(3)
[3.513s][info][gc,heap     ] GC(21) Survivor regions: 5->1(1)
[3.513s][info][gc,heap     ] GC(21) Old regions: 24->20
[3.513s][info][gc,heap     ] GC(21) Archive regions: 2->2
[3.513s][info][gc,heap     ] GC(21) Humongous regions: 0->0
[3.513s][info][gc,metaspace] GC(21) Metaspace: 44055K(44416K)->44055K(44416K) NonClass: 37864K(38016K)->37864K(38016K) Class: 6191K(6400K)->6191K(6400K)
[3.513s][info][gc          ] GC(21) Pause Young (Mixed) (G1 Evacuation Pause) 489M->335M(1504M) 6.736ms
[3.513s][info][gc,cpu      ] GC(21) User=0.10s Sys=0.01s Real=0.01s
[3.524s][info][gc,start    ] GC(22) Pause Young (Mixed) (G1 Evacuation Pause)
[3.525s][info][gc,task     ] GC(22) Using 13 workers of 13 for evacuation
[3.527s][info][gc,phases   ] GC(22)   Pre Evacuate Collection Set: 0.1ms
[3.527s][info][gc,phases   ] GC(22)   Merge Heap Roots: 0.1ms
[3.527s][info][gc,phases   ] GC(22)   Evacuate Collection Set: 2.5ms
[3.527s][info][gc,phases   ] GC(22)   Post Evacuate Collection Set: 0.2ms
[3.527s][info][gc,phases   ] GC(22)   Other: 0.1ms
[3.527s][info][gc,heap     ] GC(22) Eden regions: 3->0(37)
[3.527s][info][gc,heap     ] GC(22) Survivor regions: 1->1(1)
[3.527s][info][gc,heap     ] GC(22) Old regions: 20->19
[3.527s][info][gc,heap     ] GC(22) Archive regions: 2->2
[3.527s][info][gc,heap     ] GC(22) Humongous regions: 0->0
[3.527s][info][gc,metaspace] GC(22) Metaspace: 44085K(44480K)->44085K(44480K) NonClass: 37893K(38080K)->37893K(38080K) Class: 6191K(6400K)->6191K(6400K)
[3.527s][info][gc          ] GC(22) Pause Young (Mixed) (G1 Evacuation Pause) 383M->335M(1504M) 2.961ms
[3.527s][info][gc,cpu      ] GC(22) User=0.03s Sys=0.00s Real=0.00s
[3.665s][info][gc,start    ] GC(23) Pause Young (Normal) (G1 Evacuation Pause)
[3.665s][info][gc,task     ] GC(23) Using 13 workers of 13 for evacuation
[3.684s][info][gc,phases   ] GC(23)   Pre Evacuate Collection Set: 0.1ms
[3.684s][info][gc,phases   ] GC(23)   Merge Heap Roots: 0.1ms
[3.684s][info][gc,phases   ] GC(23)   Evacuate Collection Set: 18.3ms
[3.684s][info][gc,phases   ] GC(23)   Post Evacuate Collection Set: 0.4ms
[3.684s][info][gc,phases   ] GC(23)   Other: 0.1ms
[3.684s][info][gc,heap     ] GC(23) Eden regions: 37->0(30)
[3.684s][info][gc,heap     ] GC(23) Survivor regions: 1->5(5)
[3.684s][info][gc,heap     ] GC(23) Old regions: 19->26
[3.684s][info][gc,heap     ] GC(23) Archive regions: 2->2
[3.684s][info][gc,heap     ] GC(23) Humongous regions: 0->0
[3.684s][info][gc,metaspace] GC(23) Metaspace: 44230K(44608K)->44230K(44608K) NonClass: 38031K(38208K)->38031K(38208K) Class: 6199K(6400K)->6199K(6400K)
[3.684s][info][gc          ] GC(23) Pause Young (Normal) (G1 Evacuation Pause) 927M->511M(1504M) 18.968ms
[3.684s][info][gc,cpu      ] GC(23) User=0.26s Sys=0.02s Real=0.02s
[3.789s][info][gc,start    ] GC(24) Pause Young (Normal) (G1 Evacuation Pause)
[3.789s][info][gc,task     ] GC(24) Using 13 workers of 13 for evacuation
[3.809s][info][gc,phases   ] GC(24)   Pre Evacuate Collection Set: 0.1ms
[3.809s][info][gc,phases   ] GC(24)   Merge Heap Roots: 0.1ms
[3.809s][info][gc,phases   ] GC(24)   Evacuate Collection Set: 18.1ms
[3.809s][info][gc,phases   ] GC(24)   Post Evacuate Collection Set: 1.0ms
[3.809s][info][gc,phases   ] GC(24)   Other: 0.1ms
[3.809s][info][gc,heap     ] GC(24) Eden regions: 30->0(102)
[3.809s][info][gc,heap     ] GC(24) Survivor regions: 5->5(5)
[3.809s][info][gc,heap     ] GC(24) Old regions: 26->36
[3.809s][info][gc,heap     ] GC(24) Archive regions: 2->2
[3.809s][info][gc,heap     ] GC(24) Humongous regions: 0->0
[3.809s][info][gc,metaspace] GC(24) Metaspace: 44314K(44736K)->44314K(44736K) NonClass: 38112K(38336K)->38112K(38336K) Class: 6201K(6400K)->6201K(6400K)
[3.809s][info][gc          ] GC(24) Pause Young (Normal) (G1 Evacuation Pause) 991M->671M(4400M) 19.474ms
[3.809s][info][gc,cpu      ] GC(24) User=0.28s Sys=0.01s Real=0.02s
[4.409s][info][gc,start    ] GC(25) Pause Young (Normal) (G1 Evacuation Pause)
[4.410s][info][gc,task     ] GC(25) Using 13 workers of 13 for evacuation
[4.456s][info][gc,phases   ] GC(25)   Pre Evacuate Collection Set: 0.1ms
[4.456s][info][gc,phases   ] GC(25)   Merge Heap Roots: 0.1ms
[4.456s][info][gc,phases   ] GC(25)   Evacuate Collection Set: 45.9ms
[4.456s][info][gc,phases   ] GC(25)   Post Evacuate Collection Set: 0.3ms
[4.456s][info][gc,phases   ] GC(25)   Other: 0.1ms
[4.456s][info][gc,heap     ] GC(25) Eden regions: 102->0(87)
[4.456s][info][gc,heap     ] GC(25) Survivor regions: 5->14(14)
[4.456s][info][gc,heap     ] GC(25) Old regions: 36->56
[4.456s][info][gc,heap     ] GC(25) Archive regions: 2->2
[4.456s][info][gc,heap     ] GC(25) Humongous regions: 0->0
[4.456s][info][gc,metaspace] GC(25) Metaspace: 44414K(44864K)->44414K(44864K) NonClass: 38210K(38464K)->38210K(38464K) Class: 6204K(6400K)->6204K(6400K)
[4.456s][info][gc          ] GC(25) Pause Young (Normal) (G1 Evacuation Pause) 2303M->1134M(4400M) 46.470ms
[4.456s][info][gc,cpu      ] GC(25) User=0.54s Sys=0.10s Real=0.05s
[4.709s][info][gc,start    ] GC(26) Pause Young (Normal) (G1 Evacuation Pause)
[4.709s][info][gc,task     ] GC(26) Using 13 workers of 13 for evacuation
[4.751s][info][gc,phases   ] GC(26)   Pre Evacuate Collection Set: 0.1ms
[4.751s][info][gc,phases   ] GC(26)   Merge Heap Roots: 0.1ms
[4.751s][info][gc,phases   ] GC(26)   Evacuate Collection Set: 41.0ms
[4.751s][info][gc,phases   ] GC(26)   Post Evacuate Collection Set: 0.3ms
[4.751s][info][gc,phases   ] GC(26)   Other: 0.1ms
[4.751s][info][gc,heap     ] GC(26) Eden regions: 87->0(83)
[4.751s][info][gc,heap     ] GC(26) Survivor regions: 14->13(13)
[4.751s][info][gc,heap     ] GC(26) Old regions: 56->78
[4.751s][info][gc,heap     ] GC(26) Archive regions: 2->2
[4.751s][info][gc,heap     ] GC(26) Humongous regions: 0->0
[4.751s][info][gc,metaspace] GC(26) Metaspace: 44459K(44864K)->44459K(44864K) NonClass: 38254K(38464K)->38254K(38464K) Class: 6205K(6400K)->6205K(6400K)
[4.751s][info][gc          ] GC(26) Pause Young (Normal) (G1 Evacuation Pause) 2526M->1459M(4400M) 41.638ms
[4.751s][info][gc,cpu      ] GC(26) User=0.56s Sys=0.01s Real=0.04s
[4.892s][info][gc,start    ] GC(27) Pause Young (Normal) (G1 Evacuation Pause)
[4.892s][info][gc,task     ] GC(27) Using 13 workers of 13 for evacuation
[4.939s][info][gc,phases   ] GC(27)   Pre Evacuate Collection Set: 0.1ms
[4.940s][info][gc,phases   ] GC(27)   Merge Heap Roots: 0.1ms
[4.940s][info][gc,phases   ] GC(27)   Evacuate Collection Set: 46.5ms
[4.940s][info][gc,phases   ] GC(27)   Post Evacuate Collection Set: 0.3ms
[4.940s][info][gc,phases   ] GC(27)   Other: 0.1ms
[4.940s][info][gc,heap     ] GC(27) Eden regions: 83->0(74)
[4.940s][info][gc,heap     ] GC(27) Survivor regions: 13->12(12)
[4.940s][info][gc,heap     ] GC(27) Old regions: 78->101
[4.940s][info][gc,heap     ] GC(27) Archive regions: 2->2
[4.940s][info][gc,heap     ] GC(27) Humongous regions: 0->0
[4.940s][info][gc,metaspace] GC(27) Metaspace: 44491K(44928K)->44491K(44928K) NonClass: 38282K(38528K)->38282K(38528K) Class: 6209K(6400K)->6209K(6400K)
[4.940s][info][gc          ] GC(27) Pause Young (Normal) (G1 Evacuation Pause) 2787M->1821M(4400M) 47.133ms
[4.940s][info][gc,cpu      ] GC(27) User=0.62s Sys=0.03s Real=0.04s
[5.154s][info][gc,start    ] GC(28) Pause Young (Normal) (G1 Evacuation Pause)
[5.154s][info][gc,task     ] GC(28) Using 13 workers of 13 for evacuation
[5.194s][info][gc,phases   ] GC(28)   Pre Evacuate Collection Set: 0.1ms
[5.194s][info][gc,phases   ] GC(28)   Merge Heap Roots: 0.1ms
[5.194s][info][gc,phases   ] GC(28)   Evacuate Collection Set: 38.6ms
[5.194s][info][gc,phases   ] GC(28)   Post Evacuate Collection Set: 1.6ms
[5.194s][info][gc,phases   ] GC(28)   Other: 0.1ms
[5.194s][info][gc,heap     ] GC(28) Eden regions: 74->0(233)
[5.194s][info][gc,heap     ] GC(28) Survivor regions: 12->11(11)
[5.194s][info][gc,heap     ] GC(28) Old regions: 101->122
[5.194s][info][gc,heap     ] GC(28) Archive regions: 2->2
[5.194s][info][gc,heap     ] GC(28) Humongous regions: 0->0
[5.194s][info][gc,metaspace] GC(28) Metaspace: 44528K(44928K)->44528K(44928K) NonClass: 38319K(38528K)->38319K(38528K) Class: 6209K(6400K)->6209K(6400K)
[5.194s][info][gc          ] GC(28) Pause Young (Normal) (G1 Evacuation Pause) 3005M->2143M(9280M) 40.507ms
[5.194s][info][gc,cpu      ] GC(28) User=0.47s Sys=0.06s Real=0.04s
[5.711s][info][gc,start    ] GC(29) Pause Young (Normal) (G1 Evacuation Pause)
[5.711s][info][gc,task     ] GC(29) Using 13 workers of 13 for evacuation
[5.787s][info][gc,phases   ] GC(29)   Pre Evacuate Collection Set: 0.1ms
[5.787s][info][gc,phases   ] GC(29)   Merge Heap Roots: 0.1ms
[5.787s][info][gc,phases   ] GC(29)   Evacuate Collection Set: 74.5ms
[5.787s][info][gc,phases   ] GC(29)   Post Evacuate Collection Set: 0.4ms
[5.787s][info][gc,phases   ] GC(29)   Other: 0.2ms
[5.787s][info][gc,heap     ] GC(29) Eden regions: 233->0(201)
[5.787s][info][gc,heap     ] GC(29) Survivor regions: 11->31(31)
[5.787s][info][gc,heap     ] GC(29) Old regions: 122->143
[5.787s][info][gc,heap     ] GC(29) Archive regions: 2->2
[5.787s][info][gc,heap     ] GC(29) Humongous regions: 0->0
[5.787s][info][gc,metaspace] GC(29) Metaspace: 44610K(44992K)->44610K(44992K) NonClass: 38388K(38592K)->38388K(38592K) Class: 6221K(6400K)->6221K(6400K)
[5.787s][info][gc          ] GC(29) Pause Young (Normal) (G1 Evacuation Pause) 5871M->2788M(9280M) 75.345ms
[5.787s][info][gc,cpu      ] GC(29) User=0.79s Sys=0.17s Real=0.08s
[6.161s][info][gc,start    ] GC(30) Pause Young (Normal) (G1 Evacuation Pause)
[6.161s][info][gc,task     ] GC(30) Using 13 workers of 13 for evacuation
[6.248s][info][gc,phases   ] GC(30)   Pre Evacuate Collection Set: 0.1ms
[6.248s][info][gc,phases   ] GC(30)   Merge Heap Roots: 0.1ms
[6.248s][info][gc,phases   ] GC(30)   Evacuate Collection Set: 87.2ms
[6.248s][info][gc,phases   ] GC(30)   Post Evacuate Collection Set: 0.3ms
[6.248s][info][gc,phases   ] GC(30)   Other: 0.1ms
[6.248s][info][gc,heap     ] GC(30) Eden regions: 201->0(184)
[6.249s][info][gc,heap     ] GC(30) Survivor regions: 31->29(29)
[6.249s][info][gc,heap     ] GC(30) Old regions: 143->185
[6.249s][info][gc,heap     ] GC(30) Archive regions: 2->2
[6.249s][info][gc,heap     ] GC(30) Humongous regions: 0->0
[6.249s][info][gc,metaspace] GC(30) Metaspace: 44711K(45056K)->44711K(45056K) NonClass: 38486K(38656K)->38486K(38656K) Class: 6224K(6400K)->6224K(6400K)
[6.249s][info][gc          ] GC(30) Pause Young (Normal) (G1 Evacuation Pause) 6004M->3433M(9280M) 87.962ms
[6.249s][info][gc,cpu      ] GC(30) User=1.08s Sys=0.06s Real=0.09s
[6.559s][info][gc,start    ] GC(31) Pause Young (Normal) (G1 Evacuation Pause)
[6.559s][info][gc,task     ] GC(31) Using 13 workers of 13 for evacuation
[6.642s][info][gc,phases   ] GC(31)   Pre Evacuate Collection Set: 0.1ms
[6.642s][info][gc,phases   ] GC(31)   Merge Heap Roots: 0.1ms
[6.642s][info][gc,phases   ] GC(31)   Evacuate Collection Set: 83.1ms
[6.642s][info][gc,phases   ] GC(31)   Post Evacuate Collection Set: 0.3ms
[6.642s][info][gc,phases   ] GC(31)   Other: 0.1ms
[6.642s][info][gc,heap     ] GC(31) Eden regions: 184->0(163)
[6.642s][info][gc,heap     ] GC(31) Survivor regions: 29->27(27)
[6.642s][info][gc,heap     ] GC(31) Old regions: 185->229
[6.642s][info][gc,heap     ] GC(31) Archive regions: 2->2
[6.642s][info][gc,heap     ] GC(31) Humongous regions: 0->0
[6.642s][info][gc,metaspace] GC(31) Metaspace: 44748K(45120K)->44748K(45120K) NonClass: 38523K(38720K)->38523K(38720K) Class: 6225K(6400K)->6225K(6400K)
[6.642s][info][gc          ] GC(31) Pause Young (Normal) (G1 Evacuation Pause) 6377M->4103M(9280M) 83.787ms
[6.642s][info][gc,cpu      ] GC(31) User=1.06s Sys=0.01s Real=0.09s
[6.906s][info][gc,start    ] GC(32) Pause Young (Normal) (G1 Evacuation Pause)
[6.906s][info][gc,task     ] GC(32) Using 13 workers of 13 for evacuation
[6.995s][info][gc,phases   ] GC(32)   Pre Evacuate Collection Set: 0.1ms
[6.995s][info][gc,phases   ] GC(32)   Merge Heap Roots: 0.1ms
[6.995s][info][gc,phases   ] GC(32)   Evacuate Collection Set: 86.4ms
[6.995s][info][gc,phases   ] GC(32)   Post Evacuate Collection Set: 1.8ms
[6.995s][info][gc,phases   ] GC(32)   Other: 0.1ms
[6.995s][info][gc,heap     ] GC(32) Eden regions: 163->0(305)
[6.995s][info][gc,heap     ] GC(32) Survivor regions: 27->24(24)
[6.995s][info][gc,heap     ] GC(32) Old regions: 229->273
[6.995s][info][gc,heap     ] GC(32) Archive regions: 2->2
[6.995s][info][gc,heap     ] GC(32) Humongous regions: 0->0
[6.995s][info][gc,metaspace] GC(32) Metaspace: 44767K(45120K)->44767K(45120K) NonClass: 38541K(38720K)->38541K(38720K) Class: 6225K(6400K)->6225K(6400K)
[6.995s][info][gc          ] GC(32) Pause Young (Normal) (G1 Evacuation Pause) 6711M->4767M(13840M) 88.539ms
[6.995s][info][gc,cpu      ] GC(32) User=1.13s Sys=0.01s Real=0.09s
[7.570s][info][gc,start    ] GC(33) Pause Young (Normal) (G1 Evacuation Pause)
[7.570s][info][gc,task     ] GC(33) Using 13 workers of 13 for evacuation
[7.687s][info][gc,phases   ] GC(33)   Pre Evacuate Collection Set: 0.1ms
[7.687s][info][gc,phases   ] GC(33)   Merge Heap Roots: 0.1ms
[7.687s][info][gc,phases   ] GC(33)   Evacuate Collection Set: 116.7ms
[7.687s][info][gc,phases   ] GC(33)   Post Evacuate Collection Set: 0.4ms
[7.687s][info][gc,phases   ] GC(33)   Other: 0.1ms
[7.687s][info][gc,heap     ] GC(33) Eden regions: 305->0(258)
[7.687s][info][gc,heap     ] GC(33) Survivor regions: 24->42(42)
[7.687s][info][gc,heap     ] GC(33) Old regions: 273->320
[7.687s][info][gc,heap     ] GC(33) Archive regions: 2->2
[7.687s][info][gc,heap     ] GC(33) Humongous regions: 0->0
[7.687s][info][gc,metaspace] GC(33) Metaspace: 44788K(45184K)->44788K(45184K) NonClass: 38560K(38784K)->38560K(38784K) Class: 6228K(6400K)->6228K(6400K)
[7.687s][info][gc          ] GC(33) Pause Young (Normal) (G1 Evacuation Pause) 9647M->5807M(13840M) 117.480ms
[7.687s][info][gc,cpu      ] GC(33) User=1.35s Sys=0.15s Real=0.12s
[8.183s][info][gc,start    ] GC(34) Pause Young (Normal) (G1 Evacuation Pause)
[8.183s][info][gc,task     ] GC(34) Using 13 workers of 13 for evacuation
[8.269s][info][gc,phases   ] GC(34)   Pre Evacuate Collection Set: 0.1ms
[8.269s][info][gc,phases   ] GC(34)   Merge Heap Roots: 0.1ms
[8.269s][info][gc,phases   ] GC(34)   Evacuate Collection Set: 84.8ms
[8.269s][info][gc,phases   ] GC(34)   Post Evacuate Collection Set: 0.4ms
[8.269s][info][gc,phases   ] GC(34)   Other: 0.1ms
[8.269s][info][gc,heap     ] GC(34) Eden regions: 258->0(246)
[8.269s][info][gc,heap     ] GC(34) Survivor regions: 42->38(38)
[8.269s][info][gc,heap     ] GC(34) Old regions: 320->354
[8.269s][info][gc,heap     ] GC(34) Archive regions: 2->2
[8.269s][info][gc,heap     ] GC(34) Humongous regions: 0->0
[8.269s][info][gc,metaspace] GC(34) Metaspace: 45045K(45440K)->45045K(45440K) NonClass: 38817K(39040K)->38817K(39040K) Class: 6228K(6400K)->6228K(6400K)
[8.269s][info][gc          ] GC(34) Pause Young (Normal) (G1 Evacuation Pause) 9935M->6287M(13840M) 85.648ms
[8.269s][info][gc,cpu      ] GC(34) User=1.08s Sys=0.01s Real=0.08s
[8.667s][info][gc,start    ] GC(35) Pause Young (Normal) (G1 Evacuation Pause)
[8.667s][info][gc,task     ] GC(35) Using 13 workers of 13 for evacuation
[8.773s][info][gc,phases   ] GC(35)   Pre Evacuate Collection Set: 0.1ms
[8.773s][info][gc,phases   ] GC(35)   Merge Heap Roots: 0.1ms
[8.773s][info][gc,phases   ] GC(35)   Evacuate Collection Set: 105.6ms
[8.773s][info][gc,phases   ] GC(35)   Post Evacuate Collection Set: 0.4ms
[8.773s][info][gc,phases   ] GC(35)   Other: 0.1ms
[8.773s][info][gc,heap     ] GC(35) Eden regions: 246->0(223)
[8.773s][info][gc,heap     ] GC(35) Survivor regions: 38->36(36)
[8.773s][info][gc,heap     ] GC(35) Old regions: 354->396
[8.773s][info][gc,heap     ] GC(35) Archive regions: 2->2
[8.773s][info][gc,heap     ] GC(35) Humongous regions: 0->0
[8.773s][info][gc,metaspace] GC(35) Metaspace: 45046K(45440K)->45046K(45440K) NonClass: 38818K(39040K)->38818K(39040K) Class: 6228K(6400K)->6228K(6400K)
[8.773s][info][gc          ] GC(35) Pause Young (Normal) (G1 Evacuation Pause) 10223M->6927M(13840M) 106.290ms
[8.773s][info][gc,cpu      ] GC(35) User=1.34s Sys=0.01s Real=0.11s
[9.159s][info][gc,start    ] GC(36) Pause Young (Concurrent Start) (G1 Evacuation Pause)
[9.159s][info][gc,task     ] GC(36) Using 13 workers of 13 for evacuation
[9.269s][info][gc,phases   ] GC(36)   Pre Evacuate Collection Set: 0.1ms
[9.269s][info][gc,phases   ] GC(36)   Merge Heap Roots: 0.1ms
[9.269s][info][gc,phases   ] GC(36)   Evacuate Collection Set: 107.8ms
[9.269s][info][gc,phases   ] GC(36)   Post Evacuate Collection Set: 1.4ms
[9.269s][info][gc,phases   ] GC(36)   Other: 0.2ms
[9.269s][info][gc,heap     ] GC(36) Eden regions: 223->0(328)
[9.269s][info][gc,heap     ] GC(36) Survivor regions: 36->33(33)
[9.269s][info][gc,heap     ] GC(36) Old regions: 396->441
[9.269s][info][gc,heap     ] GC(36) Archive regions: 2->2
[9.269s][info][gc,heap     ] GC(36) Humongous regions: 0->0
[9.269s][info][gc,metaspace] GC(36) Metaspace: 45061K(45440K)->45061K(45440K) NonClass: 38833K(39040K)->38833K(39040K) Class: 6228K(6400K)->6228K(6400K)
[9.269s][info][gc          ] GC(36) Pause Young (Concurrent Start) (G1 Evacuation Pause) 10495M->7591M(17424M) 109.647ms
[9.269s][info][gc,cpu      ] GC(36) User=1.33s Sys=0.03s Real=0.11s
[9.269s][info][gc          ] GC(37) Concurrent Mark Cycle
[9.269s][info][gc,marking  ] GC(37) Concurrent Clear Claimed Marks
[9.269s][info][gc,marking  ] GC(37) Concurrent Clear Claimed Marks 0.030ms
[9.269s][info][gc,marking  ] GC(37) Concurrent Scan Root Regions
[9.459s][info][gc,marking  ] GC(37) Concurrent Scan Root Regions 190.417ms
[9.460s][info][gc,marking  ] GC(37) Concurrent Mark
[9.460s][info][gc,marking  ] GC(37) Concurrent Mark From Roots
[9.462s][info][gc,task     ] GC(37) Using 3 workers of 3 for marking
[9.545s][info][gc,marking  ] GC(37) Concurrent Mark From Roots 85.699ms
[9.545s][info][gc,marking  ] GC(37) Concurrent Preclean
[9.548s][info][gc,marking  ] GC(37) Concurrent Preclean 2.311ms
[9.548s][info][gc,start    ] GC(37) Pause Remark
[9.550s][info][gc          ] GC(37) Pause Remark 9591M->6647M(17424M) 1.935ms
[9.550s][info][gc,cpu      ] GC(37) User=0.02s Sys=0.00s Real=0.00s
[9.550s][info][gc,marking  ] GC(37) Concurrent Mark 90.857ms
[9.550s][info][gc,marking  ] GC(37) Concurrent Rebuild Remembered Sets
[10.044s][info][gc,start    ] GC(38) Pause Young (Normal) (G1 Evacuation Pause)
[10.044s][info][gc,task     ] GC(38) Using 13 workers of 13 for evacuation
[10.091s][info][gc,phases   ] GC(38)   Pre Evacuate Collection Set: 0.1ms
[10.091s][info][gc,phases   ] GC(38)   Merge Heap Roots: 0.1ms
[10.091s][info][gc,phases   ] GC(38)   Evacuate Collection Set: 45.6ms
[10.091s][info][gc,phases   ] GC(38)   Post Evacuate Collection Set: 1.0ms
[10.091s][info][gc,phases   ] GC(38)   Other: 0.1ms
[10.091s][info][gc,heap     ] GC(38) Eden regions: 328->0(387)
[10.091s][info][gc,heap     ] GC(38) Survivor regions: 33->27(46)
[10.091s][info][gc,heap     ] GC(38) Old regions: 257->272
[10.091s][info][gc,heap     ] GC(38) Archive regions: 2->2
[10.091s][info][gc,heap     ] GC(38) Humongous regions: 0->0
[10.091s][info][gc,metaspace] GC(38) Metaspace: 45145K(45568K)->45145K(45568K) NonClass: 38916K(39104K)->38916K(39104K) Class: 6228K(6464K)->6228K(6464K)
[10.091s][info][gc          ] GC(38) Pause Young (Normal) (G1 Evacuation Pause) 9895M->4799M(17424M) 46.998ms
[10.091s][info][gc,cpu      ] GC(38) User=0.57s Sys=0.02s Real=0.04s
[10.402s][info][gc,marking  ] GC(37) Concurrent Rebuild Remembered Sets 851.116ms
[10.402s][info][gc,start    ] GC(37) Pause Cleanup
[10.402s][info][gc          ] GC(37) Pause Cleanup 7055M->7055M(17424M) 0.195ms
[10.402s][info][gc,cpu      ] GC(37) User=0.00s Sys=0.00s Real=0.00s
[10.402s][info][gc,marking  ] GC(37) Concurrent Cleanup for Next Mark
[10.418s][info][gc,marking  ] GC(37) Concurrent Cleanup for Next Mark 15.569ms
[10.418s][info][gc          ] GC(37) Concurrent Mark Cycle 1148.676ms
[10.793s][info][gc,start    ] GC(39) Pause Young (Prepare Mixed) (G1 Evacuation Pause)
[10.793s][info][gc,task     ] GC(39) Using 13 workers of 13 for evacuation
[10.871s][info][gc,phases   ] GC(39)   Pre Evacuate Collection Set: 0.1ms
[10.871s][info][gc,phases   ] GC(39)   Merge Heap Roots: 0.1ms
[10.871s][info][gc,phases   ] GC(39)   Evacuate Collection Set: 77.2ms
[10.871s][info][gc,phases   ] GC(39)   Post Evacuate Collection Set: 0.4ms
[10.871s][info][gc,phases   ] GC(39)   Other: 0.1ms
[10.871s][info][gc,heap     ] GC(39) Eden regions: 387->0(2)
[10.871s][info][gc,heap     ] GC(39) Survivor regions: 27->52(52)
[10.871s][info][gc,heap     ] GC(39) Old regions: 272->283
[10.871s][info][gc,heap     ] GC(39) Archive regions: 2->2
[10.871s][info][gc,heap     ] GC(39) Humongous regions: 0->0
[10.871s][info][gc,metaspace] GC(39) Metaspace: 45155K(45568K)->45155K(45568K) NonClass: 38927K(39104K)->38927K(39104K) Class: 6228K(6464K)->6228K(6464K)
[10.871s][info][gc          ] GC(39) Pause Young (Prepare Mixed) (G1 Evacuation Pause) 10991M->5364M(17424M) 77.988ms
[10.871s][info][gc,cpu      ] GC(39) User=0.96s Sys=0.01s Real=0.07s
[10.874s][info][gc,start    ] GC(40) Pause Young (Mixed) (G1 Evacuation Pause)
[10.874s][info][gc,task     ] GC(40) Using 13 workers of 13 for evacuation
[10.940s][info][gc,phases   ] GC(40)   Pre Evacuate Collection Set: 0.1ms
[10.940s][info][gc,phases   ] GC(40)   Merge Heap Roots: 0.1ms
[10.940s][info][gc,phases   ] GC(40)   Evacuate Collection Set: 65.7ms
[10.940s][info][gc,phases   ] GC(40)   Post Evacuate Collection Set: 0.4ms
[10.940s][info][gc,phases   ] GC(40)   Other: 0.1ms
[10.940s][info][gc,heap     ] GC(40) Eden regions: 2->0(47)
[10.940s][info][gc,heap     ] GC(40) Survivor regions: 52->7(7)
[10.940s][info][gc,heap     ] GC(40) Old regions: 283->227
[10.941s][info][gc,heap     ] GC(40) Archive regions: 2->2
[10.941s][info][gc,heap     ] GC(40) Humongous regions: 0->0
[10.941s][info][gc,metaspace] GC(40) Metaspace: 45155K(45568K)->45155K(45568K) NonClass: 38927K(39104K)->38927K(39104K) Class: 6228K(6464K)->6228K(6464K)
[10.941s][info][gc          ] GC(40) Pause Young (Mixed) (G1 Evacuation Pause) 5396M->3741M(17424M) 66.472ms
[10.941s][info][gc,cpu      ] GC(40) User=0.83s Sys=0.03s Real=0.06s
[11.009s][info][gc,start    ] GC(41) Pause Young (Mixed) (G1 Evacuation Pause)
[11.009s][info][gc,task     ] GC(41) Using 13 workers of 13 for evacuation
[11.036s][info][gc,phases   ] GC(41)   Pre Evacuate Collection Set: 0.1ms
[11.036s][info][gc,phases   ] GC(41)   Merge Heap Roots: 0.1ms
[11.036s][info][gc,phases   ] GC(41)   Evacuate Collection Set: 26.3ms
[11.036s][info][gc,phases   ] GC(41)   Post Evacuate Collection Set: 0.3ms
[11.036s][info][gc,phases   ] GC(41)   Other: 0.1ms
[11.036s][info][gc,heap     ] GC(41) Eden regions: 47->0(611)
[11.036s][info][gc,heap     ] GC(41) Survivor regions: 7->7(7)
[11.036s][info][gc,heap     ] GC(41) Old regions: 227->203
[11.036s][info][gc,heap     ] GC(41) Archive regions: 2->2
[11.036s][info][gc,heap     ] GC(41) Humongous regions: 0->0
[11.036s][info][gc,metaspace] GC(41) Metaspace: 45155K(45568K)->45155K(45568K) NonClass: 38927K(39104K)->38927K(39104K) Class: 6228K(6464K)->6228K(6464K)
[11.036s][info][gc          ] GC(41) Pause Young (Mixed) (G1 Evacuation Pause) 4493M->3367M(17424M) 26.878ms
[11.036s][info][gc,cpu      ] GC(41) User=0.32s Sys=0.00s Real=0.03s
[12.316s][info][gc,heap,exit] Heap
[12.317s][info][gc,heap,exit]  garbage-first heap   total 17842176K, used 11934928K [0x0000007001000000, 0x000000777f000000)
[12.317s][info][gc,heap,exit]   region size 16384K, 525 young (8601600K), 7 survivors (114688K)
[12.317s][info][gc,heap,exit]  Metaspace       used 45590K, committed 46016K, reserved 1114112K
[12.317s][info][gc,heap,exit]   class space    used 6277K, committed 6464K, reserved 1048576K
