[0.283s][info][gc] Using G1
[0.284s][info][gc,init] Version: 17.0.14+1-b1367.22 (release)
[0.284s][info][gc,init] CPUs: 16 total, 16 available
[0.284s][info][gc,init] Memory: 128G
[0.284s][info][gc,init] Large Page Support: Disabled
[0.284s][info][gc,init] NUMA Support: Disabled
[0.284s][info][gc,init] Compressed Oops: Enabled (Non-zero disjoint base)
[0.284s][info][gc,init] Heap Region Size: 16M
[0.284s][info][gc,init] Heap Min Capacity: 16M
[0.284s][info][gc,init] Heap Initial Capacity: 2G
[0.284s][info][gc,init] Heap Max Capacity: 30688M
[0.284s][info][gc,init] Pre-touch: Disabled
[0.284s][info][gc,init] Parallel Workers: 13
[0.284s][info][gc,init] Concurrent Workers: 3
[0.284s][info][gc,init] Concurrent Refinement Workers: 13
[0.284s][info][gc,init] Periodic GC: Disabled
[0.286s][info][gc,metaspace] CDS archive(s) mapped at: [0x0000007800000000-0x0000007800c24000-0x0000007800c24000), size 12730368, SharedBaseAddress: 0x0000007800000000, ArchiveRelocationMode: 1.
[0.286s][info][gc,metaspace] Compressed class space mapped at: 0x0000007801000000-0x0000007841000000, reserved size: 1073741824
[0.286s][info][gc,metaspace] Narrow klass base: 0x0000007800000000, Narrow klass shift: 0, Narrow klass range: 0x100000000
[0.749s][info][gc,start    ] GC(0) Pause Young (Normal) (G1 Evacuation Pause)
[0.749s][info][gc,task     ] GC(0) Using 13 workers of 13 for evacuation
[0.751s][info][gc,phases   ] GC(0)   Pre Evacuate Collection Set: 0.0ms
[0.751s][info][gc,phases   ] GC(0)   Merge Heap Roots: 0.1ms
[0.751s][info][gc,phases   ] GC(0)   Evacuate Collection Set: 1.2ms
[0.751s][info][gc,phases   ] GC(0)   Post Evacuate Collection Set: 0.3ms
[0.751s][info][gc,phases   ] GC(0)   Other: 0.4ms
[0.751s][info][gc,heap     ] GC(0) Eden regions: 6->0(5)
[0.751s][info][gc,heap     ] GC(0) Survivor regions: 0->1(1)
[0.751s][info][gc,heap     ] GC(0) Old regions: 0->0
[0.751s][info][gc,heap     ] GC(0) Archive regions: 2->2
[0.751s][info][gc,heap     ] GC(0) Humongous regions: 0->0
[0.751s][info][gc,metaspace] GC(0) Metaspace: 20320K(20544K)->20320K(20544K) NonClass: 17536K(17664K)->17536K(17664K) Class: 2783K(2880K)->2783K(2880K)
[0.751s][info][gc          ] GC(0) Pause Young (Normal) (G1 Evacuation Pause) 111M->24M(2080M) 1.983ms
[0.751s][info][gc,cpu      ] GC(0) User=0.01s Sys=0.01s Real=0.01s
[0.957s][info][gc,start    ] GC(1) Pause Young (Normal) (G1 Evacuation Pause)
[0.957s][info][gc,task     ] GC(1) Using 13 workers of 13 for evacuation
[0.967s][info][gc,phases   ] GC(1)   Pre Evacuate Collection Set: 0.1ms
[0.967s][info][gc,phases   ] GC(1)   Merge Heap Roots: 0.0ms
[0.967s][info][gc,phases   ] GC(1)   Evacuate Collection Set: 9.6ms
[0.967s][info][gc,phases   ] GC(1)   Post Evacuate Collection Set: 0.2ms
[0.967s][info][gc,phases   ] GC(1)   Other: 0.1ms
[0.967s][info][gc,heap     ] GC(1) Eden regions: 5->0(5)
[0.967s][info][gc,heap     ] GC(1) Survivor regions: 1->1(1)
[0.967s][info][gc,heap     ] GC(1) Old regions: 0->2
[0.967s][info][gc,heap     ] GC(1) Archive regions: 2->2
[0.967s][info][gc,heap     ] GC(1) Humongous regions: 0->0
[0.967s][info][gc,metaspace] GC(1) Metaspace: 20892K(21056K)->20892K(21056K) NonClass: 18099K(18176K)->18099K(18176K) Class: 2793K(2880K)->2793K(2880K)
[0.967s][info][gc          ] GC(1) Pause Young (Normal) (G1 Evacuation Pause) 104M->49M(2080M) 10.142ms
[0.967s][info][gc,cpu      ] GC(1) User=0.11s Sys=0.01s Real=0.01s
[1.081s][info][gc,start    ] GC(2) Pause Young (Normal) (G1 Evacuation Pause)
[1.082s][info][gc,task     ] GC(2) Using 13 workers of 13 for evacuation
[1.086s][info][gc,phases   ] GC(2)   Pre Evacuate Collection Set: 0.1ms
[1.087s][info][gc,phases   ] GC(2)   Merge Heap Roots: 0.1ms
[1.087s][info][gc,phases   ] GC(2)   Evacuate Collection Set: 4.5ms
[1.087s][info][gc,phases   ] GC(2)   Post Evacuate Collection Set: 0.2ms
[1.087s][info][gc,phases   ] GC(2)   Other: 0.1ms
[1.087s][info][gc,heap     ] GC(2) Eden regions: 5->0(5)
[1.087s][info][gc,heap     ] GC(2) Survivor regions: 1->1(1)
[1.087s][info][gc,heap     ] GC(2) Old regions: 2->3
[1.087s][info][gc,heap     ] GC(2) Archive regions: 2->2
[1.087s][info][gc,heap     ] GC(2) Humongous regions: 0->0
[1.087s][info][gc,metaspace] GC(2) Metaspace: 21028K(21184K)->21028K(21184K) NonClass: 18233K(18304K)->18233K(18304K) Class: 2794K(2880K)->2794K(2880K)
[1.087s][info][gc          ] GC(2) Pause Young (Normal) (G1 Evacuation Pause) 129M->78M(2080M) 5.081ms
[1.087s][info][gc,cpu      ] GC(2) User=0.07s Sys=0.01s Real=0.00s
[1.227s][info][gc,start    ] GC(3) Pause Young (Normal) (G1 Evacuation Pause)
[1.227s][info][gc,task     ] GC(3) Using 13 workers of 13 for evacuation
[1.231s][info][gc,phases   ] GC(3)   Pre Evacuate Collection Set: 0.0ms
[1.231s][info][gc,phases   ] GC(3)   Merge Heap Roots: 0.1ms
[1.231s][info][gc,phases   ] GC(3)   Evacuate Collection Set: 3.9ms
[1.231s][info][gc,phases   ] GC(3)   Post Evacuate Collection Set: 0.2ms
[1.231s][info][gc,phases   ] GC(3)   Other: 0.1ms
[1.231s][info][gc,heap     ] GC(3) Eden regions: 5->0(5)
[1.231s][info][gc,heap     ] GC(3) Survivor regions: 1->1(1)
[1.231s][info][gc,heap     ] GC(3) Old regions: 3->5
[1.231s][info][gc,heap     ] GC(3) Archive regions: 2->2
[1.231s][info][gc,heap     ] GC(3) Humongous regions: 0->0
[1.231s][info][gc,metaspace] GC(3) Metaspace: 21108K(21312K)->21108K(21312K) NonClass: 18314K(18432K)->18314K(18432K) Class: 2794K(2880K)->2794K(2880K)
[1.231s][info][gc          ] GC(3) Pause Young (Normal) (G1 Evacuation Pause) 158M->111M(2080M) 4.383ms
[1.231s][info][gc,cpu      ] GC(3) User=0.05s Sys=0.01s Real=0.01s
[1.284s][info][gc,start    ] GC(4) Pause Young (Normal) (G1 Evacuation Pause)
[1.284s][info][gc,task     ] GC(4) Using 13 workers of 13 for evacuation
[1.289s][info][gc,phases   ] GC(4)   Pre Evacuate Collection Set: 0.1ms
[1.289s][info][gc,phases   ] GC(4)   Merge Heap Roots: 0.1ms
[1.289s][info][gc,phases   ] GC(4)   Evacuate Collection Set: 4.6ms
[1.289s][info][gc,phases   ] GC(4)   Post Evacuate Collection Set: 0.2ms
[1.289s][info][gc,phases   ] GC(4)   Other: 0.1ms
[1.289s][info][gc,heap     ] GC(4) Eden regions: 5->0(5)
[1.289s][info][gc,heap     ] GC(4) Survivor regions: 1->1(1)
[1.289s][info][gc,heap     ] GC(4) Old regions: 5->8
[1.289s][info][gc,heap     ] GC(4) Archive regions: 2->2
[1.289s][info][gc,heap     ] GC(4) Humongous regions: 0->0
[1.289s][info][gc,metaspace] GC(4) Metaspace: 21136K(21312K)->21136K(21312K) NonClass: 18342K(18432K)->18342K(18432K) Class: 2794K(2880K)->2794K(2880K)
[1.289s][info][gc          ] GC(4) Pause Young (Normal) (G1 Evacuation Pause) 191M->147M(2080M) 5.052ms
[1.289s][info][gc,cpu      ] GC(4) User=0.06s Sys=0.01s Real=0.00s
[1.360s][info][gc,start    ] GC(5) Pause Young (Normal) (G1 Evacuation Pause)
[1.360s][info][gc,task     ] GC(5) Using 13 workers of 13 for evacuation
[1.365s][info][gc,phases   ] GC(5)   Pre Evacuate Collection Set: 0.1ms
[1.365s][info][gc,phases   ] GC(5)   Merge Heap Roots: 0.1ms
[1.365s][info][gc,phases   ] GC(5)   Evacuate Collection Set: 4.7ms
[1.365s][info][gc,phases   ] GC(5)   Post Evacuate Collection Set: 0.5ms
[1.365s][info][gc,phases   ] GC(5)   Other: 0.1ms
[1.365s][info][gc,heap     ] GC(5) Eden regions: 5->0(8)
[1.365s][info][gc,heap     ] GC(5) Survivor regions: 1->1(1)
[1.365s][info][gc,heap     ] GC(5) Old regions: 8->10
[1.365s][info][gc,heap     ] GC(5) Archive regions: 2->2
[1.365s][info][gc,heap     ] GC(5) Humongous regions: 0->0
[1.365s][info][gc,metaspace] GC(5) Metaspace: 21230K(21440K)->21230K(21440K) NonClass: 18434K(18560K)->18434K(18560K) Class: 2795K(2880K)->2795K(2880K)
[1.365s][info][gc          ] GC(5) Pause Young (Normal) (G1 Evacuation Pause) 227M->182M(3168M) 5.408ms
[1.365s][info][gc,cpu      ] GC(5) User=0.07s Sys=0.01s Real=0.00s
[1.463s][info][gc,start    ] GC(6) Pause Young (Normal) (G1 Evacuation Pause)
[1.463s][info][gc,task     ] GC(6) Using 13 workers of 13 for evacuation
[1.470s][info][gc,phases   ] GC(6)   Pre Evacuate Collection Set: 0.1ms
[1.470s][info][gc,phases   ] GC(6)   Merge Heap Roots: 0.1ms
[1.470s][info][gc,phases   ] GC(6)   Evacuate Collection Set: 6.3ms
[1.470s][info][gc,phases   ] GC(6)   Post Evacuate Collection Set: 0.2ms
[1.470s][info][gc,phases   ] GC(6)   Other: 0.1ms
[1.470s][info][gc,heap     ] GC(6) Eden regions: 8->0(8)
[1.470s][info][gc,heap     ] GC(6) Survivor regions: 1->2(2)
[1.470s][info][gc,heap     ] GC(6) Old regions: 10->12
[1.470s][info][gc,heap     ] GC(6) Archive regions: 2->2
[1.470s][info][gc,heap     ] GC(6) Humongous regions: 0->0
[1.470s][info][gc,metaspace] GC(6) Metaspace: 21238K(21440K)->21238K(21440K) NonClass: 18442K(18560K)->18442K(18560K) Class: 2795K(2880K)->2795K(2880K)
[1.470s][info][gc          ] GC(6) Pause Young (Normal) (G1 Evacuation Pause) 310M->235M(3168M) 6.732ms
[1.470s][info][gc,cpu      ] GC(6) User=0.08s Sys=0.01s Real=0.01s
[1.485s][info][gc,start    ] GC(7) Pause Young (Concurrent Start) (Metadata GC Threshold)
[1.485s][info][gc,task     ] GC(7) Using 13 workers of 13 for evacuation
[1.489s][info][gc,phases   ] GC(7)   Pre Evacuate Collection Set: 0.1ms
[1.489s][info][gc,phases   ] GC(7)   Merge Heap Roots: 0.1ms
[1.489s][info][gc,phases   ] GC(7)   Evacuate Collection Set: 3.4ms
[1.489s][info][gc,phases   ] GC(7)   Post Evacuate Collection Set: 0.2ms
[1.489s][info][gc,phases   ] GC(7)   Other: 0.1ms
[1.489s][info][gc,heap     ] GC(7) Eden regions: 2->0(10)
[1.489s][info][gc,heap     ] GC(7) Survivor regions: 2->1(2)
[1.489s][info][gc,heap     ] GC(7) Old regions: 12->14
[1.489s][info][gc,heap     ] GC(7) Archive regions: 2->2
[1.489s][info][gc,heap     ] GC(7) Humongous regions: 0->0
[1.489s][info][gc,metaspace] GC(7) Metaspace: 21339K(21504K)->21339K(21504K) NonClass: 18522K(18624K)->18522K(18624K) Class: 2817K(2880K)->2817K(2880K)
[1.489s][info][gc          ] GC(7) Pause Young (Concurrent Start) (Metadata GC Threshold) 252M->246M(3168M) 3.914ms
[1.489s][info][gc,cpu      ] GC(7) User=0.04s Sys=0.01s Real=0.00s
[1.489s][info][gc          ] GC(8) Concurrent Mark Cycle
[1.489s][info][gc,marking  ] GC(8) Concurrent Clear Claimed Marks
[1.489s][info][gc,marking  ] GC(8) Concurrent Clear Claimed Marks 0.012ms
[1.489s][info][gc,marking  ] GC(8) Concurrent Scan Root Regions
[1.495s][info][gc,marking  ] GC(8) Concurrent Scan Root Regions 5.981ms
[1.495s][info][gc,marking  ] GC(8) Concurrent Mark
[1.495s][info][gc,marking  ] GC(8) Concurrent Mark From Roots
[1.495s][info][gc,task     ] GC(8) Using 3 workers of 3 for marking
[1.538s][info][gc,marking  ] GC(8) Concurrent Mark From Roots 43.588ms
[1.538s][info][gc,marking  ] GC(8) Concurrent Preclean
[1.538s][info][gc,marking  ] GC(8) Concurrent Preclean 0.067ms
[1.539s][info][gc,start    ] GC(8) Pause Remark
[1.541s][info][gc          ] GC(8) Pause Remark 257M->257M(960M) 2.613ms
[1.541s][info][gc,cpu      ] GC(8) User=0.03s Sys=0.01s Real=0.01s
[1.541s][info][gc,marking  ] GC(8) Concurrent Mark 46.552ms
[1.541s][info][gc,marking  ] GC(8) Concurrent Rebuild Remembered Sets
[1.578s][info][gc,marking  ] GC(8) Concurrent Rebuild Remembered Sets 36.625ms
[1.578s][info][gc,start    ] GC(8) Pause Cleanup
[1.578s][info][gc          ] GC(8) Pause Cleanup 262M->262M(960M) 0.086ms
[1.578s][info][gc,cpu      ] GC(8) User=0.00s Sys=0.01s Real=0.00s
[1.578s][info][gc,marking  ] GC(8) Concurrent Cleanup for Next Mark
[1.579s][info][gc,marking  ] GC(8) Concurrent Cleanup for Next Mark 0.621ms
[1.579s][info][gc          ] GC(8) Concurrent Mark Cycle 90.210ms
[1.933s][info][gc,start    ] GC(9) Pause Young (Concurrent Start) (G1 Evacuation Pause)
[1.933s][info][gc,task     ] GC(9) Using 13 workers of 13 for evacuation
[1.936s][info][gc,phases   ] GC(9)   Pre Evacuate Collection Set: 0.1ms
[1.936s][info][gc,phases   ] GC(9)   Merge Heap Roots: 0.1ms
[1.936s][info][gc,phases   ] GC(9)   Evacuate Collection Set: 2.0ms
[1.936s][info][gc,phases   ] GC(9)   Post Evacuate Collection Set: 0.3ms
[1.936s][info][gc,phases   ] GC(9)   Other: 0.1ms
[1.936s][info][gc,heap     ] GC(9) Eden regions: 11->0(23)
[1.936s][info][gc,heap     ] GC(9) Survivor regions: 1->1(2)
[1.936s][info][gc,heap     ] GC(9) Old regions: 14->14
[1.936s][info][gc,heap     ] GC(9) Archive regions: 2->2
[1.936s][info][gc,heap     ] GC(9) Humongous regions: 0->0
[1.936s][info][gc,metaspace] GC(9) Metaspace: 33078K(33344K)->33078K(33344K) NonClass: 28253K(28416K)->28253K(28416K) Class: 4825K(4928K)->4825K(4928K)
[1.936s][info][gc          ] GC(9) Pause Young (Concurrent Start) (G1 Evacuation Pause) 422M->254M(960M) 2.623ms
[1.936s][info][gc,cpu      ] GC(9) User=0.03s Sys=0.00s Real=0.00s
[1.936s][info][gc          ] GC(10) Concurrent Mark Cycle
[1.936s][info][gc,marking  ] GC(10) Concurrent Clear Claimed Marks
[1.936s][info][gc,marking  ] GC(10) Concurrent Clear Claimed Marks 0.015ms
[1.936s][info][gc,marking  ] GC(10) Concurrent Scan Root Regions
[1.946s][info][gc,marking  ] GC(10) Concurrent Scan Root Regions 9.971ms
[1.946s][info][gc,marking  ] GC(10) Concurrent Mark
[1.946s][info][gc,marking  ] GC(10) Concurrent Mark From Roots
[1.946s][info][gc,task     ] GC(10) Using 3 workers of 3 for marking
[2.005s][info][gc,marking  ] GC(10) Concurrent Mark From Roots 59.527ms
[2.006s][info][gc,marking  ] GC(10) Concurrent Preclean
[2.006s][info][gc,marking  ] GC(10) Concurrent Preclean 0.074ms
[2.006s][info][gc,start    ] GC(10) Pause Remark
[2.007s][info][gc          ] GC(10) Pause Remark 313M->313M(960M) 0.999ms
[2.007s][info][gc,cpu      ] GC(10) User=0.01s Sys=0.00s Real=0.00s
[2.007s][info][gc,marking  ] GC(10) Concurrent Mark 60.826ms
[2.007s][info][gc,marking  ] GC(10) Concurrent Rebuild Remembered Sets
[2.049s][info][gc,marking  ] GC(10) Concurrent Rebuild Remembered Sets 42.510ms
[2.049s][info][gc,start    ] GC(10) Pause Cleanup
[2.050s][info][gc          ] GC(10) Pause Cleanup 327M->327M(960M) 0.075ms
[2.050s][info][gc,cpu      ] GC(10) User=0.00s Sys=0.00s Real=0.00s
[2.050s][info][gc,marking  ] GC(10) Concurrent Cleanup for Next Mark
[2.051s][info][gc,marking  ] GC(10) Concurrent Cleanup for Next Mark 1.566ms
[2.051s][info][gc          ] GC(10) Concurrent Mark Cycle 115.361ms
[2.202s][info][gc,start    ] GC(11) Pause Young (Normal) (G1 Evacuation Pause)
[2.202s][info][gc,task     ] GC(11) Using 13 workers of 13 for evacuation
[2.206s][info][gc,phases   ] GC(11)   Pre Evacuate Collection Set: 0.1ms
[2.207s][info][gc,phases   ] GC(11)   Merge Heap Roots: 0.1ms
[2.207s][info][gc,phases   ] GC(11)   Evacuate Collection Set: 4.2ms
[2.207s][info][gc,phases   ] GC(11)   Post Evacuate Collection Set: 0.4ms
[2.207s][info][gc,phases   ] GC(11)   Other: 0.1ms
[2.207s][info][gc,heap     ] GC(11) Eden regions: 23->0(29)
[2.207s][info][gc,heap     ] GC(11) Survivor regions: 1->2(3)
[2.207s][info][gc,heap     ] GC(11) Old regions: 14->14
[2.207s][info][gc,heap     ] GC(11) Archive regions: 2->2
[2.207s][info][gc,heap     ] GC(11) Humongous regions: 0->0
[2.207s][info][gc,metaspace] GC(11) Metaspace: 33915K(34240K)->33915K(34240K) NonClass: 29072K(29248K)->29072K(29248K) Class: 4843K(4992K)->4843K(4992K)
[2.207s][info][gc          ] GC(11) Pause Young (Normal) (G1 Evacuation Pause) 622M->259M(960M) 4.849ms
[2.207s][info][gc,cpu      ] GC(11) User=0.05s Sys=0.01s Real=0.00s
[2.395s][info][gc,start    ] GC(12) Pause Young (Normal) (G1 Evacuation Pause)
[2.395s][info][gc,task     ] GC(12) Using 13 workers of 13 for evacuation
[2.402s][info][gc,phases   ] GC(12)   Pre Evacuate Collection Set: 0.1ms
[2.402s][info][gc,phases   ] GC(12)   Merge Heap Roots: 0.2ms
[2.402s][info][gc,phases   ] GC(12)   Evacuate Collection Set: 6.1ms
[2.402s][info][gc,phases   ] GC(12)   Post Evacuate Collection Set: 0.5ms
[2.402s][info][gc,phases   ] GC(12)   Other: 0.1ms
[2.402s][info][gc,heap     ] GC(12) Eden regions: 29->0(30)
[2.402s][info][gc,heap     ] GC(12) Survivor regions: 2->2(4)
[2.402s][info][gc,heap     ] GC(12) Old regions: 14->14
[2.402s][info][gc,heap     ] GC(12) Archive regions: 2->2
[2.402s][info][gc,heap     ] GC(12) Humongous regions: 0->0
[2.402s][info][gc,metaspace] GC(12) Metaspace: 34216K(34560K)->34216K(34560K) NonClass: 29366K(29568K)->29366K(29568K) Class: 4850K(4992K)->4850K(4992K)
[2.402s][info][gc          ] GC(12) Pause Young (Normal) (G1 Evacuation Pause) 723M->267M(960M) 7.005ms
[2.402s][info][gc,cpu      ] GC(12) User=0.09s Sys=0.00s Real=0.01s
[2.589s][info][gc,start    ] GC(13) Pause Young (Normal) (G1 Evacuation Pause)
[2.589s][info][gc,task     ] GC(13) Using 13 workers of 13 for evacuation
[2.599s][info][gc,phases   ] GC(13)   Pre Evacuate Collection Set: 0.1ms
[2.599s][info][gc,phases   ] GC(13)   Merge Heap Roots: 0.3ms
[2.599s][info][gc,phases   ] GC(13)   Evacuate Collection Set: 8.1ms
[2.599s][info][gc,phases   ] GC(13)   Post Evacuate Collection Set: 0.8ms
[2.599s][info][gc,phases   ] GC(13)   Other: 0.1ms
[2.599s][info][gc,heap     ] GC(13) Eden regions: 30->0(51)
[2.599s][info][gc,heap     ] GC(13) Survivor regions: 2->3(4)
[2.599s][info][gc,heap     ] GC(13) Old regions: 14->14
[2.599s][info][gc,heap     ] GC(13) Archive regions: 2->2
[2.599s][info][gc,heap     ] GC(13) Humongous regions: 0->0
[2.599s][info][gc,metaspace] GC(13) Metaspace: 34330K(34624K)->34330K(34624K) NonClass: 29478K(29632K)->29478K(29632K) Class: 4851K(4992K)->4851K(4992K)
[2.599s][info][gc          ] GC(13) Pause Young (Normal) (G1 Evacuation Pause) 747M->275M(1456M) 9.417ms
[2.599s][info][gc,cpu      ] GC(13) User=0.11s Sys=0.01s Real=0.00s
[2.908s][info][gc,start    ] GC(14) Pause Young (Normal) (G1 Evacuation Pause)
[2.908s][info][gc,task     ] GC(14) Using 13 workers of 13 for evacuation
[2.921s][info][gc,phases   ] GC(14)   Pre Evacuate Collection Set: 0.1ms
[2.921s][info][gc,phases   ] GC(14)   Merge Heap Roots: 0.4ms
[2.921s][info][gc,phases   ] GC(14)   Evacuate Collection Set: 10.7ms
[2.921s][info][gc,phases   ] GC(14)   Post Evacuate Collection Set: 0.9ms
[2.921s][info][gc,phases   ] GC(14)   Other: 0.1ms
[2.921s][info][gc,heap     ] GC(14) Eden regions: 50->0(50)
[2.921s][info][gc,heap     ] GC(14) Survivor regions: 3->4(7)
[2.921s][info][gc,heap     ] GC(14) Old regions: 14->14
[2.921s][info][gc,heap     ] GC(14) Archive regions: 2->2
[2.921s][info][gc,heap     ] GC(14) Humongous regions: 0->0
[2.921s][info][gc,metaspace] GC(14) Metaspace: 34482K(34816K)->34482K(34816K) NonClass: 29629K(29824K)->29629K(29824K) Class: 4852K(4992K)->4852K(4992K)
[2.921s][info][gc          ] GC(14) Pause Young (Normal) (G1 Evacuation Pause) 1075M->290M(1456M) 12.242ms
[2.921s][info][gc,cpu      ] GC(14) User=0.13s Sys=0.00s Real=0.02s
[3.099s][info][gc,heap,exit] Heap
[3.099s][info][gc,heap,exit]  garbage-first heap   total 1490944K, used 675940K [0x0000007001000000, 0x000000777f000000)
[3.099s][info][gc,heap,exit]   region size 16384K, 28 young (458752K), 4 survivors (65536K)
[3.099s][info][gc,heap,exit]  Metaspace       used 34875K, committed 35200K, reserved 1114112K
[3.099s][info][gc,heap,exit]   class space    used 4906K, committed 5056K, reserved 1048576K
