[0.303s][info][gc] Using G1
[0.304s][info][gc,init] Version: 17.0.14+1-b1367.22 (release)
[0.304s][info][gc,init] CPUs: 16 total, 16 available
[0.304s][info][gc,init] Memory: 128G
[0.304s][info][gc,init] Large Page Support: Disabled
[0.304s][info][gc,init] NUMA Support: Disabled
[0.304s][info][gc,init] Compressed Oops: Enabled (Non-zero disjoint base)
[0.304s][info][gc,init] Heap Region Size: 16M
[0.304s][info][gc,init] Heap Min Capacity: 16M
[0.304s][info][gc,init] Heap Initial Capacity: 2G
[0.304s][info][gc,init] Heap Max Capacity: 30688M
[0.304s][info][gc,init] Pre-touch: Disabled
[0.304s][info][gc,init] Parallel Workers: 13
[0.304s][info][gc,init] Concurrent Workers: 3
[0.304s][info][gc,init] Concurrent Refinement Workers: 13
[0.304s][info][gc,init] Periodic GC: Disabled
[0.307s][info][gc,metaspace] CDS archive(s) mapped at: [0x000000f000000000-0x000000f000c24000-0x000000f000c24000), size 12730368, SharedBaseAddress: 0x000000f000000000, ArchiveRelocationMode: 1.
[0.307s][info][gc,metaspace] Compressed class space mapped at: 0x000000f001000000-0x000000f041000000, reserved size: 1073741824
[0.307s][info][gc,metaspace] Narrow klass base: 0x000000f000000000, Narrow klass shift: 0, Narrow klass range: 0x100000000
[0.778s][info][gc,start    ] GC(0) Pause Young (Normal) (G1 Evacuation Pause)
[0.778s][info][gc,task     ] GC(0) Using 13 workers of 13 for evacuation
[0.780s][info][gc,phases   ] GC(0)   Pre Evacuate Collection Set: 0.1ms
[0.780s][info][gc,phases   ] GC(0)   Merge Heap Roots: 0.1ms
[0.780s][info][gc,phases   ] GC(0)   Evacuate Collection Set: 1.4ms
[0.780s][info][gc,phases   ] GC(0)   Post Evacuate Collection Set: 0.3ms
[0.780s][info][gc,phases   ] GC(0)   Other: 0.4ms
[0.780s][info][gc,heap     ] GC(0) Eden regions: 6->0(5)
[0.780s][info][gc,heap     ] GC(0) Survivor regions: 0->1(1)
[0.780s][info][gc,heap     ] GC(0) Old regions: 0->0
[0.780s][info][gc,heap     ] GC(0) Archive regions: 2->2
[0.780s][info][gc,heap     ] GC(0) Humongous regions: 0->0
[0.780s][info][gc,metaspace] GC(0) Metaspace: 20317K(20544K)->20317K(20544K) NonClass: 17533K(17664K)->17533K(17664K) Class: 2783K(2880K)->2783K(2880K)
[0.780s][info][gc          ] GC(0) Pause Young (Normal) (G1 Evacuation Pause) 111M->24M(2080M) 2.254ms
[0.780s][info][gc,cpu      ] GC(0) User=0.02s Sys=0.01s Real=0.00s
[0.982s][info][gc,start    ] GC(1) Pause Young (Normal) (G1 Evacuation Pause)
[0.982s][info][gc,task     ] GC(1) Using 13 workers of 13 for evacuation
[0.993s][info][gc,phases   ] GC(1)   Pre Evacuate Collection Set: 0.1ms
[0.993s][info][gc,phases   ] GC(1)   Merge Heap Roots: 0.1ms
[0.993s][info][gc,phases   ] GC(1)   Evacuate Collection Set: 10.2ms
[0.993s][info][gc,phases   ] GC(1)   Post Evacuate Collection Set: 0.2ms
[0.993s][info][gc,phases   ] GC(1)   Other: 0.1ms
[0.993s][info][gc,heap     ] GC(1) Eden regions: 5->0(5)
[0.993s][info][gc,heap     ] GC(1) Survivor regions: 1->1(1)
[0.993s][info][gc,heap     ] GC(1) Old regions: 0->2
[0.993s][info][gc,heap     ] GC(1) Archive regions: 2->2
[0.993s][info][gc,heap     ] GC(1) Humongous regions: 0->0
[0.993s][info][gc,metaspace] GC(1) Metaspace: 20890K(21056K)->20890K(21056K) NonClass: 18097K(18176K)->18097K(18176K) Class: 2793K(2880K)->2793K(2880K)
[0.993s][info][gc          ] GC(1) Pause Young (Normal) (G1 Evacuation Pause) 104M->51M(2080M) 10.721ms
[0.993s][info][gc,cpu      ] GC(1) User=0.12s Sys=0.02s Real=0.01s
[1.139s][info][gc,start    ] GC(2) Pause Young (Normal) (G1 Evacuation Pause)
[1.139s][info][gc,task     ] GC(2) Using 13 workers of 13 for evacuation
[1.144s][info][gc,phases   ] GC(2)   Pre Evacuate Collection Set: 0.1ms
[1.144s][info][gc,phases   ] GC(2)   Merge Heap Roots: 0.0ms
[1.144s][info][gc,phases   ] GC(2)   Evacuate Collection Set: 4.2ms
[1.144s][info][gc,phases   ] GC(2)   Post Evacuate Collection Set: 0.2ms
[1.144s][info][gc,phases   ] GC(2)   Other: 0.1ms
[1.144s][info][gc,heap     ] GC(2) Eden regions: 5->0(5)
[1.144s][info][gc,heap     ] GC(2) Survivor regions: 1->1(1)
[1.144s][info][gc,heap     ] GC(2) Old regions: 2->3
[1.144s][info][gc,heap     ] GC(2) Archive regions: 2->2
[1.144s][info][gc,heap     ] GC(2) Humongous regions: 0->0
[1.144s][info][gc,metaspace] GC(2) Metaspace: 21035K(21248K)->21035K(21248K) NonClass: 18240K(18368K)->18240K(18368K) Class: 2794K(2880K)->2794K(2880K)
[1.144s][info][gc          ] GC(2) Pause Young (Normal) (G1 Evacuation Pause) 131M->79M(2080M) 4.765ms
[1.144s][info][gc,cpu      ] GC(2) User=0.06s Sys=0.01s Real=0.01s
[1.263s][info][gc,start    ] GC(3) Pause Young (Normal) (G1 Evacuation Pause)
[1.263s][info][gc,task     ] GC(3) Using 13 workers of 13 for evacuation
[1.267s][info][gc,phases   ] GC(3)   Pre Evacuate Collection Set: 0.1ms
[1.267s][info][gc,phases   ] GC(3)   Merge Heap Roots: 0.1ms
[1.267s][info][gc,phases   ] GC(3)   Evacuate Collection Set: 4.1ms
[1.267s][info][gc,phases   ] GC(3)   Post Evacuate Collection Set: 0.1ms
[1.267s][info][gc,phases   ] GC(3)   Other: 0.1ms
[1.267s][info][gc,heap     ] GC(3) Eden regions: 5->0(5)
[1.267s][info][gc,heap     ] GC(3) Survivor regions: 1->1(1)
[1.267s][info][gc,heap     ] GC(3) Old regions: 3->6
[1.267s][info][gc,heap     ] GC(3) Archive regions: 2->2
[1.267s][info][gc,heap     ] GC(3) Humongous regions: 0->0
[1.267s][info][gc,metaspace] GC(3) Metaspace: 21127K(21312K)->21127K(21312K) NonClass: 18332K(18432K)->18332K(18432K) Class: 2794K(2880K)->2794K(2880K)
[1.267s][info][gc          ] GC(3) Pause Young (Normal) (G1 Evacuation Pause) 159M->112M(2080M) 4.571ms
[1.267s][info][gc,cpu      ] GC(3) User=0.06s Sys=0.01s Real=0.00s
[1.320s][info][gc,start    ] GC(4) Pause Young (Normal) (G1 Evacuation Pause)
[1.320s][info][gc,task     ] GC(4) Using 13 workers of 13 for evacuation
[1.324s][info][gc,phases   ] GC(4)   Pre Evacuate Collection Set: 0.1ms
[1.324s][info][gc,phases   ] GC(4)   Merge Heap Roots: 0.0ms
[1.324s][info][gc,phases   ] GC(4)   Evacuate Collection Set: 4.2ms
[1.324s][info][gc,phases   ] GC(4)   Post Evacuate Collection Set: 0.2ms
[1.324s][info][gc,phases   ] GC(4)   Other: 0.1ms
[1.324s][info][gc,heap     ] GC(4) Eden regions: 5->0(5)
[1.324s][info][gc,heap     ] GC(4) Survivor regions: 1->1(1)
[1.324s][info][gc,heap     ] GC(4) Old regions: 6->8
[1.324s][info][gc,heap     ] GC(4) Archive regions: 2->2
[1.324s][info][gc,heap     ] GC(4) Humongous regions: 0->0
[1.324s][info][gc,metaspace] GC(4) Metaspace: 21162K(21312K)->21162K(21312K) NonClass: 18367K(18432K)->18367K(18432K) Class: 2794K(2880K)->2794K(2880K)
[1.324s][info][gc          ] GC(4) Pause Young (Normal) (G1 Evacuation Pause) 192M->146M(2080M) 4.612ms
[1.324s][info][gc,cpu      ] GC(4) User=0.06s Sys=0.01s Real=0.01s
[1.465s][info][gc,start    ] GC(5) Pause Young (Normal) (G1 Evacuation Pause)
[1.465s][info][gc,task     ] GC(5) Using 13 workers of 13 for evacuation
[1.471s][info][gc,phases   ] GC(5)   Pre Evacuate Collection Set: 0.1ms
[1.471s][info][gc,phases   ] GC(5)   Merge Heap Roots: 0.0ms
[1.471s][info][gc,phases   ] GC(5)   Evacuate Collection Set: 4.7ms
[1.471s][info][gc,phases   ] GC(5)   Post Evacuate Collection Set: 0.5ms
[1.471s][info][gc,phases   ] GC(5)   Other: 0.1ms
[1.471s][info][gc,heap     ] GC(5) Eden regions: 5->0(8)
[1.471s][info][gc,heap     ] GC(5) Survivor regions: 1->1(1)
[1.471s][info][gc,heap     ] GC(5) Old regions: 8->10
[1.471s][info][gc,heap     ] GC(5) Archive regions: 2->2
[1.471s][info][gc,heap     ] GC(5) Humongous regions: 0->0
[1.471s][info][gc,metaspace] GC(5) Metaspace: 21226K(21440K)->21226K(21440K) NonClass: 18431K(18560K)->18431K(18560K) Class: 2795K(2880K)->2795K(2880K)
[1.471s][info][gc          ] GC(5) Pause Young (Normal) (G1 Evacuation Pause) 226M->181M(3120M) 5.458ms
[1.471s][info][gc,cpu      ] GC(5) User=0.07s Sys=0.01s Real=0.00s
[1.553s][info][gc,start    ] GC(6) Pause Young (Normal) (G1 Evacuation Pause)
[1.553s][info][gc,task     ] GC(6) Using 13 workers of 13 for evacuation
[1.559s][info][gc,phases   ] GC(6)   Pre Evacuate Collection Set: 0.1ms
[1.559s][info][gc,phases   ] GC(6)   Merge Heap Roots: 0.0ms
[1.559s][info][gc,phases   ] GC(6)   Evacuate Collection Set: 5.7ms
[1.559s][info][gc,phases   ] GC(6)   Post Evacuate Collection Set: 0.2ms
[1.559s][info][gc,phases   ] GC(6)   Other: 0.1ms
[1.559s][info][gc,heap     ] GC(6) Eden regions: 8->0(8)
[1.559s][info][gc,heap     ] GC(6) Survivor regions: 1->2(2)
[1.559s][info][gc,heap     ] GC(6) Old regions: 10->12
[1.559s][info][gc,heap     ] GC(6) Archive regions: 2->2
[1.559s][info][gc,heap     ] GC(6) Humongous regions: 0->0
[1.559s][info][gc,metaspace] GC(6) Metaspace: 21239K(21440K)->21239K(21440K) NonClass: 18441K(18560K)->18441K(18560K) Class: 2797K(2880K)->2797K(2880K)
[1.559s][info][gc          ] GC(6) Pause Young (Normal) (G1 Evacuation Pause) 309M->233M(3120M) 6.200ms
[1.559s][info][gc,cpu      ] GC(6) User=0.07s Sys=0.01s Real=0.00s
[1.571s][info][gc,start    ] GC(7) Pause Young (Concurrent Start) (Metadata GC Threshold)
[1.571s][info][gc,task     ] GC(7) Using 13 workers of 13 for evacuation
[1.575s][info][gc,phases   ] GC(7)   Pre Evacuate Collection Set: 0.1ms
[1.575s][info][gc,phases   ] GC(7)   Merge Heap Roots: 0.0ms
[1.575s][info][gc,phases   ] GC(7)   Evacuate Collection Set: 3.6ms
[1.575s][info][gc,phases   ] GC(7)   Post Evacuate Collection Set: 0.2ms
[1.575s][info][gc,phases   ] GC(7)   Other: 0.1ms
[1.575s][info][gc,heap     ] GC(7) Eden regions: 2->0(10)
[1.575s][info][gc,heap     ] GC(7) Survivor regions: 2->1(2)
[1.575s][info][gc,heap     ] GC(7) Old regions: 12->14
[1.575s][info][gc,heap     ] GC(7) Archive regions: 2->2
[1.575s][info][gc,heap     ] GC(7) Humongous regions: 0->0
[1.575s][info][gc,metaspace] GC(7) Metaspace: 21332K(21504K)->21332K(21504K) NonClass: 18515K(18624K)->18515K(18624K) Class: 2817K(2880K)->2817K(2880K)
[1.575s][info][gc          ] GC(7) Pause Young (Concurrent Start) (Metadata GC Threshold) 251M->245M(3120M) 4.080ms
[1.575s][info][gc,cpu      ] GC(7) User=0.05s Sys=0.01s Real=0.00s
[1.575s][info][gc          ] GC(8) Concurrent Mark Cycle
[1.575s][info][gc,marking  ] GC(8) Concurrent Clear Claimed Marks
[1.575s][info][gc,marking  ] GC(8) Concurrent Clear Claimed Marks 0.013ms
[1.575s][info][gc,marking  ] GC(8) Concurrent Scan Root Regions
[1.581s][info][gc,marking  ] GC(8) Concurrent Scan Root Regions 6.115ms
[1.581s][info][gc,marking  ] GC(8) Concurrent Mark
[1.581s][info][gc,marking  ] GC(8) Concurrent Mark From Roots
[1.581s][info][gc,task     ] GC(8) Using 3 workers of 3 for marking
[1.642s][info][gc,marking  ] GC(8) Concurrent Mark From Roots 60.271ms
[1.642s][info][gc,marking  ] GC(8) Concurrent Preclean
[1.642s][info][gc,marking  ] GC(8) Concurrent Preclean 0.117ms
[1.642s][info][gc,start    ] GC(8) Pause Remark
[1.644s][info][gc          ] GC(8) Pause Remark 259M->259M(960M) 2.227ms
[1.644s][info][gc,cpu      ] GC(8) User=0.03s Sys=0.00s Real=0.00s
[1.644s][info][gc,marking  ] GC(8) Concurrent Mark 62.905ms
[1.644s][info][gc,marking  ] GC(8) Concurrent Rebuild Remembered Sets
[1.682s][info][gc,marking  ] GC(8) Concurrent Rebuild Remembered Sets 37.746ms
[1.682s][info][gc,start    ] GC(8) Pause Cleanup
[1.682s][info][gc          ] GC(8) Pause Cleanup 264M->264M(960M) 0.051ms
[1.682s][info][gc,cpu      ] GC(8) User=0.00s Sys=0.00s Real=0.00s
[1.682s][info][gc,marking  ] GC(8) Concurrent Cleanup for Next Mark
[1.683s][info][gc,marking  ] GC(8) Concurrent Cleanup for Next Mark 1.148ms
[1.683s][info][gc          ] GC(8) Concurrent Mark Cycle 108.228ms
[2.051s][info][gc,start    ] GC(9) Pause Young (Concurrent Start) (G1 Evacuation Pause)
[2.051s][info][gc,task     ] GC(9) Using 13 workers of 13 for evacuation
[2.053s][info][gc,phases   ] GC(9)   Pre Evacuate Collection Set: 0.1ms
[2.053s][info][gc,phases   ] GC(9)   Merge Heap Roots: 0.1ms
[2.053s][info][gc,phases   ] GC(9)   Evacuate Collection Set: 2.2ms
[2.053s][info][gc,phases   ] GC(9)   Post Evacuate Collection Set: 0.4ms
[2.053s][info][gc,phases   ] GC(9)   Other: 0.1ms
[2.053s][info][gc,heap     ] GC(9) Eden regions: 11->0(23)
[2.053s][info][gc,heap     ] GC(9) Survivor regions: 1->1(2)
[2.053s][info][gc,heap     ] GC(9) Old regions: 14->14
[2.053s][info][gc,heap     ] GC(9) Archive regions: 2->2
[2.053s][info][gc,heap     ] GC(9) Humongous regions: 0->0
[2.053s][info][gc,metaspace] GC(9) Metaspace: 33268K(33536K)->33268K(33536K) NonClass: 28485K(28608K)->28485K(28608K) Class: 4783K(4928K)->4783K(4928K)
[2.053s][info][gc          ] GC(9) Pause Young (Concurrent Start) (G1 Evacuation Pause) 421M->251M(960M) 2.925ms
[2.053s][info][gc,cpu      ] GC(9) User=0.02s Sys=0.01s Real=0.01s
[2.054s][info][gc          ] GC(10) Concurrent Mark Cycle
[2.054s][info][gc,marking  ] GC(10) Concurrent Clear Claimed Marks
[2.054s][info][gc,marking  ] GC(10) Concurrent Clear Claimed Marks 0.015ms
[2.054s][info][gc,marking  ] GC(10) Concurrent Scan Root Regions
[2.060s][info][gc,marking  ] GC(10) Concurrent Scan Root Regions 6.859ms
[2.060s][info][gc,marking  ] GC(10) Concurrent Mark
[2.060s][info][gc,marking  ] GC(10) Concurrent Mark From Roots
[2.060s][info][gc,task     ] GC(10) Using 3 workers of 3 for marking
[2.118s][info][gc,marking  ] GC(10) Concurrent Mark From Roots 57.444ms
[2.118s][info][gc,marking  ] GC(10) Concurrent Preclean
[2.118s][info][gc,marking  ] GC(10) Concurrent Preclean 0.103ms
[2.118s][info][gc,start    ] GC(10) Pause Remark
[2.119s][info][gc          ] GC(10) Pause Remark 339M->339M(960M) 1.086ms
[2.119s][info][gc,cpu      ] GC(10) User=0.01s Sys=0.00s Real=0.00s
[2.119s][info][gc,marking  ] GC(10) Concurrent Mark 58.853ms
[2.119s][info][gc,marking  ] GC(10) Concurrent Rebuild Remembered Sets
[2.157s][info][gc,marking  ] GC(10) Concurrent Rebuild Remembered Sets 37.656ms
[2.157s][info][gc,start    ] GC(10) Pause Cleanup
[2.157s][info][gc          ] GC(10) Pause Cleanup 397M->397M(960M) 0.075ms
[2.157s][info][gc,cpu      ] GC(10) User=0.00s Sys=0.00s Real=0.00s
[2.157s][info][gc,marking  ] GC(10) Concurrent Cleanup for Next Mark
[2.158s][info][gc,marking  ] GC(10) Concurrent Cleanup for Next Mark 1.057ms
[2.158s][info][gc          ] GC(10) Concurrent Mark Cycle 104.827ms
[2.286s][info][gc,start    ] GC(11) Pause Young (Normal) (G1 Evacuation Pause)
[2.286s][info][gc,task     ] GC(11) Using 13 workers of 13 for evacuation
[2.291s][info][gc,phases   ] GC(11)   Pre Evacuate Collection Set: 0.1ms
[2.291s][info][gc,phases   ] GC(11)   Merge Heap Roots: 0.1ms
[2.291s][info][gc,phases   ] GC(11)   Evacuate Collection Set: 4.3ms
[2.291s][info][gc,phases   ] GC(11)   Post Evacuate Collection Set: 0.4ms
[2.291s][info][gc,phases   ] GC(11)   Other: 0.1ms
[2.291s][info][gc,heap     ] GC(11) Eden regions: 23->0(29)
[2.291s][info][gc,heap     ] GC(11) Survivor regions: 1->2(3)
[2.291s][info][gc,heap     ] GC(11) Old regions: 14->14
[2.291s][info][gc,heap     ] GC(11) Archive regions: 2->2
[2.291s][info][gc,heap     ] GC(11) Humongous regions: 0->0
[2.291s][info][gc,metaspace] GC(11) Metaspace: 33862K(34176K)->33862K(34176K) NonClass: 29058K(29248K)->29058K(29248K) Class: 4804K(4928K)->4804K(4928K)
[2.291s][info][gc          ] GC(11) Pause Young (Normal) (G1 Evacuation Pause) 619M->257M(960M) 5.110ms
[2.291s][info][gc,cpu      ] GC(11) User=0.06s Sys=0.01s Real=0.00s
[2.449s][info][gc,start    ] GC(12) Pause Young (Normal) (G1 Evacuation Pause)
[2.449s][info][gc,task     ] GC(12) Using 13 workers of 13 for evacuation
[2.456s][info][gc,phases   ] GC(12)   Pre Evacuate Collection Set: 0.1ms
[2.456s][info][gc,phases   ] GC(12)   Merge Heap Roots: 0.3ms
[2.456s][info][gc,phases   ] GC(12)   Evacuate Collection Set: 5.7ms
[2.456s][info][gc,phases   ] GC(12)   Post Evacuate Collection Set: 0.5ms
[2.456s][info][gc,phases   ] GC(12)   Other: 0.1ms
[2.456s][info][gc,heap     ] GC(12) Eden regions: 29->0(30)
[2.456s][info][gc,heap     ] GC(12) Survivor regions: 2->2(4)
[2.456s][info][gc,heap     ] GC(12) Old regions: 14->14
[2.456s][info][gc,heap     ] GC(12) Archive regions: 2->2
[2.456s][info][gc,heap     ] GC(12) Humongous regions: 0->0
[2.456s][info][gc,metaspace] GC(12) Metaspace: 34082K(34368K)->34082K(34368K) NonClass: 29274K(29440K)->29274K(29440K) Class: 4808K(4928K)->4808K(4928K)
[2.456s][info][gc          ] GC(12) Pause Young (Normal) (G1 Evacuation Pause) 721M->265M(960M) 6.649ms
[2.456s][info][gc,cpu      ] GC(12) User=0.07s Sys=0.00s Real=0.01s
[2.665s][info][gc,start    ] GC(13) Pause Young (Normal) (G1 Evacuation Pause)
[2.665s][info][gc,task     ] GC(13) Using 13 workers of 13 for evacuation
[2.674s][info][gc,phases   ] GC(13)   Pre Evacuate Collection Set: 0.1ms
[2.674s][info][gc,phases   ] GC(13)   Merge Heap Roots: 0.3ms
[2.674s][info][gc,phases   ] GC(13)   Evacuate Collection Set: 7.8ms
[2.674s][info][gc,phases   ] GC(13)   Post Evacuate Collection Set: 0.8ms
[2.674s][info][gc,phases   ] GC(13)   Other: 0.1ms
[2.674s][info][gc,heap     ] GC(13) Eden regions: 30->0(49)
[2.674s][info][gc,heap     ] GC(13) Survivor regions: 2->3(4)
[2.674s][info][gc,heap     ] GC(13) Old regions: 14->14
[2.674s][info][gc,heap     ] GC(13) Archive regions: 2->2
[2.674s][info][gc,heap     ] GC(13) Humongous regions: 0->0
[2.674s][info][gc,metaspace] GC(13) Metaspace: 34168K(34432K)->34168K(34432K) NonClass: 29358K(29504K)->29358K(29504K) Class: 4810K(4928K)->4810K(4928K)
[2.674s][info][gc          ] GC(13) Pause Young (Normal) (G1 Evacuation Pause) 745M->272M(1408M) 9.088ms
[2.674s][info][gc,cpu      ] GC(13) User=0.10s Sys=0.00s Real=0.01s
[2.988s][info][gc,start    ] GC(14) Pause Young (Normal) (G1 Evacuation Pause)
[2.988s][info][gc,task     ] GC(14) Using 13 workers of 13 for evacuation
[3.000s][info][gc,phases   ] GC(14)   Pre Evacuate Collection Set: 0.1ms
[3.000s][info][gc,phases   ] GC(14)   Merge Heap Roots: 0.4ms
[3.000s][info][gc,phases   ] GC(14)   Evacuate Collection Set: 11.0ms
[3.000s][info][gc,phases   ] GC(14)   Post Evacuate Collection Set: 0.9ms
[3.000s][info][gc,phases   ] GC(14)   Other: 0.1ms
[3.000s][info][gc,heap     ] GC(14) Eden regions: 46->0(48)
[3.000s][info][gc,heap     ] GC(14) Survivor regions: 3->4(7)
[3.000s][info][gc,heap     ] GC(14) Old regions: 14->14
[3.000s][info][gc,heap     ] GC(14) Archive regions: 2->2
[3.000s][info][gc,heap     ] GC(14) Humongous regions: 0->0
[3.000s][info][gc,metaspace] GC(14) Metaspace: 34358K(34624K)->34358K(34624K) NonClass: 29547K(29696K)->29547K(29696K) Class: 4811K(4928K)->4811K(4928K)
[3.000s][info][gc          ] GC(14) Pause Young (Normal) (G1 Evacuation Pause) 1008M->285M(1408M) 12.460ms
[3.000s][info][gc,cpu      ] GC(14) User=0.14s Sys=0.01s Real=0.01s
[3.193s][info][gc,heap,exit] Heap
[3.193s][info][gc,heap,exit]  garbage-first heap   total 1441792K, used 731919K [0x0000007001000000, 0x000000777f000000)
[3.193s][info][gc,heap,exit]   region size 16384K, 31 young (507904K), 4 survivors (65536K)
[3.193s][info][gc,heap,exit]  Metaspace       used 34746K, committed 35008K, reserved 1114112K
[3.193s][info][gc,heap,exit]   class space    used 4866K, committed 4992K, reserved 1048576K
