[0.279s][info][gc] Using G1
[0.280s][info][gc,init] Version: 17.0.14+1-b1367.22 (release)
[0.280s][info][gc,init] CPUs: 16 total, 16 available
[0.280s][info][gc,init] Memory: 128G
[0.280s][info][gc,init] Large Page Support: Disabled
[0.280s][info][gc,init] NUMA Support: Disabled
[0.280s][info][gc,init] Compressed Oops: Enabled (Non-zero disjoint base)
[0.280s][info][gc,init] Heap Region Size: 16M
[0.280s][info][gc,init] Heap Min Capacity: 16M
[0.280s][info][gc,init] Heap Initial Capacity: 2G
[0.280s][info][gc,init] Heap Max Capacity: 30688M
[0.280s][info][gc,init] Pre-touch: Disabled
[0.280s][info][gc,init] Parallel Workers: 13
[0.280s][info][gc,init] Concurrent Workers: 3
[0.280s][info][gc,init] Concurrent Refinement Workers: 13
[0.280s][info][gc,init] Periodic GC: Disabled
[0.283s][info][gc,metaspace] CDS archive(s) mapped at: [0x000000d800000000-0x000000d800c24000-0x000000d800c24000), size 12730368, SharedBaseAddress: 0x000000d800000000, ArchiveRelocationMode: 1.
[0.283s][info][gc,metaspace] Compressed class space mapped at: 0x000000d801000000-0x000000d841000000, reserved size: 1073741824
[0.283s][info][gc,metaspace] Narrow klass base: 0x000000d800000000, Narrow klass shift: 0, Narrow klass range: 0x100000000
[0.736s][info][gc,start    ] GC(0) Pause Young (Normal) (G1 Evacuation Pause)
[0.736s][info][gc,task     ] GC(0) Using 13 workers of 13 for evacuation
[0.738s][info][gc,phases   ] GC(0)   Pre Evacuate Collection Set: 0.1ms
[0.738s][info][gc,phases   ] GC(0)   Merge Heap Roots: 0.1ms
[0.738s][info][gc,phases   ] GC(0)   Evacuate Collection Set: 1.2ms
[0.738s][info][gc,phases   ] GC(0)   Post Evacuate Collection Set: 0.3ms
[0.738s][info][gc,phases   ] GC(0)   Other: 0.3ms
[0.738s][info][gc,heap     ] GC(0) Eden regions: 6->0(5)
[0.738s][info][gc,heap     ] GC(0) Survivor regions: 0->1(1)
[0.738s][info][gc,heap     ] GC(0) Old regions: 0->0
[0.738s][info][gc,heap     ] GC(0) Archive regions: 2->2
[0.738s][info][gc,heap     ] GC(0) Humongous regions: 0->0
[0.738s][info][gc,metaspace] GC(0) Metaspace: 20266K(20480K)->20266K(20480K) NonClass: 17477K(17600K)->17477K(17600K) Class: 2789K(2880K)->2789K(2880K)
[0.738s][info][gc          ] GC(0) Pause Young (Normal) (G1 Evacuation Pause) 111M->24M(2080M) 2.057ms
[0.738s][info][gc,cpu      ] GC(0) User=0.01s Sys=0.01s Real=0.00s
[0.995s][info][gc,start    ] GC(1) Pause Young (Normal) (G1 Evacuation Pause)
[0.995s][info][gc,task     ] GC(1) Using 13 workers of 13 for evacuation
[1.007s][info][gc,phases   ] GC(1)   Pre Evacuate Collection Set: 0.1ms
[1.007s][info][gc,phases   ] GC(1)   Merge Heap Roots: 0.0ms
[1.007s][info][gc,phases   ] GC(1)   Evacuate Collection Set: 12.0ms
[1.007s][info][gc,phases   ] GC(1)   Post Evacuate Collection Set: 0.2ms
[1.007s][info][gc,phases   ] GC(1)   Other: 0.1ms
[1.007s][info][gc,heap     ] GC(1) Eden regions: 5->0(5)
[1.007s][info][gc,heap     ] GC(1) Survivor regions: 1->1(1)
[1.007s][info][gc,heap     ] GC(1) Old regions: 0->2
[1.007s][info][gc,heap     ] GC(1) Archive regions: 2->2
[1.007s][info][gc,heap     ] GC(1) Humongous regions: 0->0
[1.007s][info][gc,metaspace] GC(1) Metaspace: 20904K(21056K)->20904K(21056K) NonClass: 18105K(18176K)->18105K(18176K) Class: 2799K(2880K)->2799K(2880K)
[1.007s][info][gc          ] GC(1) Pause Young (Normal) (G1 Evacuation Pause) 104M->50M(2080M) 12.460ms
[1.007s][info][gc,cpu      ] GC(1) User=0.14s Sys=0.02s Real=0.01s
[1.195s][info][gc,start    ] GC(2) Pause Young (Normal) (G1 Evacuation Pause)
[1.195s][info][gc,task     ] GC(2) Using 13 workers of 13 for evacuation
[1.199s][info][gc,phases   ] GC(2)   Pre Evacuate Collection Set: 0.1ms
[1.199s][info][gc,phases   ] GC(2)   Merge Heap Roots: 0.1ms
[1.199s][info][gc,phases   ] GC(2)   Evacuate Collection Set: 3.5ms
[1.199s][info][gc,phases   ] GC(2)   Post Evacuate Collection Set: 0.2ms
[1.199s][info][gc,phases   ] GC(2)   Other: 0.1ms
[1.199s][info][gc,heap     ] GC(2) Eden regions: 5->0(5)
[1.199s][info][gc,heap     ] GC(2) Survivor regions: 1->1(1)
[1.199s][info][gc,heap     ] GC(2) Old regions: 2->3
[1.199s][info][gc,heap     ] GC(2) Archive regions: 2->2
[1.199s][info][gc,heap     ] GC(2) Humongous regions: 0->0
[1.199s][info][gc,metaspace] GC(2) Metaspace: 21041K(21184K)->21041K(21184K) NonClass: 18240K(18304K)->18240K(18304K) Class: 2801K(2880K)->2801K(2880K)
[1.199s][info][gc          ] GC(2) Pause Young (Normal) (G1 Evacuation Pause) 130M->77M(2080M) 3.964ms
[1.199s][info][gc,cpu      ] GC(2) User=0.04s Sys=0.01s Real=0.01s
[1.394s][info][gc,start    ] GC(3) Pause Young (Normal) (G1 Evacuation Pause)
[1.394s][info][gc,task     ] GC(3) Using 13 workers of 13 for evacuation
[1.398s][info][gc,phases   ] GC(3)   Pre Evacuate Collection Set: 0.1ms
[1.398s][info][gc,phases   ] GC(3)   Merge Heap Roots: 0.0ms
[1.398s][info][gc,phases   ] GC(3)   Evacuate Collection Set: 4.1ms
[1.398s][info][gc,phases   ] GC(3)   Post Evacuate Collection Set: 0.1ms
[1.398s][info][gc,phases   ] GC(3)   Other: 0.1ms
[1.398s][info][gc,heap     ] GC(3) Eden regions: 5->0(5)
[1.398s][info][gc,heap     ] GC(3) Survivor regions: 1->1(1)
[1.398s][info][gc,heap     ] GC(3) Old regions: 3->5
[1.398s][info][gc,heap     ] GC(3) Archive regions: 2->2
[1.398s][info][gc,heap     ] GC(3) Humongous regions: 0->0
[1.398s][info][gc,metaspace] GC(3) Metaspace: 21117K(21312K)->21117K(21312K) NonClass: 18316K(18432K)->18316K(18432K) Class: 2801K(2880K)->2801K(2880K)
[1.398s][info][gc          ] GC(3) Pause Young (Normal) (G1 Evacuation Pause) 157M->109M(2080M) 4.563ms
[1.398s][info][gc,cpu      ] GC(3) User=0.05s Sys=0.01s Real=0.01s
[1.485s][info][gc,start    ] GC(4) Pause Young (Normal) (G1 Evacuation Pause)
[1.485s][info][gc,task     ] GC(4) Using 13 workers of 13 for evacuation
[1.491s][info][gc,phases   ] GC(4)   Pre Evacuate Collection Set: 0.1ms
[1.491s][info][gc,phases   ] GC(4)   Merge Heap Roots: 0.1ms
[1.491s][info][gc,phases   ] GC(4)   Evacuate Collection Set: 5.3ms
[1.491s][info][gc,phases   ] GC(4)   Post Evacuate Collection Set: 0.2ms
[1.491s][info][gc,phases   ] GC(4)   Other: 0.1ms
[1.491s][info][gc,heap     ] GC(4) Eden regions: 5->0(5)
[1.491s][info][gc,heap     ] GC(4) Survivor regions: 1->1(1)
[1.491s][info][gc,heap     ] GC(4) Old regions: 5->8
[1.491s][info][gc,heap     ] GC(4) Archive regions: 2->2
[1.491s][info][gc,heap     ] GC(4) Humongous regions: 0->0
[1.491s][info][gc,metaspace] GC(4) Metaspace: 21145K(21376K)->21145K(21376K) NonClass: 18343K(18496K)->18343K(18496K) Class: 2801K(2880K)->2801K(2880K)
[1.491s][info][gc          ] GC(4) Pause Young (Normal) (G1 Evacuation Pause) 189M->145M(2080M) 5.809ms
[1.491s][info][gc,cpu      ] GC(4) User=0.08s Sys=0.01s Real=0.01s
[1.625s][info][gc,start    ] GC(5) Pause Young (Normal) (G1 Evacuation Pause)
[1.625s][info][gc,task     ] GC(5) Using 13 workers of 13 for evacuation
[1.630s][info][gc,phases   ] GC(5)   Pre Evacuate Collection Set: 0.0ms
[1.630s][info][gc,phases   ] GC(5)   Merge Heap Roots: 0.0ms
[1.630s][info][gc,phases   ] GC(5)   Evacuate Collection Set: 4.9ms
[1.630s][info][gc,phases   ] GC(5)   Post Evacuate Collection Set: 0.4ms
[1.630s][info][gc,phases   ] GC(5)   Other: 0.1ms
[1.630s][info][gc,heap     ] GC(5) Eden regions: 5->0(8)
[1.630s][info][gc,heap     ] GC(5) Survivor regions: 1->1(1)
[1.630s][info][gc,heap     ] GC(5) Old regions: 8->10
[1.630s][info][gc,heap     ] GC(5) Archive regions: 2->2
[1.630s][info][gc,heap     ] GC(5) Humongous regions: 0->0
[1.630s][info][gc,metaspace] GC(5) Metaspace: 21241K(21440K)->21241K(21440K) NonClass: 18439K(18560K)->18439K(18560K) Class: 2801K(2880K)->2801K(2880K)
[1.630s][info][gc          ] GC(5) Pause Young (Normal) (G1 Evacuation Pause) 225M->181M(2800M) 5.452ms
[1.630s][info][gc,cpu      ] GC(5) User=0.07s Sys=0.01s Real=0.01s
[1.703s][info][gc,start    ] GC(6) Pause Young (Normal) (G1 Evacuation Pause)
[1.703s][info][gc,task     ] GC(6) Using 13 workers of 13 for evacuation
[1.710s][info][gc,phases   ] GC(6)   Pre Evacuate Collection Set: 0.1ms
[1.710s][info][gc,phases   ] GC(6)   Merge Heap Roots: 0.0ms
[1.710s][info][gc,phases   ] GC(6)   Evacuate Collection Set: 7.2ms
[1.710s][info][gc,phases   ] GC(6)   Post Evacuate Collection Set: 0.1ms
[1.710s][info][gc,phases   ] GC(6)   Other: 0.1ms
[1.710s][info][gc,heap     ] GC(6) Eden regions: 8->0(8)
[1.710s][info][gc,heap     ] GC(6) Survivor regions: 1->2(2)
[1.710s][info][gc,heap     ] GC(6) Old regions: 10->12
[1.710s][info][gc,heap     ] GC(6) Archive regions: 2->2
[1.710s][info][gc,heap     ] GC(6) Humongous regions: 0->0
[1.710s][info][gc,metaspace] GC(6) Metaspace: 21252K(21440K)->21252K(21440K) NonClass: 18449K(18560K)->18449K(18560K) Class: 2802K(2880K)->2802K(2880K)
[1.710s][info][gc          ] GC(6) Pause Young (Normal) (G1 Evacuation Pause) 309M->233M(2800M) 7.621ms
[1.710s][info][gc,cpu      ] GC(6) User=0.10s Sys=0.02s Real=0.01s
[1.724s][info][gc,start    ] GC(7) Pause Young (Concurrent Start) (Metadata GC Threshold)
[1.724s][info][gc,task     ] GC(7) Using 13 workers of 13 for evacuation
[1.728s][info][gc,phases   ] GC(7)   Pre Evacuate Collection Set: 0.1ms
[1.728s][info][gc,phases   ] GC(7)   Merge Heap Roots: 0.0ms
[1.728s][info][gc,phases   ] GC(7)   Evacuate Collection Set: 4.0ms
[1.728s][info][gc,phases   ] GC(7)   Post Evacuate Collection Set: 0.2ms
[1.728s][info][gc,phases   ] GC(7)   Other: 0.1ms
[1.728s][info][gc,heap     ] GC(7) Eden regions: 2->0(10)
[1.728s][info][gc,heap     ] GC(7) Survivor regions: 2->1(2)
[1.728s][info][gc,heap     ] GC(7) Old regions: 12->14
[1.728s][info][gc,heap     ] GC(7) Archive regions: 2->2
[1.728s][info][gc,heap     ] GC(7) Humongous regions: 0->0
[1.728s][info][gc,metaspace] GC(7) Metaspace: 21329K(21504K)->21329K(21504K) NonClass: 18510K(18624K)->18510K(18624K) Class: 2818K(2880K)->2818K(2880K)
[1.728s][info][gc          ] GC(7) Pause Young (Concurrent Start) (Metadata GC Threshold) 255M->246M(2800M) 4.415ms
[1.728s][info][gc,cpu      ] GC(7) User=0.05s Sys=0.01s Real=0.01s
[1.728s][info][gc          ] GC(8) Concurrent Mark Cycle
[1.728s][info][gc,marking  ] GC(8) Concurrent Clear Claimed Marks
[1.728s][info][gc,marking  ] GC(8) Concurrent Clear Claimed Marks 0.014ms
[1.728s][info][gc,marking  ] GC(8) Concurrent Scan Root Regions
[1.734s][info][gc,marking  ] GC(8) Concurrent Scan Root Regions 6.102ms
[1.734s][info][gc,marking  ] GC(8) Concurrent Mark
[1.734s][info][gc,marking  ] GC(8) Concurrent Mark From Roots
[1.734s][info][gc,task     ] GC(8) Using 3 workers of 3 for marking
[1.781s][info][gc,marking  ] GC(8) Concurrent Mark From Roots 46.590ms
[1.781s][info][gc,marking  ] GC(8) Concurrent Preclean
[1.781s][info][gc,marking  ] GC(8) Concurrent Preclean 0.084ms
[1.781s][info][gc,start    ] GC(8) Pause Remark
[1.784s][info][gc          ] GC(8) Pause Remark 260M->260M(960M) 2.340ms
[1.784s][info][gc,cpu      ] GC(8) User=0.02s Sys=0.01s Real=0.00s
[1.784s][info][gc,marking  ] GC(8) Concurrent Mark 49.364ms
[1.784s][info][gc,marking  ] GC(8) Concurrent Rebuild Remembered Sets
[1.821s][info][gc,marking  ] GC(8) Concurrent Rebuild Remembered Sets 36.909ms
[1.821s][info][gc,start    ] GC(8) Pause Cleanup
[1.821s][info][gc          ] GC(8) Pause Cleanup 266M->266M(960M) 0.091ms
[1.821s][info][gc,cpu      ] GC(8) User=0.00s Sys=0.00s Real=0.00s
[1.821s][info][gc,marking  ] GC(8) Concurrent Cleanup for Next Mark
[1.822s][info][gc,marking  ] GC(8) Concurrent Cleanup for Next Mark 1.142ms
[1.822s][info][gc          ] GC(8) Concurrent Mark Cycle 93.933ms
[2.234s][info][gc,start    ] GC(9) Pause Young (Concurrent Start) (G1 Evacuation Pause)
[2.234s][info][gc,task     ] GC(9) Using 13 workers of 13 for evacuation
[2.237s][info][gc,phases   ] GC(9)   Pre Evacuate Collection Set: 0.1ms
[2.237s][info][gc,phases   ] GC(9)   Merge Heap Roots: 0.1ms
[2.237s][info][gc,phases   ] GC(9)   Evacuate Collection Set: 2.5ms
[2.237s][info][gc,phases   ] GC(9)   Post Evacuate Collection Set: 0.3ms
[2.237s][info][gc,phases   ] GC(9)   Other: 0.1ms
[2.237s][info][gc,heap     ] GC(9) Eden regions: 11->0(22)
[2.237s][info][gc,heap     ] GC(9) Survivor regions: 1->2(2)
[2.237s][info][gc,heap     ] GC(9) Old regions: 14->14
[2.237s][info][gc,heap     ] GC(9) Archive regions: 2->2
[2.237s][info][gc,heap     ] GC(9) Humongous regions: 0->0
[2.237s][info][gc,metaspace] GC(9) Metaspace: 35568K(35904K)->35568K(35904K) NonClass: 30332K(30528K)->30332K(30528K) Class: 5235K(5376K)->5235K(5376K)
[2.237s][info][gc          ] GC(9) Pause Young (Concurrent Start) (G1 Evacuation Pause) 422M->254M(960M) 3.159ms
[2.237s][info][gc,cpu      ] GC(9) User=0.02s Sys=0.00s Real=0.00s
[2.237s][info][gc          ] GC(10) Concurrent Mark Cycle
[2.237s][info][gc,marking  ] GC(10) Concurrent Clear Claimed Marks
[2.237s][info][gc,marking  ] GC(10) Concurrent Clear Claimed Marks 0.011ms
[2.237s][info][gc,marking  ] GC(10) Concurrent Scan Root Regions
[2.244s][info][gc,marking  ] GC(10) Concurrent Scan Root Regions 6.511ms
[2.244s][info][gc,marking  ] GC(10) Concurrent Mark
[2.244s][info][gc,marking  ] GC(10) Concurrent Mark From Roots
[2.244s][info][gc,task     ] GC(10) Using 3 workers of 3 for marking
[2.299s][info][gc,marking  ] GC(10) Concurrent Mark From Roots 54.760ms
[2.299s][info][gc,marking  ] GC(10) Concurrent Preclean
[2.299s][info][gc,marking  ] GC(10) Concurrent Preclean 0.107ms
[2.299s][info][gc,start    ] GC(10) Pause Remark
[2.300s][info][gc          ] GC(10) Pause Remark 466M->466M(960M) 1.034ms
[2.300s][info][gc,cpu      ] GC(10) User=0.01s Sys=0.01s Real=0.00s
[2.300s][info][gc,marking  ] GC(10) Concurrent Mark 56.134ms
[2.300s][info][gc,marking  ] GC(10) Concurrent Rebuild Remembered Sets
[2.330s][info][gc,start    ] GC(11) Pause Young (Normal) (G1 Evacuation Pause)
[2.330s][info][gc,task     ] GC(11) Using 13 workers of 13 for evacuation
[2.333s][info][gc,phases   ] GC(11)   Pre Evacuate Collection Set: 0.1ms
[2.333s][info][gc,phases   ] GC(11)   Merge Heap Roots: 0.1ms
[2.333s][info][gc,phases   ] GC(11)   Evacuate Collection Set: 2.4ms
[2.333s][info][gc,phases   ] GC(11)   Post Evacuate Collection Set: 0.3ms
[2.333s][info][gc,phases   ] GC(11)   Other: 0.1ms
[2.333s][info][gc,heap     ] GC(11) Eden regions: 22->0(29)
[2.333s][info][gc,heap     ] GC(11) Survivor regions: 2->2(3)
[2.333s][info][gc,heap     ] GC(11) Old regions: 14->14
[2.333s][info][gc,heap     ] GC(11) Archive regions: 2->2
[2.333s][info][gc,heap     ] GC(11) Humongous regions: 0->0
[2.333s][info][gc,metaspace] GC(11) Metaspace: 35968K(36224K)->35968K(36224K) NonClass: 30718K(30848K)->30718K(30848K) Class: 5249K(5376K)->5249K(5376K)
[2.333s][info][gc          ] GC(11) Pause Young (Normal) (G1 Evacuation Pause) 606M->257M(960M) 3.109ms
[2.333s][info][gc,cpu      ] GC(11) User=0.03s Sys=0.01s Real=0.00s
[2.342s][info][gc,marking  ] GC(10) Concurrent Rebuild Remembered Sets 41.770ms
[2.342s][info][gc,start    ] GC(10) Pause Cleanup
[2.342s][info][gc          ] GC(10) Pause Cleanup 309M->309M(960M) 0.069ms
[2.342s][info][gc,cpu      ] GC(10) User=0.00s Sys=0.00s Real=0.00s
[2.342s][info][gc,marking  ] GC(10) Concurrent Cleanup for Next Mark
[2.343s][info][gc,marking  ] GC(10) Concurrent Cleanup for Next Mark 0.812ms
[2.343s][info][gc          ] GC(10) Concurrent Mark Cycle 105.612ms
[2.409s][info][gc,start    ] GC(12) Pause Young (Normal) (G1 Evacuation Pause)
[2.410s][info][gc,task     ] GC(12) Using 13 workers of 13 for evacuation
[2.412s][info][gc,phases   ] GC(12)   Pre Evacuate Collection Set: 0.1ms
[2.412s][info][gc,phases   ] GC(12)   Merge Heap Roots: 0.1ms
[2.412s][info][gc,phases   ] GC(12)   Evacuate Collection Set: 2.4ms
[2.412s][info][gc,phases   ] GC(12)   Post Evacuate Collection Set: 0.3ms
[2.412s][info][gc,phases   ] GC(12)   Other: 0.1ms
[2.412s][info][gc,heap     ] GC(12) Eden regions: 29->0(31)
[2.412s][info][gc,heap     ] GC(12) Survivor regions: 2->2(4)
[2.412s][info][gc,heap     ] GC(12) Old regions: 14->14
[2.412s][info][gc,heap     ] GC(12) Archive regions: 2->2
[2.412s][info][gc,heap     ] GC(12) Humongous regions: 0->0
[2.412s][info][gc,metaspace] GC(12) Metaspace: 36196K(36480K)->36196K(36480K) NonClass: 30943K(31104K)->30943K(31104K) Class: 5252K(5376K)->5252K(5376K)
[2.412s][info][gc          ] GC(12) Pause Young (Normal) (G1 Evacuation Pause) 721M->258M(960M) 2.979ms
[2.413s][info][gc,cpu      ] GC(12) User=0.03s Sys=0.00s Real=0.00s
[2.493s][info][gc,start    ] GC(13) Pause Young (Normal) (G1 Evacuation Pause)
[2.493s][info][gc,task     ] GC(13) Using 13 workers of 13 for evacuation
[2.497s][info][gc,phases   ] GC(13)   Pre Evacuate Collection Set: 0.1ms
[2.497s][info][gc,phases   ] GC(13)   Merge Heap Roots: 0.1ms
[2.497s][info][gc,phases   ] GC(13)   Evacuate Collection Set: 3.1ms
[2.497s][info][gc,phases   ] GC(13)   Post Evacuate Collection Set: 0.5ms
[2.497s][info][gc,phases   ] GC(13)   Other: 0.1ms
[2.497s][info][gc,heap     ] GC(13) Eden regions: 31->0(51)
[2.497s][info][gc,heap     ] GC(13) Survivor regions: 2->2(5)
[2.497s][info][gc,heap     ] GC(13) Old regions: 14->14
[2.497s][info][gc,heap     ] GC(13) Archive regions: 2->2
[2.497s][info][gc,heap     ] GC(13) Humongous regions: 0->0
[2.497s][info][gc,metaspace] GC(13) Metaspace: 36390K(36672K)->36390K(36672K) NonClass: 31128K(31232K)->31128K(31232K) Class: 5261K(5440K)->5261K(5440K)
[2.497s][info][gc          ] GC(13) Pause Young (Normal) (G1 Evacuation Pause) 754M->259M(1424M) 3.929ms
[2.497s][info][gc,cpu      ] GC(13) User=0.03s Sys=0.00s Real=0.00s
[2.583s][info][gc,start    ] GC(14) Pause Young (Normal) (G1 Evacuation Pause)
[2.583s][info][gc,task     ] GC(14) Using 13 workers of 13 for evacuation
[2.587s][info][gc,phases   ] GC(14)   Pre Evacuate Collection Set: 0.1ms
[2.587s][info][gc,phases   ] GC(14)   Merge Heap Roots: 0.1ms
[2.587s][info][gc,phases   ] GC(14)   Evacuate Collection Set: 3.3ms
[2.587s][info][gc,phases   ] GC(14)   Post Evacuate Collection Set: 0.3ms
[2.587s][info][gc,phases   ] GC(14)   Other: 0.1ms
[2.587s][info][gc,heap     ] GC(14) Eden regions: 51->0(51)
[2.587s][info][gc,heap     ] GC(14) Survivor regions: 2->2(7)
[2.587s][info][gc,heap     ] GC(14) Old regions: 14->14
[2.587s][info][gc,heap     ] GC(14) Archive regions: 2->2
[2.587s][info][gc,heap     ] GC(14) Humongous regions: 0->0
[2.587s][info][gc,metaspace] GC(14) Metaspace: 36593K(36928K)->36593K(36928K) NonClass: 31325K(31488K)->31325K(31488K) Class: 5268K(5440K)->5268K(5440K)
[2.587s][info][gc          ] GC(14) Pause Young (Normal) (G1 Evacuation Pause) 1075M->261M(1424M) 3.966ms
[2.587s][info][gc,cpu      ] GC(14) User=0.04s Sys=0.00s Real=0.00s
[2.663s][info][gc,start    ] GC(15) Pause Young (Normal) (G1 Evacuation Pause)
[2.663s][info][gc,task     ] GC(15) Using 13 workers of 13 for evacuation
[2.668s][info][gc,phases   ] GC(15)   Pre Evacuate Collection Set: 0.1ms
[2.668s][info][gc,phases   ] GC(15)   Merge Heap Roots: 0.1ms
[2.668s][info][gc,phases   ] GC(15)   Evacuate Collection Set: 4.3ms
[2.668s][info][gc,phases   ] GC(15)   Post Evacuate Collection Set: 0.4ms
[2.668s][info][gc,phases   ] GC(15)   Other: 0.1ms
[2.668s][info][gc,heap     ] GC(15) Eden regions: 51->0(51)
[2.668s][info][gc,heap     ] GC(15) Survivor regions: 2->2(7)
[2.668s][info][gc,heap     ] GC(15) Old regions: 14->14
[2.668s][info][gc,heap     ] GC(15) Archive regions: 2->2
[2.668s][info][gc,heap     ] GC(15) Humongous regions: 0->0
[2.668s][info][gc,metaspace] GC(15) Metaspace: 36732K(37056K)->36732K(37056K) NonClass: 31462K(31616K)->31462K(31616K) Class: 5270K(5440K)->5270K(5440K)
[2.668s][info][gc          ] GC(15) Pause Young (Normal) (G1 Evacuation Pause) 1077M->260M(1424M) 4.985ms
[2.668s][info][gc,cpu      ] GC(15) User=0.05s Sys=0.00s Real=0.00s
[2.735s][info][gc,start    ] GC(16) Pause Young (Normal) (G1 Evacuation Pause)
[2.736s][info][gc,task     ] GC(16) Using 13 workers of 13 for evacuation
[2.740s][info][gc,phases   ] GC(16)   Pre Evacuate Collection Set: 0.1ms
[2.740s][info][gc,phases   ] GC(16)   Merge Heap Roots: 0.2ms
[2.740s][info][gc,phases   ] GC(16)   Evacuate Collection Set: 3.7ms
[2.740s][info][gc,phases   ] GC(16)   Post Evacuate Collection Set: 0.3ms
[2.740s][info][gc,phases   ] GC(16)   Other: 0.1ms
[2.740s][info][gc,heap     ] GC(16) Eden regions: 51->0(51)
[2.740s][info][gc,heap     ] GC(16) Survivor regions: 2->2(7)
[2.740s][info][gc,heap     ] GC(16) Old regions: 14->14
[2.740s][info][gc,heap     ] GC(16) Archive regions: 2->2
[2.740s][info][gc,heap     ] GC(16) Humongous regions: 0->0
[2.740s][info][gc,metaspace] GC(16) Metaspace: 36791K(37120K)->36791K(37120K) NonClass: 31519K(31680K)->31519K(31680K) Class: 5271K(5440K)->5271K(5440K)
[2.740s][info][gc          ] GC(16) Pause Young (Normal) (G1 Evacuation Pause) 1076M->261M(1424M) 4.485ms
[2.740s][info][gc,cpu      ] GC(16) User=0.06s Sys=0.00s Real=0.01s
[2.852s][info][gc,start    ] GC(17) Pause Young (Normal) (G1 Evacuation Pause)
[2.852s][info][gc,task     ] GC(17) Using 13 workers of 13 for evacuation
[2.859s][info][gc,phases   ] GC(17)   Pre Evacuate Collection Set: 0.1ms
[2.859s][info][gc,phases   ] GC(17)   Merge Heap Roots: 0.2ms
[2.859s][info][gc,phases   ] GC(17)   Evacuate Collection Set: 5.3ms
[2.859s][info][gc,phases   ] GC(17)   Post Evacuate Collection Set: 0.6ms
[2.859s][info][gc,phases   ] GC(17)   Other: 0.1ms
[2.859s][info][gc,heap     ] GC(17) Eden regions: 51->0(80)
[2.859s][info][gc,heap     ] GC(17) Survivor regions: 2->2(7)
[2.859s][info][gc,heap     ] GC(17) Old regions: 14->14
[2.859s][info][gc,heap     ] GC(17) Archive regions: 2->2
[2.859s][info][gc,heap     ] GC(17) Humongous regions: 0->0
[2.859s][info][gc,metaspace] GC(17) Metaspace: 36930K(37248K)->36930K(37248K) NonClass: 31653K(31808K)->31653K(31808K) Class: 5276K(5440K)->5276K(5440K)
[2.859s][info][gc          ] GC(17) Pause Young (Normal) (G1 Evacuation Pause) 1077M->263M(2192M) 6.439ms
[2.859s][info][gc,cpu      ] GC(17) User=0.06s Sys=0.00s Real=0.01s
[3.047s][info][gc,start    ] GC(18) Pause Young (Normal) (G1 Evacuation Pause)
[3.047s][info][gc,task     ] GC(18) Using 13 workers of 13 for evacuation
[3.053s][info][gc,phases   ] GC(18)   Pre Evacuate Collection Set: 0.1ms
[3.053s][info][gc,phases   ] GC(18)   Merge Heap Roots: 0.1ms
[3.053s][info][gc,phases   ] GC(18)   Evacuate Collection Set: 4.9ms
[3.053s][info][gc,phases   ] GC(18)   Post Evacuate Collection Set: 0.5ms
[3.053s][info][gc,phases   ] GC(18)   Other: 0.1ms
[3.053s][info][gc,heap     ] GC(18) Eden regions: 80->0(79)
[3.053s][info][gc,heap     ] GC(18) Survivor regions: 2->3(11)
[3.053s][info][gc,heap     ] GC(18) Old regions: 14->14
[3.053s][info][gc,heap     ] GC(18) Archive regions: 2->2
[3.053s][info][gc,heap     ] GC(18) Humongous regions: 0->0
[3.053s][info][gc,metaspace] GC(18) Metaspace: 36997K(37312K)->36997K(37312K) NonClass: 31714K(31872K)->31714K(31872K) Class: 5283K(5440K)->5283K(5440K)
[3.053s][info][gc          ] GC(18) Pause Young (Normal) (G1 Evacuation Pause) 1543M->271M(2192M) 5.784ms
[3.053s][info][gc,cpu      ] GC(18) User=0.06s Sys=0.00s Real=0.01s
[3.144s][info][gc,start    ] GC(19) Pause Young (Normal) (G1 Evacuation Pause)
[3.144s][info][gc,task     ] GC(19) Using 13 workers of 13 for evacuation
[3.151s][info][gc,phases   ] GC(19)   Pre Evacuate Collection Set: 0.1ms
[3.151s][info][gc,phases   ] GC(19)   Merge Heap Roots: 0.2ms
[3.151s][info][gc,phases   ] GC(19)   Evacuate Collection Set: 5.5ms
[3.151s][info][gc,phases   ] GC(19)   Post Evacuate Collection Set: 0.4ms
[3.151s][info][gc,phases   ] GC(19)   Other: 0.1ms
[3.151s][info][gc,heap     ] GC(19) Eden regions: 79->0(79)
[3.151s][info][gc,heap     ] GC(19) Survivor regions: 3->3(11)
[3.151s][info][gc,heap     ] GC(19) Old regions: 14->14
[3.151s][info][gc,heap     ] GC(19) Archive regions: 2->2
[3.151s][info][gc,heap     ] GC(19) Humongous regions: 0->0
[3.151s][info][gc,metaspace] GC(19) Metaspace: 37050K(37376K)->37050K(37376K) NonClass: 31765K(31936K)->31765K(31936K) Class: 5284K(5440K)->5284K(5440K)
[3.151s][info][gc          ] GC(19) Pause Young (Normal) (G1 Evacuation Pause) 1535M->274M(2192M) 6.335ms
[3.151s][info][gc,cpu      ] GC(19) User=0.07s Sys=0.00s Real=0.01s
[3.250s][info][gc,start    ] GC(20) Pause Young (Normal) (G1 Evacuation Pause)
[3.250s][info][gc,task     ] GC(20) Using 13 workers of 13 for evacuation
[3.257s][info][gc,phases   ] GC(20)   Pre Evacuate Collection Set: 0.1ms
[3.258s][info][gc,phases   ] GC(20)   Merge Heap Roots: 0.2ms
[3.258s][info][gc,phases   ] GC(20)   Evacuate Collection Set: 6.8ms
[3.258s][info][gc,phases   ] GC(20)   Post Evacuate Collection Set: 0.4ms
[3.258s][info][gc,phases   ] GC(20)   Other: 0.1ms
[3.258s][info][gc,heap     ] GC(20) Eden regions: 79->0(79)
[3.258s][info][gc,heap     ] GC(20) Survivor regions: 3->3(11)
[3.258s][info][gc,heap     ] GC(20) Old regions: 14->14
[3.258s][info][gc,heap     ] GC(20) Archive regions: 2->2
[3.258s][info][gc,heap     ] GC(20) Humongous regions: 0->0
[3.258s][info][gc,metaspace] GC(20) Metaspace: 37105K(37376K)->37105K(37376K) NonClass: 31819K(31936K)->31819K(31936K) Class: 5285K(5440K)->5285K(5440K)
[3.258s][info][gc          ] GC(20) Pause Young (Normal) (G1 Evacuation Pause) 1538M->275M(2192M) 7.622ms
[3.258s][info][gc,cpu      ] GC(20) User=0.08s Sys=0.00s Real=0.00s
[3.387s][info][gc,start    ] GC(21) Pause Young (Normal) (G1 Evacuation Pause)
[3.387s][info][gc,task     ] GC(21) Using 13 workers of 13 for evacuation
[3.395s][info][gc,phases   ] GC(21)   Pre Evacuate Collection Set: 0.1ms
[3.395s][info][gc,phases   ] GC(21)   Merge Heap Roots: 0.2ms
[3.395s][info][gc,phases   ] GC(21)   Evacuate Collection Set: 6.8ms
[3.395s][info][gc,phases   ] GC(21)   Post Evacuate Collection Set: 1.0ms
[3.395s][info][gc,phases   ] GC(21)   Other: 0.1ms
[3.395s][info][gc,heap     ] GC(21) Eden regions: 79->0(124)
[3.395s][info][gc,heap     ] GC(21) Survivor regions: 3->3(11)
[3.395s][info][gc,heap     ] GC(21) Old regions: 14->14
[3.395s][info][gc,heap     ] GC(21) Archive regions: 2->2
[3.395s][info][gc,heap     ] GC(21) Humongous regions: 0->0
[3.395s][info][gc,metaspace] GC(21) Metaspace: 37211K(37504K)->37211K(37504K) NonClass: 31921K(32064K)->31921K(32064K) Class: 5290K(5440K)->5290K(5440K)
[3.395s][info][gc          ] GC(21) Pause Young (Normal) (G1 Evacuation Pause) 1539M->276M(3408M) 8.157ms
[3.395s][info][gc,cpu      ] GC(21) User=0.08s Sys=0.00s Real=0.01s
[3.569s][info][gc,start    ] GC(22) Pause Young (Normal) (G1 Evacuation Pause)
[3.570s][info][gc,task     ] GC(22) Using 13 workers of 13 for evacuation
[3.576s][info][gc,phases   ] GC(22)   Pre Evacuate Collection Set: 0.1ms
[3.576s][info][gc,phases   ] GC(22)   Merge Heap Roots: 0.2ms
[3.576s][info][gc,phases   ] GC(22)   Evacuate Collection Set: 5.2ms
[3.576s][info][gc,phases   ] GC(22)   Post Evacuate Collection Set: 0.6ms
[3.576s][info][gc,phases   ] GC(22)   Other: 0.1ms
[3.576s][info][gc,heap     ] GC(22) Eden regions: 124->0(124)
[3.576s][info][gc,heap     ] GC(22) Survivor regions: 3->3(16)
[3.576s][info][gc,heap     ] GC(22) Old regions: 14->14
[3.576s][info][gc,heap     ] GC(22) Archive regions: 2->2
[3.576s][info][gc,heap     ] GC(22) Humongous regions: 0->0
[3.576s][info][gc,metaspace] GC(22) Metaspace: 37297K(37632K)->37297K(37632K) NonClass: 32006K(32192K)->32006K(32192K) Class: 5290K(5440K)->5290K(5440K)
[3.576s][info][gc          ] GC(22) Pause Young (Normal) (G1 Evacuation Pause) 2260M->271M(3408M) 6.259ms
[3.576s][info][gc,cpu      ] GC(22) User=0.06s Sys=0.00s Real=0.00s
[3.755s][info][gc,start    ] GC(23) Pause Young (Normal) (G1 Evacuation Pause)
[3.755s][info][gc,task     ] GC(23) Using 13 workers of 13 for evacuation
[3.763s][info][gc,phases   ] GC(23)   Pre Evacuate Collection Set: 0.1ms
[3.763s][info][gc,phases   ] GC(23)   Merge Heap Roots: 0.3ms
[3.763s][info][gc,phases   ] GC(23)   Evacuate Collection Set: 7.5ms
[3.763s][info][gc,phases   ] GC(23)   Post Evacuate Collection Set: 0.6ms
[3.763s][info][gc,phases   ] GC(23)   Other: 0.1ms
[3.763s][info][gc,heap     ] GC(23) Eden regions: 124->0(124)
[3.763s][info][gc,heap     ] GC(23) Survivor regions: 3->3(16)
[3.763s][info][gc,heap     ] GC(23) Old regions: 14->14
[3.763s][info][gc,heap     ] GC(23) Archive regions: 2->2
[3.763s][info][gc,heap     ] GC(23) Humongous regions: 0->0
[3.763s][info][gc,metaspace] GC(23) Metaspace: 37344K(37696K)->37344K(37696K) NonClass: 32052K(32256K)->32052K(32256K) Class: 5292K(5440K)->5292K(5440K)
[3.763s][info][gc          ] GC(23) Pause Young (Normal) (G1 Evacuation Pause) 2255M->279M(3408M) 8.635ms
[3.763s][info][gc,cpu      ] GC(23) User=0.09s Sys=0.01s Real=0.01s
[3.886s][info][gc,start    ] GC(24) Pause Young (Normal) (G1 Evacuation Pause)
[3.887s][info][gc,task     ] GC(24) Using 13 workers of 13 for evacuation
[3.896s][info][gc,phases   ] GC(24)   Pre Evacuate Collection Set: 0.1ms
[3.896s][info][gc,phases   ] GC(24)   Merge Heap Roots: 0.3ms
[3.896s][info][gc,phases   ] GC(24)   Evacuate Collection Set: 8.2ms
[3.896s][info][gc,phases   ] GC(24)   Post Evacuate Collection Set: 0.6ms
[3.896s][info][gc,phases   ] GC(24)   Other: 0.1ms
[3.896s][info][gc,heap     ] GC(24) Eden regions: 124->0(124)
[3.896s][info][gc,heap     ] GC(24) Survivor regions: 3->3(16)
[3.896s][info][gc,heap     ] GC(24) Old regions: 14->15
[3.896s][info][gc,heap     ] GC(24) Archive regions: 2->2
[3.896s][info][gc,heap     ] GC(24) Humongous regions: 0->0
[3.896s][info][gc,metaspace] GC(24) Metaspace: 37392K(37696K)->37392K(37696K) NonClass: 32099K(32256K)->32099K(32256K) Class: 5292K(5440K)->5292K(5440K)
[3.896s][info][gc          ] GC(24) Pause Young (Normal) (G1 Evacuation Pause) 2263M->279M(3408M) 9.345ms
[3.896s][info][gc,cpu      ] GC(24) User=0.08s Sys=0.00s Real=0.01s
[4.034s][info][gc,start    ] GC(25) Pause Young (Normal) (G1 Evacuation Pause)
[4.034s][info][gc,task     ] GC(25) Using 13 workers of 13 for evacuation
[4.044s][info][gc,phases   ] GC(25)   Pre Evacuate Collection Set: 0.1ms
[4.044s][info][gc,phases   ] GC(25)   Merge Heap Roots: 0.3ms
[4.044s][info][gc,phases   ] GC(25)   Evacuate Collection Set: 8.9ms
[4.044s][info][gc,phases   ] GC(25)   Post Evacuate Collection Set: 1.1ms
[4.044s][info][gc,phases   ] GC(25)   Other: 0.1ms
[4.044s][info][gc,heap     ] GC(25) Eden regions: 124->0(183)
[4.044s][info][gc,heap     ] GC(25) Survivor regions: 3->2(16)
[4.044s][info][gc,heap     ] GC(25) Old regions: 15->15
[4.044s][info][gc,heap     ] GC(25) Archive regions: 2->2
[4.044s][info][gc,heap     ] GC(25) Humongous regions: 0->0
[4.044s][info][gc,metaspace] GC(25) Metaspace: 37451K(37760K)->37451K(37760K) NonClass: 32157K(32320K)->32157K(32320K) Class: 5293K(5440K)->5293K(5440K)
[4.044s][info][gc          ] GC(25) Pause Young (Normal) (G1 Evacuation Pause) 2263M->282M(4944M) 10.469ms
[4.044s][info][gc,cpu      ] GC(25) User=0.09s Sys=0.01s Real=0.01s
[4.292s][info][gc,start    ] GC(26) Pause Young (Normal) (G1 Evacuation Pause)
[4.292s][info][gc,task     ] GC(26) Using 13 workers of 13 for evacuation
[4.299s][info][gc,phases   ] GC(26)   Pre Evacuate Collection Set: 0.1ms
[4.299s][info][gc,phases   ] GC(26)   Merge Heap Roots: 0.5ms
[4.299s][info][gc,phases   ] GC(26)   Evacuate Collection Set: 5.9ms
[4.299s][info][gc,phases   ] GC(26)   Post Evacuate Collection Set: 0.6ms
[4.299s][info][gc,phases   ] GC(26)   Other: 0.1ms
[4.299s][info][gc,heap     ] GC(26) Eden regions: 183->0(182)
[4.299s][info][gc,heap     ] GC(26) Survivor regions: 2->3(24)
[4.299s][info][gc,heap     ] GC(26) Old regions: 15->16
[4.299s][info][gc,heap     ] GC(26) Archive regions: 2->2
[4.299s][info][gc,heap     ] GC(26) Humongous regions: 0->0
[4.299s][info][gc,metaspace] GC(26) Metaspace: 37558K(37888K)->37558K(37888K) NonClass: 32264K(32448K)->32264K(32448K) Class: 5294K(5440K)->5294K(5440K)
[4.299s][info][gc          ] GC(26) Pause Young (Normal) (G1 Evacuation Pause) 3210M->285M(4944M) 7.297ms
[4.299s][info][gc,cpu      ] GC(26) User=0.08s Sys=0.00s Real=0.01s
[4.493s][info][gc,start    ] GC(27) Pause Young (Normal) (G1 Evacuation Pause)
[4.493s][info][gc,task     ] GC(27) Using 13 workers of 13 for evacuation
[4.501s][info][gc,phases   ] GC(27)   Pre Evacuate Collection Set: 0.1ms
[4.501s][info][gc,phases   ] GC(27)   Merge Heap Roots: 0.4ms
[4.501s][info][gc,phases   ] GC(27)   Evacuate Collection Set: 7.1ms
[4.501s][info][gc,phases   ] GC(27)   Post Evacuate Collection Set: 0.7ms
[4.501s][info][gc,phases   ] GC(27)   Other: 0.1ms
[4.501s][info][gc,heap     ] GC(27) Eden regions: 182->0(182)
[4.501s][info][gc,heap     ] GC(27) Survivor regions: 3->3(24)
[4.501s][info][gc,heap     ] GC(27) Old regions: 16->16
[4.501s][info][gc,heap     ] GC(27) Archive regions: 2->2
[4.501s][info][gc,heap     ] GC(27) Humongous regions: 0->0
[4.501s][info][gc,metaspace] GC(27) Metaspace: 37594K(37952K)->37594K(37952K) NonClass: 32299K(32448K)->32299K(32448K) Class: 5295K(5504K)->5295K(5504K)
[4.501s][info][gc          ] GC(27) Pause Young (Normal) (G1 Evacuation Pause) 3197M->291M(4944M) 8.371ms
[4.501s][info][gc,cpu      ] GC(27) User=0.11s Sys=0.00s Real=0.01s
[4.698s][info][gc,start    ] GC(28) Pause Young (Normal) (G1 Evacuation Pause)
[4.698s][info][gc,task     ] GC(28) Using 13 workers of 13 for evacuation
[4.706s][info][gc,phases   ] GC(28)   Pre Evacuate Collection Set: 0.1ms
[4.706s][info][gc,phases   ] GC(28)   Merge Heap Roots: 0.4ms
[4.706s][info][gc,phases   ] GC(28)   Evacuate Collection Set: 7.1ms
[4.706s][info][gc,phases   ] GC(28)   Post Evacuate Collection Set: 0.7ms
[4.706s][info][gc,phases   ] GC(28)   Other: 0.1ms
[4.706s][info][gc,heap     ] GC(28) Eden regions: 182->0(182)
[4.706s][info][gc,heap     ] GC(28) Survivor regions: 3->3(24)
[4.706s][info][gc,heap     ] GC(28) Old regions: 16->16
[4.706s][info][gc,heap     ] GC(28) Archive regions: 2->2
[4.706s][info][gc,heap     ] GC(28) Humongous regions: 0->0
[4.706s][info][gc,metaspace] GC(28) Metaspace: 37612K(37952K)->37612K(37952K) NonClass: 32317K(32448K)->32317K(32448K) Class: 5295K(5504K)->5295K(5504K)
[4.706s][info][gc          ] GC(28) Pause Young (Normal) (G1 Evacuation Pause) 3203M->292M(4944M) 8.447ms
[4.706s][info][gc,cpu      ] GC(28) User=0.11s Sys=0.00s Real=0.01s
[4.917s][info][gc,start    ] GC(29) Pause Young (Normal) (G1 Evacuation Pause)
[4.917s][info][gc,task     ] GC(29) Using 13 workers of 13 for evacuation
[4.927s][info][gc,phases   ] GC(29)   Pre Evacuate Collection Set: 0.1ms
[4.927s][info][gc,phases   ] GC(29)   Merge Heap Roots: 0.4ms
[4.927s][info][gc,phases   ] GC(29)   Evacuate Collection Set: 8.2ms
[4.927s][info][gc,phases   ] GC(29)   Post Evacuate Collection Set: 1.2ms
[4.927s][info][gc,phases   ] GC(29)   Other: 0.1ms
[4.927s][info][gc,heap     ] GC(29) Eden regions: 182->0(230)
[4.927s][info][gc,heap     ] GC(29) Survivor regions: 3->3(24)
[4.927s][info][gc,heap     ] GC(29) Old regions: 16->16
[4.927s][info][gc,heap     ] GC(29) Archive regions: 2->2
[4.927s][info][gc,heap     ] GC(29) Humongous regions: 0->0
[4.927s][info][gc,metaspace] GC(29) Metaspace: 37686K(38080K)->37686K(38080K) NonClass: 32391K(32576K)->32391K(32576K) Class: 5295K(5504K)->5295K(5504K)
[4.927s][info][gc          ] GC(29) Pause Young (Normal) (G1 Evacuation Pause) 3204M->299M(6224M) 10.122ms
[4.927s][info][gc,cpu      ] GC(29) User=0.14s Sys=0.00s Real=0.01s
[5.191s][info][gc,start    ] GC(30) Pause Young (Normal) (G1 Evacuation Pause)
[5.191s][info][gc,task     ] GC(30) Using 13 workers of 13 for evacuation
[5.201s][info][gc,phases   ] GC(30)   Pre Evacuate Collection Set: 0.1ms
[5.201s][info][gc,phases   ] GC(30)   Merge Heap Roots: 0.4ms
[5.201s][info][gc,phases   ] GC(30)   Evacuate Collection Set: 8.1ms
[5.201s][info][gc,phases   ] GC(30)   Post Evacuate Collection Set: 0.8ms
[5.201s][info][gc,phases   ] GC(30)   Other: 0.1ms
[5.201s][info][gc,heap     ] GC(30) Eden regions: 230->0(230)
[5.201s][info][gc,heap     ] GC(30) Survivor regions: 3->3(30)
[5.201s][info][gc,heap     ] GC(30) Old regions: 16->16
[5.201s][info][gc,heap     ] GC(30) Archive regions: 2->2
[5.201s][info][gc,heap     ] GC(30) Humongous regions: 0->0
[5.201s][info][gc,metaspace] GC(30) Metaspace: 37714K(38080K)->37714K(38080K) NonClass: 32418K(32576K)->32418K(32576K) Class: 5295K(5504K)->5295K(5504K)
[5.201s][info][gc          ] GC(30) Pause Young (Normal) (G1 Evacuation Pause) 3979M->300M(6224M) 9.629ms
[5.201s][info][gc,cpu      ] GC(30) User=0.12s Sys=0.00s Real=0.01s
[5.469s][info][gc,heap,exit] Heap
[5.469s][info][gc,heap,exit]  garbage-first heap   total 6373376K, used 2978612K [0x0000007001000000, 0x000000777f000000)
[5.469s][info][gc,heap,exit]   region size 16384K, 167 young (2736128K), 3 survivors (49152K)
[5.469s][info][gc,heap,exit]  Metaspace       used 38142K, committed 38464K, reserved 1114112K
[5.469s][info][gc,heap,exit]   class space    used 5354K, committed 5504K, reserved 1048576K
